Microsoft Windows [Version 10.0.10586]
(c) 2015 Microsoft Corporation. All rights reserved.

C:\Users\bindu>cd..

C:\Users>c:

C:\Users>cd..

C:\>cd xampp

C:\xampp>cd mysql

C:\xampp\mysql>cd bin

C:\xampp\mysql\bin>
C:\xampp\mysql\bin>mysql -u root
ERROR 2003 (HY000): Can't connect to MySQL server on 'localhost' (10061 "Unknown error")

C:\xampp\mysql\bin>mysql -u root
Welcome to the MariaDB monitor.  Commands end with ; or \g.
Your MariaDB connection id is 2
Server version: 10.1.40-MariaDB mariadb.org binary distribution

Copyright (c) 2000, 2018, Oracle, MariaDB Corporation Ab and others.

Type 'help;' or '\h' for help. Type '\c' to clear the current input statement.

MariaDB [(none)]> show databases;
+--------------------+
| Database           |
+--------------------+
| books              |
| cat                |
| firsteg            |
| information_schema |
| mysql              |
| performance_schema |
| phpmyadmin         |
| shirts_db          |
| test               |
| training           |
+--------------------+
10 rows in set (0.00 sec)

MariaDB [(none)]> use firsteg;
Database changed
MariaDB [firsteg]> show tables;
+-------------------+
| Tables_in_firsteg |
+-------------------+
| books             |
| cats              |
| employees         |
| pastries          |
| pbook             |
| people            |
| tweets            |
+-------------------+
7 rows in set (0.00 sec)

MariaDB [firsteg]> select * from books;
+---------+-----------------------------------------------------+--------------+----------------+---------------+----------------+-------+
| book_id | title                                               | author_fname | author_lname   | released_year | stock_quantity | pages |
+---------+-----------------------------------------------------+--------------+----------------+---------------+----------------+-------+
|       1 | The Namesake                                        | Jhumpa       | Lahiri         |          2003 |             32 |   291 |
|       2 | Norse Mythology                                     | Neil         | Gaiman         |          2016 |             43 |   304 |
|       3 | American Gods                                       | Neil         | Gaiman         |          2001 |             12 |   465 |
|       4 | Interpreter of Maladies                             | Jhumpa       | Lahiri         |          1996 |             97 |   198 |
|       5 | A Hologram for the King: A Novel                    | Dave         | Eggers         |          2012 |            154 |   352 |
|       6 | The Circle                                          | Dave         | Eggers         |          2013 |             26 |   504 |
|       7 | The Amazing Adventures of Kavalier & Clay           | Michael      | Chabon         |          2000 |             68 |   634 |
|       8 | Just Kids                                           | Patti        | Smith          |          2010 |             55 |   304 |
|       9 | A Heartbreaking Work of Staggering Genius           | Dave         | Eggers         |          2001 |            104 |   437 |
|      10 | Coraline                                            | Neil         | Gaiman         |          2003 |            100 |   208 |
|      11 | What We Talk About When We Talk About Love: Stories | Raymond      | Carver         |          1981 |             23 |   176 |
|      12 | Where I'm Calling From: Selected Stories            | Raymond      | Carver         |          1989 |             12 |   526 |
|      13 | White Noise                                         | Don          | DeLillo        |          1985 |             49 |   320 |
|      14 | Cannery Row                                         | John         | Steinbeck      |          1945 |             95 |   181 |
|      15 | Oblivion: Stories                                   | David        | Foster Wallace |          2004 |            172 |   329 |
|      16 | Consider the Lobster                                | David        | Foster Wallace |          2005 |             92 |   343 |
+---------+-----------------------------------------------------+--------------+----------------+---------------+----------------+-------+
16 rows in set (0.03 sec)

MariaDB [firsteg]> select concat(author_fname," ",author_lname)as fullname from books;
+----------------------+
| fullname             |
+----------------------+
| Jhumpa Lahiri        |
| Neil Gaiman          |
| Neil Gaiman          |
| Jhumpa Lahiri        |
| Dave Eggers          |
| Dave Eggers          |
| Michael Chabon       |
| Patti Smith          |
| Dave Eggers          |
| Neil Gaiman          |
| Raymond Carver       |
| Raymond Carver       |
| Don DeLillo          |
| John Steinbeck       |
| David Foster Wallace |
| David Foster Wallace |
+----------------------+
16 rows in set (0.00 sec)

MariaDB [firsteg]> select concat_ws(author_fname,"_",author_lname)as fullname from books;
+----------------------+
| fullname             |
+----------------------+
| _JhumpaLahiri        |
| _NeilGaiman          |
| _NeilGaiman          |
| _JhumpaLahiri        |
| _DaveEggers          |
| _DaveEggers          |
| _MichaelChabon       |
| _PattiSmith          |
| _DaveEggers          |
| _NeilGaiman          |
| _RaymondCarver       |
| _RaymondCarver       |
| _DonDeLillo          |
| _JohnSteinbeck       |
| _DavidFoster Wallace |
| _DavidFoster Wallace |
+----------------------+
16 rows in set (0.00 sec)

MariaDB [firsteg]> select concat_ws("_",author_fname,author_lname)as fullname from books;
+----------------------+
| fullname             |
+----------------------+
| Jhumpa_Lahiri        |
| Neil_Gaiman          |
| Neil_Gaiman          |
| Jhumpa_Lahiri        |
| Dave_Eggers          |
| Dave_Eggers          |
| Michael_Chabon       |
| Patti_Smith          |
| Dave_Eggers          |
| Neil_Gaiman          |
| Raymond_Carver       |
| Raymond_Carver       |
| Don_DeLillo          |
| John_Steinbeck       |
| David_Foster Wallace |
| David_Foster Wallace |
+----------------------+
16 rows in set (0.00 sec)

MariaDB [firsteg]> select * from books;
+---------+-----------------------------------------------------+--------------+----------------+---------------+----------------+-------+
| book_id | title                                               | author_fname | author_lname   | released_year | stock_quantity | pages |
+---------+-----------------------------------------------------+--------------+----------------+---------------+----------------+-------+
|       1 | The Namesake                                        | Jhumpa       | Lahiri         |          2003 |             32 |   291 |
|       2 | Norse Mythology                                     | Neil         | Gaiman         |          2016 |             43 |   304 |
|       3 | American Gods                                       | Neil         | Gaiman         |          2001 |             12 |   465 |
|       4 | Interpreter of Maladies                             | Jhumpa       | Lahiri         |          1996 |             97 |   198 |
|       5 | A Hologram for the King: A Novel                    | Dave         | Eggers         |          2012 |            154 |   352 |
|       6 | The Circle                                          | Dave         | Eggers         |          2013 |             26 |   504 |
|       7 | The Amazing Adventures of Kavalier & Clay           | Michael      | Chabon         |          2000 |             68 |   634 |
|       8 | Just Kids                                           | Patti        | Smith          |          2010 |             55 |   304 |
|       9 | A Heartbreaking Work of Staggering Genius           | Dave         | Eggers         |          2001 |            104 |   437 |
|      10 | Coraline                                            | Neil         | Gaiman         |          2003 |            100 |   208 |
|      11 | What We Talk About When We Talk About Love: Stories | Raymond      | Carver         |          1981 |             23 |   176 |
|      12 | Where I'm Calling From: Selected Stories            | Raymond      | Carver         |          1989 |             12 |   526 |
|      13 | White Noise                                         | Don          | DeLillo        |          1985 |             49 |   320 |
|      14 | Cannery Row                                         | John         | Steinbeck      |          1945 |             95 |   181 |
|      15 | Oblivion: Stories                                   | David        | Foster Wallace |          2004 |            172 |   329 |
|      16 | Consider the Lobster                                | David        | Foster Wallace |          2005 |             92 |   343 |
+---------+-----------------------------------------------------+--------------+----------------+---------------+----------------+-------+
16 rows in set (0.00 sec)

MariaDB [firsteg]> select title,char_length(title) as count from books;
+-----------------------------------------------------+-------+
| title                                               | count |
+-----------------------------------------------------+-------+
| The Namesake                                        |    12 |
| Norse Mythology                                     |    15 |
| American Gods                                       |    13 |
| Interpreter of Maladies                             |    23 |
| A Hologram for the King: A Novel                    |    32 |
| The Circle                                          |    10 |
| The Amazing Adventures of Kavalier & Clay           |    41 |
| Just Kids                                           |     9 |
| A Heartbreaking Work of Staggering Genius           |    41 |
| Coraline                                            |     8 |
| What We Talk About When We Talk About Love: Stories |    51 |
| Where I'm Calling From: Selected Stories            |    40 |
| White Noise                                         |    11 |
| Cannery Row                                         |    11 |
| Oblivion: Stories                                   |    17 |
| Consider the Lobster                                |    20 |
+-----------------------------------------------------+-------+
16 rows in set (0.00 sec)

MariaDB [firsteg]> select title,replace(title,"Name","sri")as changed from books;
+-----------------------------------------------------+-----------------------------------------------------+
| title                                               | changed                                             |
+-----------------------------------------------------+-----------------------------------------------------+
| The Namesake                                        | The srisake                                         |
| Norse Mythology                                     | Norse Mythology                                     |
| American Gods                                       | American Gods                                       |
| Interpreter of Maladies                             | Interpreter of Maladies                             |
| A Hologram for the King: A Novel                    | A Hologram for the King: A Novel                    |
| The Circle                                          | The Circle                                          |
| The Amazing Adventures of Kavalier & Clay           | The Amazing Adventures of Kavalier & Clay           |
| Just Kids                                           | Just Kids                                           |
| A Heartbreaking Work of Staggering Genius           | A Heartbreaking Work of Staggering Genius           |
| Coraline                                            | Coraline                                            |
| What We Talk About When We Talk About Love: Stories | What We Talk About When We Talk About Love: Stories |
| Where I'm Calling From: Selected Stories            | Where I'm Calling From: Selected Stories            |
| White Noise                                         | White Noise                                         |
| Cannery Row                                         | Cannery Row                                         |
| Oblivion: Stories                                   | Oblivion: Stories                                   |
| Consider the Lobster                                | Consider the Lobster                                |
+-----------------------------------------------------+-----------------------------------------------------+
16 rows in set (0.00 sec)

MariaDB [firsteg]> select replace(title,"Name","sri")as changed from books;
+-----------------------------------------------------+
| changed                                             |
+-----------------------------------------------------+
| The srisake                                         |
| Norse Mythology                                     |
| American Gods                                       |
| Interpreter of Maladies                             |
| A Hologram for the King: A Novel                    |
| The Circle                                          |
| The Amazing Adventures of Kavalier & Clay           |
| Just Kids                                           |
| A Heartbreaking Work of Staggering Genius           |
| Coraline                                            |
| What We Talk About When We Talk About Love: Stories |
| Where I'm Calling From: Selected Stories            |
| White Noise                                         |
| Cannery Row                                         |
| Oblivion: Stories                                   |
| Consider the Lobster                                |
+-----------------------------------------------------+
16 rows in set (0.00 sec)

MariaDB [firsteg]> select replace(title,"Name","sri") from books;
+-----------------------------------------------------+
| replace(title,"Name","sri")                         |
+-----------------------------------------------------+
| The srisake                                         |
| Norse Mythology                                     |
| American Gods                                       |
| Interpreter of Maladies                             |
| A Hologram for the King: A Novel                    |
| The Circle                                          |
| The Amazing Adventures of Kavalier & Clay           |
| Just Kids                                           |
| A Heartbreaking Work of Staggering Genius           |
| Coraline                                            |
| What We Talk About When We Talk About Love: Stories |
| Where I'm Calling From: Selected Stories            |
| White Noise                                         |
| Cannery Row                                         |
| Oblivion: Stories                                   |
| Consider the Lobster                                |
+-----------------------------------------------------+
16 rows in set (0.00 sec)

MariaDB [firsteg]> select * from books;
+---------+-----------------------------------------------------+--------------+----------------+---------------+----------------+-------+
| book_id | title                                               | author_fname | author_lname   | released_year | stock_quantity | pages |
+---------+-----------------------------------------------------+--------------+----------------+---------------+----------------+-------+
|       1 | The Namesake                                        | Jhumpa       | Lahiri         |          2003 |             32 |   291 |
|       2 | Norse Mythology                                     | Neil         | Gaiman         |          2016 |             43 |   304 |
|       3 | American Gods                                       | Neil         | Gaiman         |          2001 |             12 |   465 |
|       4 | Interpreter of Maladies                             | Jhumpa       | Lahiri         |          1996 |             97 |   198 |
|       5 | A Hologram for the King: A Novel                    | Dave         | Eggers         |          2012 |            154 |   352 |
|       6 | The Circle                                          | Dave         | Eggers         |          2013 |             26 |   504 |
|       7 | The Amazing Adventures of Kavalier & Clay           | Michael      | Chabon         |          2000 |             68 |   634 |
|       8 | Just Kids                                           | Patti        | Smith          |          2010 |             55 |   304 |
|       9 | A Heartbreaking Work of Staggering Genius           | Dave         | Eggers         |          2001 |            104 |   437 |
|      10 | Coraline                                            | Neil         | Gaiman         |          2003 |            100 |   208 |
|      11 | What We Talk About When We Talk About Love: Stories | Raymond      | Carver         |          1981 |             23 |   176 |
|      12 | Where I'm Calling From: Selected Stories            | Raymond      | Carver         |          1989 |             12 |   526 |
|      13 | White Noise                                         | Don          | DeLillo        |          1985 |             49 |   320 |
|      14 | Cannery Row                                         | John         | Steinbeck      |          1945 |             95 |   181 |
|      15 | Oblivion: Stories                                   | David        | Foster Wallace |          2004 |            172 |   329 |
|      16 | Consider the Lobster                                | David        | Foster Wallace |          2005 |             92 |   343 |
+---------+-----------------------------------------------------+--------------+----------------+---------------+----------------+-------+
16 rows in set (0.00 sec)

MariaDB [firsteg]> select author_fname,author_lname from books order by author_lname;
+--------------+----------------+
| author_fname | author_lname   |
+--------------+----------------+
| Raymond      | Carver         |
| Raymond      | Carver         |
| Michael      | Chabon         |
| Don          | DeLillo        |
| Dave         | Eggers         |
| Dave         | Eggers         |
| Dave         | Eggers         |
| David        | Foster Wallace |
| David        | Foster Wallace |
| Neil         | Gaiman         |
| Neil         | Gaiman         |
| Neil         | Gaiman         |
| Jhumpa       | Lahiri         |
| Jhumpa       | Lahiri         |
| Patti        | Smith          |
| John         | Steinbeck      |
+--------------+----------------+
16 rows in set (0.00 sec)

MariaDB [firsteg]> select author_fname,author_lname from books order by pages;
+--------------+----------------+
| author_fname | author_lname   |
+--------------+----------------+
| Raymond      | Carver         |
| John         | Steinbeck      |
| Jhumpa       | Lahiri         |
| Neil         | Gaiman         |
| Jhumpa       | Lahiri         |
| Neil         | Gaiman         |
| Patti        | Smith          |
| Don          | DeLillo        |
| David        | Foster Wallace |
| David        | Foster Wallace |
| Dave         | Eggers         |
| Dave         | Eggers         |
| Neil         | Gaiman         |
| Dave         | Eggers         |
| Raymond      | Carver         |
| Michael      | Chabon         |
+--------------+----------------+
16 rows in set (0.00 sec)

MariaDB [firsteg]> select author_fname,author_lname from books group by author_lname;
+--------------+----------------+
| author_fname | author_lname   |
+--------------+----------------+
| Raymond      | Carver         |
| Michael      | Chabon         |
| Don          | DeLillo        |
| Dave         | Eggers         |
| David        | Foster Wallace |
| Neil         | Gaiman         |
| Jhumpa       | Lahiri         |
| Patti        | Smith          |
| John         | Steinbeck      |
+--------------+----------------+
9 rows in set (0.00 sec)

MariaDB [firsteg]> select author_fname,author_lname from books group by pages;
+--------------+----------------+
| author_fname | author_lname   |
+--------------+----------------+
| Raymond      | Carver         |
| John         | Steinbeck      |
| Jhumpa       | Lahiri         |
| Neil         | Gaiman         |
| Jhumpa       | Lahiri         |
| Neil         | Gaiman         |
| Don          | DeLillo        |
| David        | Foster Wallace |
| David        | Foster Wallace |
| Dave         | Eggers         |
| Dave         | Eggers         |
| Neil         | Gaiman         |
| Dave         | Eggers         |
| Raymond      | Carver         |
| Michael      | Chabon         |
+--------------+----------------+
15 rows in set (0.00 sec)

MariaDB [firsteg]> select author_fname,author_lname from books group by author_fname;;
+--------------+----------------+
| author_fname | author_lname   |
+--------------+----------------+
| Dave         | Eggers         |
| David        | Foster Wallace |
| Don          | DeLillo        |
| Jhumpa       | Lahiri         |
| John         | Steinbeck      |
| Michael      | Chabon         |
| Neil         | Gaiman         |
| Patti        | Smith          |
| Raymond      | Carver         |
+--------------+----------------+
9 rows in set (0.00 sec)

ERROR: No query specified

MariaDB [firsteg]> select author_fname,author_lname from books limit 5;
+--------------+--------------+
| author_fname | author_lname |
+--------------+--------------+
| Jhumpa       | Lahiri       |
| Neil         | Gaiman       |
| Neil         | Gaiman       |
| Jhumpa       | Lahiri       |
| Dave         | Eggers       |
+--------------+--------------+
5 rows in set (0.00 sec)

MariaDB [firsteg]> select * from books;
+---------+-----------------------------------------------------+--------------+----------------+---------------+----------------+-------+
| book_id | title                                               | author_fname | author_lname   | released_year | stock_quantity | pages |
+---------+-----------------------------------------------------+--------------+----------------+---------------+----------------+-------+
|       1 | The Namesake                                        | Jhumpa       | Lahiri         |          2003 |             32 |   291 |
|       2 | Norse Mythology                                     | Neil         | Gaiman         |          2016 |             43 |   304 |
|       3 | American Gods                                       | Neil         | Gaiman         |          2001 |             12 |   465 |
|       4 | Interpreter of Maladies                             | Jhumpa       | Lahiri         |          1996 |             97 |   198 |
|       5 | A Hologram for the King: A Novel                    | Dave         | Eggers         |          2012 |            154 |   352 |
|       6 | The Circle                                          | Dave         | Eggers         |          2013 |             26 |   504 |
|       7 | The Amazing Adventures of Kavalier & Clay           | Michael      | Chabon         |          2000 |             68 |   634 |
|       8 | Just Kids                                           | Patti        | Smith          |          2010 |             55 |   304 |
|       9 | A Heartbreaking Work of Staggering Genius           | Dave         | Eggers         |          2001 |            104 |   437 |
|      10 | Coraline                                            | Neil         | Gaiman         |          2003 |            100 |   208 |
|      11 | What We Talk About When We Talk About Love: Stories | Raymond      | Carver         |          1981 |             23 |   176 |
|      12 | Where I'm Calling From: Selected Stories            | Raymond      | Carver         |          1989 |             12 |   526 |
|      13 | White Noise                                         | Don          | DeLillo        |          1985 |             49 |   320 |
|      14 | Cannery Row                                         | John         | Steinbeck      |          1945 |             95 |   181 |
|      15 | Oblivion: Stories                                   | David        | Foster Wallace |          2004 |            172 |   329 |
|      16 | Consider the Lobster                                | David        | Foster Wallace |          2005 |             92 |   343 |
+---------+-----------------------------------------------------+--------------+----------------+---------------+----------------+-------+
16 rows in set (0.00 sec)

MariaDB [firsteg]> select count(*) from books;
+----------+
| count(*) |
+----------+
|       16 |
+----------+
1 row in set (0.00 sec)

MariaDB [firsteg]> select count(columns) from books;
ERROR 1054 (42S22): Unknown column 'columns' in 'field list'
MariaDB [firsteg]> select count(pages) from books;
+--------------+
| count(pages) |
+--------------+
|           16 |
+--------------+
1 row in set (0.00 sec)

MariaDB [firsteg]> select count(pages) from books limit 6;
+--------------+
| count(pages) |
+--------------+
|           16 |
+--------------+
1 row in set (0.00 sec)

MariaDB [firsteg]> select count(pages) from books;
+--------------+
| count(pages) |
+--------------+
|           16 |
+--------------+
1 row in set (0.00 sec)

MariaDB [firsteg]> select * from books;
+---------+-----------------------------------------------------+--------------+----------------+---------------+----------------+-------+
| book_id | title                                               | author_fname | author_lname   | released_year | stock_quantity | pages |
+---------+-----------------------------------------------------+--------------+----------------+---------------+----------------+-------+
|       1 | The Namesake                                        | Jhumpa       | Lahiri         |          2003 |             32 |   291 |
|       2 | Norse Mythology                                     | Neil         | Gaiman         |          2016 |             43 |   304 |
|       3 | American Gods                                       | Neil         | Gaiman         |          2001 |             12 |   465 |
|       4 | Interpreter of Maladies                             | Jhumpa       | Lahiri         |          1996 |             97 |   198 |
|       5 | A Hologram for the King: A Novel                    | Dave         | Eggers         |          2012 |            154 |   352 |
|       6 | The Circle                                          | Dave         | Eggers         |          2013 |             26 |   504 |
|       7 | The Amazing Adventures of Kavalier & Clay           | Michael      | Chabon         |          2000 |             68 |   634 |
|       8 | Just Kids                                           | Patti        | Smith          |          2010 |             55 |   304 |
|       9 | A Heartbreaking Work of Staggering Genius           | Dave         | Eggers         |          2001 |            104 |   437 |
|      10 | Coraline                                            | Neil         | Gaiman         |          2003 |            100 |   208 |
|      11 | What We Talk About When We Talk About Love: Stories | Raymond      | Carver         |          1981 |             23 |   176 |
|      12 | Where I'm Calling From: Selected Stories            | Raymond      | Carver         |          1989 |             12 |   526 |
|      13 | White Noise                                         | Don          | DeLillo        |          1985 |             49 |   320 |
|      14 | Cannery Row                                         | John         | Steinbeck      |          1945 |             95 |   181 |
|      15 | Oblivion: Stories                                   | David        | Foster Wallace |          2004 |            172 |   329 |
|      16 | Consider the Lobster                                | David        | Foster Wallace |          2005 |             92 |   343 |
+---------+-----------------------------------------------------+--------------+----------------+---------------+----------------+-------+
16 rows in set (0.00 sec)

MariaDB [firsteg]> select count(distinct columnname) from books;
ERROR 1054 (42S22): Unknown column 'columnname' in 'field list'
MariaDB [firsteg]> select count(distinct column_name) from books;
ERROR 1054 (42S22): Unknown column 'column_name' in 'field list'
MariaDB [firsteg]> select count(DISTINCT column_name) from books;
ERROR 1054 (42S22): Unknown column 'column_name' in 'field list'
MariaDB [firsteg]> select count(DISTINCT column_names) from books;
ERROR 1054 (42S22): Unknown column 'column_names' in 'field list'
MariaDB [firsteg]> select count(DISTINCT columnnames) from books;
ERROR 1054 (42S22): Unknown column 'columnnames' in 'field list'
MariaDB [firsteg]> select count(DISTINCT column names) from books;
ERROR 1064 (42000): You have an error in your SQL syntax; check the manual that corresponds to your MariaDB server version for the right syntax to use near 'column names) from books' at line 1
MariaDB [firsteg]> select count(DISTINCT columns) from books;
ERROR 1054 (42S22): Unknown column 'columns' in 'field list'
MariaDB [firsteg]> select count(DISTINCT released_year) from books;
+-------------------------------+
| count(DISTINCT released_year) |
+-------------------------------+
|                            14 |
+-------------------------------+
1 row in set (0.00 sec)

MariaDB [firsteg]> select * from books;
+---------+-----------------------------------------------------+--------------+----------------+---------------+----------------+-------+
| book_id | title                                               | author_fname | author_lname   | released_year | stock_quantity | pages |
+---------+-----------------------------------------------------+--------------+----------------+---------------+----------------+-------+
|       1 | The Namesake                                        | Jhumpa       | Lahiri         |          2003 |             32 |   291 |
|       2 | Norse Mythology                                     | Neil         | Gaiman         |          2016 |             43 |   304 |
|       3 | American Gods                                       | Neil         | Gaiman         |          2001 |             12 |   465 |
|       4 | Interpreter of Maladies                             | Jhumpa       | Lahiri         |          1996 |             97 |   198 |
|       5 | A Hologram for the King: A Novel                    | Dave         | Eggers         |          2012 |            154 |   352 |
|       6 | The Circle                                          | Dave         | Eggers         |          2013 |             26 |   504 |
|       7 | The Amazing Adventures of Kavalier & Clay           | Michael      | Chabon         |          2000 |             68 |   634 |
|       8 | Just Kids                                           | Patti        | Smith          |          2010 |             55 |   304 |
|       9 | A Heartbreaking Work of Staggering Genius           | Dave         | Eggers         |          2001 |            104 |   437 |
|      10 | Coraline                                            | Neil         | Gaiman         |          2003 |            100 |   208 |
|      11 | What We Talk About When We Talk About Love: Stories | Raymond      | Carver         |          1981 |             23 |   176 |
|      12 | Where I'm Calling From: Selected Stories            | Raymond      | Carver         |          1989 |             12 |   526 |
|      13 | White Noise                                         | Don          | DeLillo        |          1985 |             49 |   320 |
|      14 | Cannery Row                                         | John         | Steinbeck      |          1945 |             95 |   181 |
|      15 | Oblivion: Stories                                   | David        | Foster Wallace |          2004 |            172 |   329 |
|      16 | Consider the Lobster                                | David        | Foster Wallace |          2005 |             92 |   343 |
+---------+-----------------------------------------------------+--------------+----------------+---------------+----------------+-------+
16 rows in set (0.00 sec)

MariaDB [firsteg]> select released_year,pages from books where not released_year=2001;
+---------------+-------+
| released_year | pages |
+---------------+-------+
|          2003 |   291 |
|          2016 |   304 |
|          1996 |   198 |
|          2012 |   352 |
|          2013 |   504 |
|          2000 |   634 |
|          2010 |   304 |
|          2003 |   208 |
|          1981 |   176 |
|          1989 |   526 |
|          1985 |   320 |
|          1945 |   181 |
|          2004 |   329 |
|          2005 |   343 |
+---------------+-------+
14 rows in set (0.00 sec)

MariaDB [firsteg]> select released_year,pages from books where not author_fname='neil';
+---------------+-------+
| released_year | pages |
+---------------+-------+
|          2003 |   291 |
|          1996 |   198 |
|          2012 |   352 |
|          2013 |   504 |
|          2000 |   634 |
|          2010 |   304 |
|          2001 |   437 |
|          1981 |   176 |
|          1989 |   526 |
|          1985 |   320 |
|          1945 |   181 |
|          2004 |   329 |
|          2005 |   343 |
+---------------+-------+
13 rows in set (0.00 sec)

MariaDB [firsteg]> select * from books;
+---------+-----------------------------------------------------+--------------+----------------+---------------+----------------+-------+
| book_id | title                                               | author_fname | author_lname   | released_year | stock_quantity | pages |
+---------+-----------------------------------------------------+--------------+----------------+---------------+----------------+-------+
|       1 | The Namesake                                        | Jhumpa       | Lahiri         |          2003 |             32 |   291 |
|       2 | Norse Mythology                                     | Neil         | Gaiman         |          2016 |             43 |   304 |
|       3 | American Gods                                       | Neil         | Gaiman         |          2001 |             12 |   465 |
|       4 | Interpreter of Maladies                             | Jhumpa       | Lahiri         |          1996 |             97 |   198 |
|       5 | A Hologram for the King: A Novel                    | Dave         | Eggers         |          2012 |            154 |   352 |
|       6 | The Circle                                          | Dave         | Eggers         |          2013 |             26 |   504 |
|       7 | The Amazing Adventures of Kavalier & Clay           | Michael      | Chabon         |          2000 |             68 |   634 |
|       8 | Just Kids                                           | Patti        | Smith          |          2010 |             55 |   304 |
|       9 | A Heartbreaking Work of Staggering Genius           | Dave         | Eggers         |          2001 |            104 |   437 |
|      10 | Coraline                                            | Neil         | Gaiman         |          2003 |            100 |   208 |
|      11 | What We Talk About When We Talk About Love: Stories | Raymond      | Carver         |          1981 |             23 |   176 |
|      12 | Where I'm Calling From: Selected Stories            | Raymond      | Carver         |          1989 |             12 |   526 |
|      13 | White Noise                                         | Don          | DeLillo        |          1985 |             49 |   320 |
|      14 | Cannery Row                                         | John         | Steinbeck      |          1945 |             95 |   181 |
|      15 | Oblivion: Stories                                   | David        | Foster Wallace |          2004 |            172 |   329 |
|      16 | Consider the Lobster                                | David        | Foster Wallace |          2005 |             92 |   343 |
+---------+-----------------------------------------------------+--------------+----------------+---------------+----------------+-------+
16 rows in set (0.00 sec)

MariaDB [firsteg]> select distinct released_year,pages from books;
+---------------+-------+
| released_year | pages |
+---------------+-------+
|          2003 |   291 |
|          2016 |   304 |
|          2001 |   465 |
|          1996 |   198 |
|          2012 |   352 |
|          2013 |   504 |
|          2000 |   634 |
|          2010 |   304 |
|          2001 |   437 |
|          2003 |   208 |
|          1981 |   176 |
|          1989 |   526 |
|          1985 |   320 |
|          1945 |   181 |
|          2004 |   329 |
|          2005 |   343 |
+---------------+-------+
16 rows in set (0.00 sec)

MariaDB [firsteg]> select * from books;
+---------+-----------------------------------------------------+--------------+----------------+---------------+----------------+-------+
| book_id | title                                               | author_fname | author_lname   | released_year | stock_quantity | pages |
+---------+-----------------------------------------------------+--------------+----------------+---------------+----------------+-------+
|       1 | The Namesake                                        | Jhumpa       | Lahiri         |          2003 |             32 |   291 |
|       2 | Norse Mythology                                     | Neil         | Gaiman         |          2016 |             43 |   304 |
|       3 | American Gods                                       | Neil         | Gaiman         |          2001 |             12 |   465 |
|       4 | Interpreter of Maladies                             | Jhumpa       | Lahiri         |          1996 |             97 |   198 |
|       5 | A Hologram for the King: A Novel                    | Dave         | Eggers         |          2012 |            154 |   352 |
|       6 | The Circle                                          | Dave         | Eggers         |          2013 |             26 |   504 |
|       7 | The Amazing Adventures of Kavalier & Clay           | Michael      | Chabon         |          2000 |             68 |   634 |
|       8 | Just Kids                                           | Patti        | Smith          |          2010 |             55 |   304 |
|       9 | A Heartbreaking Work of Staggering Genius           | Dave         | Eggers         |          2001 |            104 |   437 |
|      10 | Coraline                                            | Neil         | Gaiman         |          2003 |            100 |   208 |
|      11 | What We Talk About When We Talk About Love: Stories | Raymond      | Carver         |          1981 |             23 |   176 |
|      12 | Where I'm Calling From: Selected Stories            | Raymond      | Carver         |          1989 |             12 |   526 |
|      13 | White Noise                                         | Don          | DeLillo        |          1985 |             49 |   320 |
|      14 | Cannery Row                                         | John         | Steinbeck      |          1945 |             95 |   181 |
|      15 | Oblivion: Stories                                   | David        | Foster Wallace |          2004 |            172 |   329 |
|      16 | Consider the Lobster                                | David        | Foster Wallace |          2005 |             92 |   343 |
+---------+-----------------------------------------------------+--------------+----------------+---------------+----------------+-------+
16 rows in set (0.00 sec)

MariaDB [firsteg]> select title,author_fname from books order by title des;
ERROR 1064 (42000): You have an error in your SQL syntax; check the manual that corresponds to your MariaDB server version for the right syntax to use near 'des' at line 1
MariaDB [firsteg]> select title,author_fname from books order by title DESC;
+-----------------------------------------------------+--------------+
| title                                               | author_fname |
+-----------------------------------------------------+--------------+
| White Noise                                         | Don          |
| Where I'm Calling From: Selected Stories            | Raymond      |
| What We Talk About When We Talk About Love: Stories | Raymond      |
| The Namesake                                        | Jhumpa       |
| The Circle                                          | Dave         |
| The Amazing Adventures of Kavalier & Clay           | Michael      |
| Oblivion: Stories                                   | David        |
| Norse Mythology                                     | Neil         |
| Just Kids                                           | Patti        |
| Interpreter of Maladies                             | Jhumpa       |
| Coraline                                            | Neil         |
| Consider the Lobster                                | David        |
| Cannery Row                                         | John         |
| American Gods                                       | Neil         |
| A Hologram for the King: A Novel                    | Dave         |
| A Heartbreaking Work of Staggering Genius           | Dave         |
+-----------------------------------------------------+--------------+
16 rows in set (0.00 sec)

MariaDB [firsteg]> select title,author_fname from books order by title desc;
+-----------------------------------------------------+--------------+
| title                                               | author_fname |
+-----------------------------------------------------+--------------+
| White Noise                                         | Don          |
| Where I'm Calling From: Selected Stories            | Raymond      |
| What We Talk About When We Talk About Love: Stories | Raymond      |
| The Namesake                                        | Jhumpa       |
| The Circle                                          | Dave         |
| The Amazing Adventures of Kavalier & Clay           | Michael      |
| Oblivion: Stories                                   | David        |
| Norse Mythology                                     | Neil         |
| Just Kids                                           | Patti        |
| Interpreter of Maladies                             | Jhumpa       |
| Coraline                                            | Neil         |
| Consider the Lobster                                | David        |
| Cannery Row                                         | John         |
| American Gods                                       | Neil         |
| A Hologram for the King: A Novel                    | Dave         |
| A Heartbreaking Work of Staggering Genius           | Dave         |
+-----------------------------------------------------+--------------+
16 rows in set (0.00 sec)

MariaDB [firsteg]> select * from books;
+---------+-----------------------------------------------------+--------------+----------------+---------------+----------------+-------+
| book_id | title                                               | author_fname | author_lname   | released_year | stock_quantity | pages |
+---------+-----------------------------------------------------+--------------+----------------+---------------+----------------+-------+
|       1 | The Namesake                                        | Jhumpa       | Lahiri         |          2003 |             32 |   291 |
|       2 | Norse Mythology                                     | Neil         | Gaiman         |          2016 |             43 |   304 |
|       3 | American Gods                                       | Neil         | Gaiman         |          2001 |             12 |   465 |
|       4 | Interpreter of Maladies                             | Jhumpa       | Lahiri         |          1996 |             97 |   198 |
|       5 | A Hologram for the King: A Novel                    | Dave         | Eggers         |          2012 |            154 |   352 |
|       6 | The Circle                                          | Dave         | Eggers         |          2013 |             26 |   504 |
|       7 | The Amazing Adventures of Kavalier & Clay           | Michael      | Chabon         |          2000 |             68 |   634 |
|       8 | Just Kids                                           | Patti        | Smith          |          2010 |             55 |   304 |
|       9 | A Heartbreaking Work of Staggering Genius           | Dave         | Eggers         |          2001 |            104 |   437 |
|      10 | Coraline                                            | Neil         | Gaiman         |          2003 |            100 |   208 |
|      11 | What We Talk About When We Talk About Love: Stories | Raymond      | Carver         |          1981 |             23 |   176 |
|      12 | Where I'm Calling From: Selected Stories            | Raymond      | Carver         |          1989 |             12 |   526 |
|      13 | White Noise                                         | Don          | DeLillo        |          1985 |             49 |   320 |
|      14 | Cannery Row                                         | John         | Steinbeck      |          1945 |             95 |   181 |
|      15 | Oblivion: Stories                                   | David        | Foster Wallace |          2004 |            172 |   329 |
|      16 | Consider the Lobster                                | David        | Foster Wallace |          2005 |             92 |   343 |
+---------+-----------------------------------------------------+--------------+----------------+---------------+----------------+-------+
16 rows in set (0.00 sec)

MariaDB [firsteg]> select * from books order by author_fname,author_lname;
+---------+-----------------------------------------------------+--------------+----------------+---------------+----------------+-------+
| book_id | title                                               | author_fname | author_lname   | released_year | stock_quantity | pages |
+---------+-----------------------------------------------------+--------------+----------------+---------------+----------------+-------+
|       9 | A Heartbreaking Work of Staggering Genius           | Dave         | Eggers         |          2001 |            104 |   437 |
|       6 | The Circle                                          | Dave         | Eggers         |          2013 |             26 |   504 |
|       5 | A Hologram for the King: A Novel                    | Dave         | Eggers         |          2012 |            154 |   352 |
|      15 | Oblivion: Stories                                   | David        | Foster Wallace |          2004 |            172 |   329 |
|      16 | Consider the Lobster                                | David        | Foster Wallace |          2005 |             92 |   343 |
|      13 | White Noise                                         | Don          | DeLillo        |          1985 |             49 |   320 |
|       4 | Interpreter of Maladies                             | Jhumpa       | Lahiri         |          1996 |             97 |   198 |
|       1 | The Namesake                                        | Jhumpa       | Lahiri         |          2003 |             32 |   291 |
|      14 | Cannery Row                                         | John         | Steinbeck      |          1945 |             95 |   181 |
|       7 | The Amazing Adventures of Kavalier & Clay           | Michael      | Chabon         |          2000 |             68 |   634 |
|       3 | American Gods                                       | Neil         | Gaiman         |          2001 |             12 |   465 |
|      10 | Coraline                                            | Neil         | Gaiman         |          2003 |            100 |   208 |
|       2 | Norse Mythology                                     | Neil         | Gaiman         |          2016 |             43 |   304 |
|       8 | Just Kids                                           | Patti        | Smith          |          2010 |             55 |   304 |
|      12 | Where I'm Calling From: Selected Stories            | Raymond      | Carver         |          1989 |             12 |   526 |
|      11 | What We Talk About When We Talk About Love: Stories | Raymond      | Carver         |          1981 |             23 |   176 |
+---------+-----------------------------------------------------+--------------+----------------+---------------+----------------+-------+
16 rows in set (0.00 sec)

MariaDB [firsteg]> select * from books order by author_fname,author_lname desc;
+---------+-----------------------------------------------------+--------------+----------------+---------------+----------------+-------+
| book_id | title                                               | author_fname | author_lname   | released_year | stock_quantity | pages |
+---------+-----------------------------------------------------+--------------+----------------+---------------+----------------+-------+
|       9 | A Heartbreaking Work of Staggering Genius           | Dave         | Eggers         |          2001 |            104 |   437 |
|       6 | The Circle                                          | Dave         | Eggers         |          2013 |             26 |   504 |
|       5 | A Hologram for the King: A Novel                    | Dave         | Eggers         |          2012 |            154 |   352 |
|      15 | Oblivion: Stories                                   | David        | Foster Wallace |          2004 |            172 |   329 |
|      16 | Consider the Lobster                                | David        | Foster Wallace |          2005 |             92 |   343 |
|      13 | White Noise                                         | Don          | DeLillo        |          1985 |             49 |   320 |
|       4 | Interpreter of Maladies                             | Jhumpa       | Lahiri         |          1996 |             97 |   198 |
|       1 | The Namesake                                        | Jhumpa       | Lahiri         |          2003 |             32 |   291 |
|      14 | Cannery Row                                         | John         | Steinbeck      |          1945 |             95 |   181 |
|       7 | The Amazing Adventures of Kavalier & Clay           | Michael      | Chabon         |          2000 |             68 |   634 |
|       3 | American Gods                                       | Neil         | Gaiman         |          2001 |             12 |   465 |
|      10 | Coraline                                            | Neil         | Gaiman         |          2003 |            100 |   208 |
|       2 | Norse Mythology                                     | Neil         | Gaiman         |          2016 |             43 |   304 |
|       8 | Just Kids                                           | Patti        | Smith          |          2010 |             55 |   304 |
|      12 | Where I'm Calling From: Selected Stories            | Raymond      | Carver         |          1989 |             12 |   526 |
|      11 | What We Talk About When We Talk About Love: Stories | Raymond      | Carver         |          1981 |             23 |   176 |
+---------+-----------------------------------------------------+--------------+----------------+---------------+----------------+-------+
16 rows in set (0.00 sec)

MariaDB [firsteg]> select * from books order by author_fname,author_lname asc;
+---------+-----------------------------------------------------+--------------+----------------+---------------+----------------+-------+
| book_id | title                                               | author_fname | author_lname   | released_year | stock_quantity | pages |
+---------+-----------------------------------------------------+--------------+----------------+---------------+----------------+-------+
|       9 | A Heartbreaking Work of Staggering Genius           | Dave         | Eggers         |          2001 |            104 |   437 |
|       6 | The Circle                                          | Dave         | Eggers         |          2013 |             26 |   504 |
|       5 | A Hologram for the King: A Novel                    | Dave         | Eggers         |          2012 |            154 |   352 |
|      15 | Oblivion: Stories                                   | David        | Foster Wallace |          2004 |            172 |   329 |
|      16 | Consider the Lobster                                | David        | Foster Wallace |          2005 |             92 |   343 |
|      13 | White Noise                                         | Don          | DeLillo        |          1985 |             49 |   320 |
|       4 | Interpreter of Maladies                             | Jhumpa       | Lahiri         |          1996 |             97 |   198 |
|       1 | The Namesake                                        | Jhumpa       | Lahiri         |          2003 |             32 |   291 |
|      14 | Cannery Row                                         | John         | Steinbeck      |          1945 |             95 |   181 |
|       7 | The Amazing Adventures of Kavalier & Clay           | Michael      | Chabon         |          2000 |             68 |   634 |
|       3 | American Gods                                       | Neil         | Gaiman         |          2001 |             12 |   465 |
|      10 | Coraline                                            | Neil         | Gaiman         |          2003 |            100 |   208 |
|       2 | Norse Mythology                                     | Neil         | Gaiman         |          2016 |             43 |   304 |
|       8 | Just Kids                                           | Patti        | Smith          |          2010 |             55 |   304 |
|      12 | Where I'm Calling From: Selected Stories            | Raymond      | Carver         |          1989 |             12 |   526 |
|      11 | What We Talk About When We Talk About Love: Stories | Raymond      | Carver         |          1981 |             23 |   176 |
+---------+-----------------------------------------------------+--------------+----------------+---------------+----------------+-------+
16 rows in set (0.00 sec)

MariaDB [firsteg]> select * from books order by author_fname,author_lname desc;
+---------+-----------------------------------------------------+--------------+----------------+---------------+----------------+-------+
| book_id | title                                               | author_fname | author_lname   | released_year | stock_quantity | pages |
+---------+-----------------------------------------------------+--------------+----------------+---------------+----------------+-------+
|       9 | A Heartbreaking Work of Staggering Genius           | Dave         | Eggers         |          2001 |            104 |   437 |
|       6 | The Circle                                          | Dave         | Eggers         |          2013 |             26 |   504 |
|       5 | A Hologram for the King: A Novel                    | Dave         | Eggers         |          2012 |            154 |   352 |
|      15 | Oblivion: Stories                                   | David        | Foster Wallace |          2004 |            172 |   329 |
|      16 | Consider the Lobster                                | David        | Foster Wallace |          2005 |             92 |   343 |
|      13 | White Noise                                         | Don          | DeLillo        |          1985 |             49 |   320 |
|       4 | Interpreter of Maladies                             | Jhumpa       | Lahiri         |          1996 |             97 |   198 |
|       1 | The Namesake                                        | Jhumpa       | Lahiri         |          2003 |             32 |   291 |
|      14 | Cannery Row                                         | John         | Steinbeck      |          1945 |             95 |   181 |
|       7 | The Amazing Adventures of Kavalier & Clay           | Michael      | Chabon         |          2000 |             68 |   634 |
|       3 | American Gods                                       | Neil         | Gaiman         |          2001 |             12 |   465 |
|      10 | Coraline                                            | Neil         | Gaiman         |          2003 |            100 |   208 |
|       2 | Norse Mythology                                     | Neil         | Gaiman         |          2016 |             43 |   304 |
|       8 | Just Kids                                           | Patti        | Smith          |          2010 |             55 |   304 |
|      12 | Where I'm Calling From: Selected Stories            | Raymond      | Carver         |          1989 |             12 |   526 |
|      11 | What We Talk About When We Talk About Love: Stories | Raymond      | Carver         |          1981 |             23 |   176 |
+---------+-----------------------------------------------------+--------------+----------------+---------------+----------------+-------+
16 rows in set (0.00 sec)

MariaDB [firsteg]> select * from books order by author_fname desc,author_lname desc;
+---------+-----------------------------------------------------+--------------+----------------+---------------+----------------+-------+
| book_id | title                                               | author_fname | author_lname   | released_year | stock_quantity | pages |
+---------+-----------------------------------------------------+--------------+----------------+---------------+----------------+-------+
|      12 | Where I'm Calling From: Selected Stories            | Raymond      | Carver         |          1989 |             12 |   526 |
|      11 | What We Talk About When We Talk About Love: Stories | Raymond      | Carver         |          1981 |             23 |   176 |
|       8 | Just Kids                                           | Patti        | Smith          |          2010 |             55 |   304 |
|       2 | Norse Mythology                                     | Neil         | Gaiman         |          2016 |             43 |   304 |
|       3 | American Gods                                       | Neil         | Gaiman         |          2001 |             12 |   465 |
|      10 | Coraline                                            | Neil         | Gaiman         |          2003 |            100 |   208 |
|       7 | The Amazing Adventures of Kavalier & Clay           | Michael      | Chabon         |          2000 |             68 |   634 |
|      14 | Cannery Row                                         | John         | Steinbeck      |          1945 |             95 |   181 |
|       4 | Interpreter of Maladies                             | Jhumpa       | Lahiri         |          1996 |             97 |   198 |
|       1 | The Namesake                                        | Jhumpa       | Lahiri         |          2003 |             32 |   291 |
|      13 | White Noise                                         | Don          | DeLillo        |          1985 |             49 |   320 |
|      15 | Oblivion: Stories                                   | David        | Foster Wallace |          2004 |            172 |   329 |
|      16 | Consider the Lobster                                | David        | Foster Wallace |          2005 |             92 |   343 |
|       6 | The Circle                                          | Dave         | Eggers         |          2013 |             26 |   504 |
|       5 | A Hologram for the King: A Novel                    | Dave         | Eggers         |          2012 |            154 |   352 |
|       9 | A Heartbreaking Work of Staggering Genius           | Dave         | Eggers         |          2001 |            104 |   437 |
+---------+-----------------------------------------------------+--------------+----------------+---------------+----------------+-------+
16 rows in set (0.00 sec)

MariaDB [firsteg]> select * from books order by author_fname desc,author_lname;
+---------+-----------------------------------------------------+--------------+----------------+---------------+----------------+-------+
| book_id | title                                               | author_fname | author_lname   | released_year | stock_quantity | pages |
+---------+-----------------------------------------------------+--------------+----------------+---------------+----------------+-------+
|      12 | Where I'm Calling From: Selected Stories            | Raymond      | Carver         |          1989 |             12 |   526 |
|      11 | What We Talk About When We Talk About Love: Stories | Raymond      | Carver         |          1981 |             23 |   176 |
|       8 | Just Kids                                           | Patti        | Smith          |          2010 |             55 |   304 |
|       2 | Norse Mythology                                     | Neil         | Gaiman         |          2016 |             43 |   304 |
|       3 | American Gods                                       | Neil         | Gaiman         |          2001 |             12 |   465 |
|      10 | Coraline                                            | Neil         | Gaiman         |          2003 |            100 |   208 |
|       7 | The Amazing Adventures of Kavalier & Clay           | Michael      | Chabon         |          2000 |             68 |   634 |
|      14 | Cannery Row                                         | John         | Steinbeck      |          1945 |             95 |   181 |
|       4 | Interpreter of Maladies                             | Jhumpa       | Lahiri         |          1996 |             97 |   198 |
|       1 | The Namesake                                        | Jhumpa       | Lahiri         |          2003 |             32 |   291 |
|      13 | White Noise                                         | Don          | DeLillo        |          1985 |             49 |   320 |
|      15 | Oblivion: Stories                                   | David        | Foster Wallace |          2004 |            172 |   329 |
|      16 | Consider the Lobster                                | David        | Foster Wallace |          2005 |             92 |   343 |
|       6 | The Circle                                          | Dave         | Eggers         |          2013 |             26 |   504 |
|       5 | A Hologram for the King: A Novel                    | Dave         | Eggers         |          2012 |            154 |   352 |
|       9 | A Heartbreaking Work of Staggering Genius           | Dave         | Eggers         |          2001 |            104 |   437 |
+---------+-----------------------------------------------------+--------------+----------------+---------------+----------------+-------+
16 rows in set (0.00 sec)

MariaDB [firsteg]> select * from books order by author_fname asc,author_lname;
+---------+-----------------------------------------------------+--------------+----------------+---------------+----------------+-------+
| book_id | title                                               | author_fname | author_lname   | released_year | stock_quantity | pages |
+---------+-----------------------------------------------------+--------------+----------------+---------------+----------------+-------+
|       9 | A Heartbreaking Work of Staggering Genius           | Dave         | Eggers         |          2001 |            104 |   437 |
|       6 | The Circle                                          | Dave         | Eggers         |          2013 |             26 |   504 |
|       5 | A Hologram for the King: A Novel                    | Dave         | Eggers         |          2012 |            154 |   352 |
|      15 | Oblivion: Stories                                   | David        | Foster Wallace |          2004 |            172 |   329 |
|      16 | Consider the Lobster                                | David        | Foster Wallace |          2005 |             92 |   343 |
|      13 | White Noise                                         | Don          | DeLillo        |          1985 |             49 |   320 |
|       4 | Interpreter of Maladies                             | Jhumpa       | Lahiri         |          1996 |             97 |   198 |
|       1 | The Namesake                                        | Jhumpa       | Lahiri         |          2003 |             32 |   291 |
|      14 | Cannery Row                                         | John         | Steinbeck      |          1945 |             95 |   181 |
|       7 | The Amazing Adventures of Kavalier & Clay           | Michael      | Chabon         |          2000 |             68 |   634 |
|       3 | American Gods                                       | Neil         | Gaiman         |          2001 |             12 |   465 |
|      10 | Coraline                                            | Neil         | Gaiman         |          2003 |            100 |   208 |
|       2 | Norse Mythology                                     | Neil         | Gaiman         |          2016 |             43 |   304 |
|       8 | Just Kids                                           | Patti        | Smith          |          2010 |             55 |   304 |
|      12 | Where I'm Calling From: Selected Stories            | Raymond      | Carver         |          1989 |             12 |   526 |
|      11 | What We Talk About When We Talk About Love: Stories | Raymond      | Carver         |          1981 |             23 |   176 |
+---------+-----------------------------------------------------+--------------+----------------+---------------+----------------+-------+
16 rows in set (0.00 sec)

MariaDB [firsteg]> select * from books order by author_fname asc,author_lname desc;
+---------+-----------------------------------------------------+--------------+----------------+---------------+----------------+-------+
| book_id | title                                               | author_fname | author_lname   | released_year | stock_quantity | pages |
+---------+-----------------------------------------------------+--------------+----------------+---------------+----------------+-------+
|       9 | A Heartbreaking Work of Staggering Genius           | Dave         | Eggers         |          2001 |            104 |   437 |
|       6 | The Circle                                          | Dave         | Eggers         |          2013 |             26 |   504 |
|       5 | A Hologram for the King: A Novel                    | Dave         | Eggers         |          2012 |            154 |   352 |
|      15 | Oblivion: Stories                                   | David        | Foster Wallace |          2004 |            172 |   329 |
|      16 | Consider the Lobster                                | David        | Foster Wallace |          2005 |             92 |   343 |
|      13 | White Noise                                         | Don          | DeLillo        |          1985 |             49 |   320 |
|       4 | Interpreter of Maladies                             | Jhumpa       | Lahiri         |          1996 |             97 |   198 |
|       1 | The Namesake                                        | Jhumpa       | Lahiri         |          2003 |             32 |   291 |
|      14 | Cannery Row                                         | John         | Steinbeck      |          1945 |             95 |   181 |
|       7 | The Amazing Adventures of Kavalier & Clay           | Michael      | Chabon         |          2000 |             68 |   634 |
|       3 | American Gods                                       | Neil         | Gaiman         |          2001 |             12 |   465 |
|      10 | Coraline                                            | Neil         | Gaiman         |          2003 |            100 |   208 |
|       2 | Norse Mythology                                     | Neil         | Gaiman         |          2016 |             43 |   304 |
|       8 | Just Kids                                           | Patti        | Smith          |          2010 |             55 |   304 |
|      12 | Where I'm Calling From: Selected Stories            | Raymond      | Carver         |          1989 |             12 |   526 |
|      11 | What We Talk About When We Talk About Love: Stories | Raymond      | Carver         |          1981 |             23 |   176 |
+---------+-----------------------------------------------------+--------------+----------------+---------------+----------------+-------+
16 rows in set (0.00 sec)

MariaDB [firsteg]> select * from books order by author_fname,author_lname;
+---------+-----------------------------------------------------+--------------+----------------+---------------+----------------+-------+
| book_id | title                                               | author_fname | author_lname   | released_year | stock_quantity | pages |
+---------+-----------------------------------------------------+--------------+----------------+---------------+----------------+-------+
|       9 | A Heartbreaking Work of Staggering Genius           | Dave         | Eggers         |          2001 |            104 |   437 |
|       6 | The Circle                                          | Dave         | Eggers         |          2013 |             26 |   504 |
|       5 | A Hologram for the King: A Novel                    | Dave         | Eggers         |          2012 |            154 |   352 |
|      15 | Oblivion: Stories                                   | David        | Foster Wallace |          2004 |            172 |   329 |
|      16 | Consider the Lobster                                | David        | Foster Wallace |          2005 |             92 |   343 |
|      13 | White Noise                                         | Don          | DeLillo        |          1985 |             49 |   320 |
|       4 | Interpreter of Maladies                             | Jhumpa       | Lahiri         |          1996 |             97 |   198 |
|       1 | The Namesake                                        | Jhumpa       | Lahiri         |          2003 |             32 |   291 |
|      14 | Cannery Row                                         | John         | Steinbeck      |          1945 |             95 |   181 |
|       7 | The Amazing Adventures of Kavalier & Clay           | Michael      | Chabon         |          2000 |             68 |   634 |
|       3 | American Gods                                       | Neil         | Gaiman         |          2001 |             12 |   465 |
|      10 | Coraline                                            | Neil         | Gaiman         |          2003 |            100 |   208 |
|       2 | Norse Mythology                                     | Neil         | Gaiman         |          2016 |             43 |   304 |
|       8 | Just Kids                                           | Patti        | Smith          |          2010 |             55 |   304 |
|      12 | Where I'm Calling From: Selected Stories            | Raymond      | Carver         |          1989 |             12 |   526 |
|      11 | What We Talk About When We Talk About Love: Stories | Raymond      | Carver         |          1981 |             23 |   176 |
+---------+-----------------------------------------------------+--------------+----------------+---------------+----------------+-------+
16 rows in set (0.00 sec)

MariaDB [firsteg]> select * from books order by author_fname,author_lname desc;
+---------+-----------------------------------------------------+--------------+----------------+---------------+----------------+-------+
| book_id | title                                               | author_fname | author_lname   | released_year | stock_quantity | pages |
+---------+-----------------------------------------------------+--------------+----------------+---------------+----------------+-------+
|       9 | A Heartbreaking Work of Staggering Genius           | Dave         | Eggers         |          2001 |            104 |   437 |
|       6 | The Circle                                          | Dave         | Eggers         |          2013 |             26 |   504 |
|       5 | A Hologram for the King: A Novel                    | Dave         | Eggers         |          2012 |            154 |   352 |
|      15 | Oblivion: Stories                                   | David        | Foster Wallace |          2004 |            172 |   329 |
|      16 | Consider the Lobster                                | David        | Foster Wallace |          2005 |             92 |   343 |
|      13 | White Noise                                         | Don          | DeLillo        |          1985 |             49 |   320 |
|       4 | Interpreter of Maladies                             | Jhumpa       | Lahiri         |          1996 |             97 |   198 |
|       1 | The Namesake                                        | Jhumpa       | Lahiri         |          2003 |             32 |   291 |
|      14 | Cannery Row                                         | John         | Steinbeck      |          1945 |             95 |   181 |
|       7 | The Amazing Adventures of Kavalier & Clay           | Michael      | Chabon         |          2000 |             68 |   634 |
|       3 | American Gods                                       | Neil         | Gaiman         |          2001 |             12 |   465 |
|      10 | Coraline                                            | Neil         | Gaiman         |          2003 |            100 |   208 |
|       2 | Norse Mythology                                     | Neil         | Gaiman         |          2016 |             43 |   304 |
|       8 | Just Kids                                           | Patti        | Smith          |          2010 |             55 |   304 |
|      12 | Where I'm Calling From: Selected Stories            | Raymond      | Carver         |          1989 |             12 |   526 |
|      11 | What We Talk About When We Talk About Love: Stories | Raymond      | Carver         |          1981 |             23 |   176 |
+---------+-----------------------------------------------------+--------------+----------------+---------------+----------------+-------+
16 rows in set (0.00 sec)

MariaDB [firsteg]> select * from books order by author_fname asc,author_lname desc;
+---------+-----------------------------------------------------+--------------+----------------+---------------+----------------+-------+
| book_id | title                                               | author_fname | author_lname   | released_year | stock_quantity | pages |
+---------+-----------------------------------------------------+--------------+----------------+---------------+----------------+-------+
|       9 | A Heartbreaking Work of Staggering Genius           | Dave         | Eggers         |          2001 |            104 |   437 |
|       6 | The Circle                                          | Dave         | Eggers         |          2013 |             26 |   504 |
|       5 | A Hologram for the King: A Novel                    | Dave         | Eggers         |          2012 |            154 |   352 |
|      15 | Oblivion: Stories                                   | David        | Foster Wallace |          2004 |            172 |   329 |
|      16 | Consider the Lobster                                | David        | Foster Wallace |          2005 |             92 |   343 |
|      13 | White Noise                                         | Don          | DeLillo        |          1985 |             49 |   320 |
|       4 | Interpreter of Maladies                             | Jhumpa       | Lahiri         |          1996 |             97 |   198 |
|       1 | The Namesake                                        | Jhumpa       | Lahiri         |          2003 |             32 |   291 |
|      14 | Cannery Row                                         | John         | Steinbeck      |          1945 |             95 |   181 |
|       7 | The Amazing Adventures of Kavalier & Clay           | Michael      | Chabon         |          2000 |             68 |   634 |
|       3 | American Gods                                       | Neil         | Gaiman         |          2001 |             12 |   465 |
|      10 | Coraline                                            | Neil         | Gaiman         |          2003 |            100 |   208 |
|       2 | Norse Mythology                                     | Neil         | Gaiman         |          2016 |             43 |   304 |
|       8 | Just Kids                                           | Patti        | Smith          |          2010 |             55 |   304 |
|      12 | Where I'm Calling From: Selected Stories            | Raymond      | Carver         |          1989 |             12 |   526 |
|      11 | What We Talk About When We Talk About Love: Stories | Raymond      | Carver         |          1981 |             23 |   176 |
+---------+-----------------------------------------------------+--------------+----------------+---------------+----------------+-------+
16 rows in set (0.00 sec)

MariaDB [firsteg]> select * from books order by author_fname desc and author_lname desc;
ERROR 1064 (42000): You have an error in your SQL syntax; check the manual that corresponds to your MariaDB server version for the right syntax to use near 'and author_lname desc' at line 1
MariaDB [firsteg]> select * from books order by author_fname desc order by author_lname desc;
ERROR 1064 (42000): You have an error in your SQL syntax; check the manual that corresponds to your MariaDB server version for the right syntax to use near 'order by author_lname desc' at line 1
MariaDB [firsteg]> select * from books order by author_fname asc,author_lname desc;
+---------+-----------------------------------------------------+--------------+----------------+---------------+----------------+-------+
| book_id | title                                               | author_fname | author_lname   | released_year | stock_quantity | pages |
+---------+-----------------------------------------------------+--------------+----------------+---------------+----------------+-------+
|       9 | A Heartbreaking Work of Staggering Genius           | Dave         | Eggers         |          2001 |            104 |   437 |
|       6 | The Circle                                          | Dave         | Eggers         |          2013 |             26 |   504 |
|       5 | A Hologram for the King: A Novel                    | Dave         | Eggers         |          2012 |            154 |   352 |
|      15 | Oblivion: Stories                                   | David        | Foster Wallace |          2004 |            172 |   329 |
|      16 | Consider the Lobster                                | David        | Foster Wallace |          2005 |             92 |   343 |
|      13 | White Noise                                         | Don          | DeLillo        |          1985 |             49 |   320 |
|       4 | Interpreter of Maladies                             | Jhumpa       | Lahiri         |          1996 |             97 |   198 |
|       1 | The Namesake                                        | Jhumpa       | Lahiri         |          2003 |             32 |   291 |
|      14 | Cannery Row                                         | John         | Steinbeck      |          1945 |             95 |   181 |
|       7 | The Amazing Adventures of Kavalier & Clay           | Michael      | Chabon         |          2000 |             68 |   634 |
|       3 | American Gods                                       | Neil         | Gaiman         |          2001 |             12 |   465 |
|      10 | Coraline                                            | Neil         | Gaiman         |          2003 |            100 |   208 |
|       2 | Norse Mythology                                     | Neil         | Gaiman         |          2016 |             43 |   304 |
|       8 | Just Kids                                           | Patti        | Smith          |          2010 |             55 |   304 |
|      12 | Where I'm Calling From: Selected Stories            | Raymond      | Carver         |          1989 |             12 |   526 |
|      11 | What We Talk About When We Talk About Love: Stories | Raymond      | Carver         |          1981 |             23 |   176 |
+---------+-----------------------------------------------------+--------------+----------------+---------------+----------------+-------+
16 rows in set (0.00 sec)

MariaDB [firsteg]> select * from books order by author_fname,author_lname;
+---------+-----------------------------------------------------+--------------+----------------+---------------+----------------+-------+
| book_id | title                                               | author_fname | author_lname   | released_year | stock_quantity | pages |
+---------+-----------------------------------------------------+--------------+----------------+---------------+----------------+-------+
|       9 | A Heartbreaking Work of Staggering Genius           | Dave         | Eggers         |          2001 |            104 |   437 |
|       6 | The Circle                                          | Dave         | Eggers         |          2013 |             26 |   504 |
|       5 | A Hologram for the King: A Novel                    | Dave         | Eggers         |          2012 |            154 |   352 |
|      15 | Oblivion: Stories                                   | David        | Foster Wallace |          2004 |            172 |   329 |
|      16 | Consider the Lobster                                | David        | Foster Wallace |          2005 |             92 |   343 |
|      13 | White Noise                                         | Don          | DeLillo        |          1985 |             49 |   320 |
|       4 | Interpreter of Maladies                             | Jhumpa       | Lahiri         |          1996 |             97 |   198 |
|       1 | The Namesake                                        | Jhumpa       | Lahiri         |          2003 |             32 |   291 |
|      14 | Cannery Row                                         | John         | Steinbeck      |          1945 |             95 |   181 |
|       7 | The Amazing Adventures of Kavalier & Clay           | Michael      | Chabon         |          2000 |             68 |   634 |
|       3 | American Gods                                       | Neil         | Gaiman         |          2001 |             12 |   465 |
|      10 | Coraline                                            | Neil         | Gaiman         |          2003 |            100 |   208 |
|       2 | Norse Mythology                                     | Neil         | Gaiman         |          2016 |             43 |   304 |
|       8 | Just Kids                                           | Patti        | Smith          |          2010 |             55 |   304 |
|      12 | Where I'm Calling From: Selected Stories            | Raymond      | Carver         |          1989 |             12 |   526 |
|      11 | What We Talk About When We Talk About Love: Stories | Raymond      | Carver         |          1981 |             23 |   176 |
+---------+-----------------------------------------------------+--------------+----------------+---------------+----------------+-------+
16 rows in set (0.00 sec)

MariaDB [firsteg]> select * from books order by author_fname,author_lname desc;
+---------+-----------------------------------------------------+--------------+----------------+---------------+----------------+-------+
| book_id | title                                               | author_fname | author_lname   | released_year | stock_quantity | pages |
+---------+-----------------------------------------------------+--------------+----------------+---------------+----------------+-------+
|       9 | A Heartbreaking Work of Staggering Genius           | Dave         | Eggers         |          2001 |            104 |   437 |
|       6 | The Circle                                          | Dave         | Eggers         |          2013 |             26 |   504 |
|       5 | A Hologram for the King: A Novel                    | Dave         | Eggers         |          2012 |            154 |   352 |
|      15 | Oblivion: Stories                                   | David        | Foster Wallace |          2004 |            172 |   329 |
|      16 | Consider the Lobster                                | David        | Foster Wallace |          2005 |             92 |   343 |
|      13 | White Noise                                         | Don          | DeLillo        |          1985 |             49 |   320 |
|       4 | Interpreter of Maladies                             | Jhumpa       | Lahiri         |          1996 |             97 |   198 |
|       1 | The Namesake                                        | Jhumpa       | Lahiri         |          2003 |             32 |   291 |
|      14 | Cannery Row                                         | John         | Steinbeck      |          1945 |             95 |   181 |
|       7 | The Amazing Adventures of Kavalier & Clay           | Michael      | Chabon         |          2000 |             68 |   634 |
|       3 | American Gods                                       | Neil         | Gaiman         |          2001 |             12 |   465 |
|      10 | Coraline                                            | Neil         | Gaiman         |          2003 |            100 |   208 |
|       2 | Norse Mythology                                     | Neil         | Gaiman         |          2016 |             43 |   304 |
|       8 | Just Kids                                           | Patti        | Smith          |          2010 |             55 |   304 |
|      12 | Where I'm Calling From: Selected Stories            | Raymond      | Carver         |          1989 |             12 |   526 |
|      11 | What We Talk About When We Talk About Love: Stories | Raymond      | Carver         |          1981 |             23 |   176 |
+---------+-----------------------------------------------------+--------------+----------------+---------------+----------------+-------+
16 rows in set (0.00 sec)

MariaDB [firsteg]> select * from books order by author_fname desc,author_lname desc;
+---------+-----------------------------------------------------+--------------+----------------+---------------+----------------+-------+
| book_id | title                                               | author_fname | author_lname   | released_year | stock_quantity | pages |
+---------+-----------------------------------------------------+--------------+----------------+---------------+----------------+-------+
|      12 | Where I'm Calling From: Selected Stories            | Raymond      | Carver         |          1989 |             12 |   526 |
|      11 | What We Talk About When We Talk About Love: Stories | Raymond      | Carver         |          1981 |             23 |   176 |
|       8 | Just Kids                                           | Patti        | Smith          |          2010 |             55 |   304 |
|       2 | Norse Mythology                                     | Neil         | Gaiman         |          2016 |             43 |   304 |
|       3 | American Gods                                       | Neil         | Gaiman         |          2001 |             12 |   465 |
|      10 | Coraline                                            | Neil         | Gaiman         |          2003 |            100 |   208 |
|       7 | The Amazing Adventures of Kavalier & Clay           | Michael      | Chabon         |          2000 |             68 |   634 |
|      14 | Cannery Row                                         | John         | Steinbeck      |          1945 |             95 |   181 |
|       4 | Interpreter of Maladies                             | Jhumpa       | Lahiri         |          1996 |             97 |   198 |
|       1 | The Namesake                                        | Jhumpa       | Lahiri         |          2003 |             32 |   291 |
|      13 | White Noise                                         | Don          | DeLillo        |          1985 |             49 |   320 |
|      15 | Oblivion: Stories                                   | David        | Foster Wallace |          2004 |            172 |   329 |
|      16 | Consider the Lobster                                | David        | Foster Wallace |          2005 |             92 |   343 |
|       6 | The Circle                                          | Dave         | Eggers         |          2013 |             26 |   504 |
|       5 | A Hologram for the King: A Novel                    | Dave         | Eggers         |          2012 |            154 |   352 |
|       9 | A Heartbreaking Work of Staggering Genius           | Dave         | Eggers         |          2001 |            104 |   437 |
+---------+-----------------------------------------------------+--------------+----------------+---------------+----------------+-------+
16 rows in set (0.00 sec)

MariaDB [firsteg]> create table myeg(id int,name varchar(100));
Query OK, 0 rows affected (0.19 sec)

MariaDB [firsteg]> insert into values(1,'bindu'),(2,'sri');
ERROR 1064 (42000): You have an error in your SQL syntax; check the manual that corresponds to your MariaDB server version for the right syntax to use near 'values(1,'bindu'),(2,'sri')' at line 1
MariaDB [firsteg]> select title from books where title is not null;
+-----------------------------------------------------+
| title                                               |
+-----------------------------------------------------+
| The Namesake                                        |
| Norse Mythology                                     |
| American Gods                                       |
| Interpreter of Maladies                             |
| A Hologram for the King: A Novel                    |
| The Circle                                          |
| The Amazing Adventures of Kavalier & Clay           |
| Just Kids                                           |
| A Heartbreaking Work of Staggering Genius           |
| Coraline                                            |
| What We Talk About When We Talk About Love: Stories |
| Where I'm Calling From: Selected Stories            |
| White Noise                                         |
| Cannery Row                                         |
| Oblivion: Stories                                   |
| Consider the Lobster                                |
+-----------------------------------------------------+
16 rows in set (0.00 sec)

MariaDB [firsteg]> select title from books where title  is  null;
Empty set (0.00 sec)

MariaDB [firsteg]> select * from books;
+---------+-----------------------------------------------------+--------------+----------------+---------------+----------------+-------+
| book_id | title                                               | author_fname | author_lname   | released_year | stock_quantity | pages |
+---------+-----------------------------------------------------+--------------+----------------+---------------+----------------+-------+
|       1 | The Namesake                                        | Jhumpa       | Lahiri         |          2003 |             32 |   291 |
|       2 | Norse Mythology                                     | Neil         | Gaiman         |          2016 |             43 |   304 |
|       3 | American Gods                                       | Neil         | Gaiman         |          2001 |             12 |   465 |
|       4 | Interpreter of Maladies                             | Jhumpa       | Lahiri         |          1996 |             97 |   198 |
|       5 | A Hologram for the King: A Novel                    | Dave         | Eggers         |          2012 |            154 |   352 |
|       6 | The Circle                                          | Dave         | Eggers         |          2013 |             26 |   504 |
|       7 | The Amazing Adventures of Kavalier & Clay           | Michael      | Chabon         |          2000 |             68 |   634 |
|       8 | Just Kids                                           | Patti        | Smith          |          2010 |             55 |   304 |
|       9 | A Heartbreaking Work of Staggering Genius           | Dave         | Eggers         |          2001 |            104 |   437 |
|      10 | Coraline                                            | Neil         | Gaiman         |          2003 |            100 |   208 |
|      11 | What We Talk About When We Talk About Love: Stories | Raymond      | Carver         |          1981 |             23 |   176 |
|      12 | Where I'm Calling From: Selected Stories            | Raymond      | Carver         |          1989 |             12 |   526 |
|      13 | White Noise                                         | Don          | DeLillo        |          1985 |             49 |   320 |
|      14 | Cannery Row                                         | John         | Steinbeck      |          1945 |             95 |   181 |
|      15 | Oblivion: Stories                                   | David        | Foster Wallace |          2004 |            172 |   329 |
|      16 | Consider the Lobster                                | David        | Foster Wallace |          2005 |             92 |   343 |
+---------+-----------------------------------------------------+--------------+----------------+---------------+----------------+-------+
16 rows in set (0.00 sec)

MariaDB [firsteg]> select min(title) from books;
+-------------------------------------------+
| min(title)                                |
+-------------------------------------------+
| A Heartbreaking Work of Staggering Genius |
+-------------------------------------------+
1 row in set (0.00 sec)

MariaDB [firsteg]> select min(pages) from books;
+------------+
| min(pages) |
+------------+
|        176 |
+------------+
1 row in set (0.00 sec)

MariaDB [firsteg]> select min(pages) from books where author_fname='neil;;
    '> select min(pages) from books where author_fname='neil';
    '> Bye
Ctrl-C -- exit!

C:\xampp\mysql\bin>mysql -u root
Welcome to the MariaDB monitor.  Commands end with ; or \g.
Your MariaDB connection id is 3
Server version: 10.1.40-MariaDB mariadb.org binary distribution

Copyright (c) 2000, 2018, Oracle, MariaDB Corporation Ab and others.

Type 'help;' or '\h' for help. Type '\c' to clear the current input statement.

MariaDB [(none)]> use firsteg;
Database changed
MariaDB [firsteg]> select min(pages) from books where author_fname='neil';
+------------+
| min(pages) |
+------------+
|        208 |
+------------+
1 row in set (0.00 sec)

MariaDB [firsteg]> select sum(pages) from books;
+------------+
| sum(pages) |
+------------+
|       5572 |
+------------+
1 row in set (0.00 sec)

MariaDB [firsteg]> select sum(title) from books;
+------------+
| sum(title) |
+------------+
|          0 |
+------------+
1 row in set, 16 warnings (0.00 sec)

MariaDB [firsteg]> select avg(title) from books;
+------------+
| avg(title) |
+------------+
|          0 |
+------------+
1 row in set, 16 warnings (0.00 sec)

MariaDB [firsteg]> select avg(pages) from books;
+------------+
| avg(pages) |
+------------+
|   348.2500 |
+------------+
1 row in set (0.00 sec)

MariaDB [firsteg]> select count(pages) from books;
+--------------+
| count(pages) |
+--------------+
|           16 |
+--------------+
1 row in set (0.00 sec)

MariaDB [firsteg]> select count(title) from books;
+--------------+
| count(title) |
+--------------+
|           16 |
+--------------+
1 row in set (0.00 sec)

MariaDB [firsteg]> select count(title) from books where author_fname='neil';
+--------------+
| count(title) |
+--------------+
|            3 |
+--------------+
1 row in set (0.00 sec)

MariaDB [firsteg]> select * from books;
+---------+-----------------------------------------------------+--------------+----------------+---------------+----------------+-------+
| book_id | title                                               | author_fname | author_lname   | released_year | stock_quantity | pages |
+---------+-----------------------------------------------------+--------------+----------------+---------------+----------------+-------+
|       1 | The Namesake                                        | Jhumpa       | Lahiri         |          2003 |             32 |   291 |
|       2 | Norse Mythology                                     | Neil         | Gaiman         |          2016 |             43 |   304 |
|       3 | American Gods                                       | Neil         | Gaiman         |          2001 |             12 |   465 |
|       4 | Interpreter of Maladies                             | Jhumpa       | Lahiri         |          1996 |             97 |   198 |
|       5 | A Hologram for the King: A Novel                    | Dave         | Eggers         |          2012 |            154 |   352 |
|       6 | The Circle                                          | Dave         | Eggers         |          2013 |             26 |   504 |
|       7 | The Amazing Adventures of Kavalier & Clay           | Michael      | Chabon         |          2000 |             68 |   634 |
|       8 | Just Kids                                           | Patti        | Smith          |          2010 |             55 |   304 |
|       9 | A Heartbreaking Work of Staggering Genius           | Dave         | Eggers         |          2001 |            104 |   437 |
|      10 | Coraline                                            | Neil         | Gaiman         |          2003 |            100 |   208 |
|      11 | What We Talk About When We Talk About Love: Stories | Raymond      | Carver         |          1981 |             23 |   176 |
|      12 | Where I'm Calling From: Selected Stories            | Raymond      | Carver         |          1989 |             12 |   526 |
|      13 | White Noise                                         | Don          | DeLillo        |          1985 |             49 |   320 |
|      14 | Cannery Row                                         | John         | Steinbeck      |          1945 |             95 |   181 |
|      15 | Oblivion: Stories                                   | David        | Foster Wallace |          2004 |            172 |   329 |
|      16 | Consider the Lobster                                | David        | Foster Wallace |          2005 |             92 |   343 |
+---------+-----------------------------------------------------+--------------+----------------+---------------+----------------+-------+
16 rows in set (0.00 sec)

MariaDB [firsteg]> select * from books like '_J%';
ERROR 1064 (42000): You have an error in your SQL syntax; check the manual that corresponds to your MariaDB server version for the right syntax to use near 'like '_J%'' at line 1
MariaDB [firsteg]> select * from books like '_h%';
ERROR 1064 (42000): You have an error in your SQL syntax; check the manual that corresponds to your MariaDB server version for the right syntax to use near 'like '_h%'' at line 1
MariaDB [firsteg]> select * from books where title like '_h%';
+---------+-----------------------------------------------------+--------------+--------------+---------------+----------------+-------+
| book_id | title                                               | author_fname | author_lname | released_year | stock_quantity | pages |
+---------+-----------------------------------------------------+--------------+--------------+---------------+----------------+-------+
|       1 | The Namesake                                        | Jhumpa       | Lahiri       |          2003 |             32 |   291 |
|       6 | The Circle                                          | Dave         | Eggers       |          2013 |             26 |   504 |
|       7 | The Amazing Adventures of Kavalier & Clay           | Michael      | Chabon       |          2000 |             68 |   634 |
|      11 | What We Talk About When We Talk About Love: Stories | Raymond      | Carver       |          1981 |             23 |   176 |
|      12 | Where I'm Calling From: Selected Stories            | Raymond      | Carver       |          1989 |             12 |   526 |
|      13 | White Noise                                         | Don          | DeLillo      |          1985 |             49 |   320 |
+---------+-----------------------------------------------------+--------------+--------------+---------------+----------------+-------+
6 rows in set (0.00 sec)

MariaDB [firsteg]> select * from books where books like '_h%';
ERROR 1054 (42S22): Unknown column 'books' in 'where clause'
MariaDB [firsteg]> select * from books where title like 't%e';
+---------+--------------+--------------+--------------+---------------+----------------+-------+
| book_id | title        | author_fname | author_lname | released_year | stock_quantity | pages |
+---------+--------------+--------------+--------------+---------------+----------------+-------+
|       1 | The Namesake | Jhumpa       | Lahiri       |          2003 |             32 |   291 |
|       6 | The Circle   | Dave         | Eggers       |          2013 |             26 |   504 |
+---------+--------------+--------------+--------------+---------------+----------------+-------+
2 rows in set (0.00 sec)

MariaDB [firsteg]> select * from books where title like 't_%_%';
+---------+-------------------------------------------+--------------+--------------+---------------+----------------+-------+
| book_id | title                                     | author_fname | author_lname | released_year | stock_quantity | pages |
+---------+-------------------------------------------+--------------+--------------+---------------+----------------+-------+
|       1 | The Namesake                              | Jhumpa       | Lahiri       |          2003 |             32 |   291 |
|       6 | The Circle                                | Dave         | Eggers       |          2013 |             26 |   504 |
|       7 | The Amazing Adventures of Kavalier & Clay | Michael      | Chabon       |          2000 |             68 |   634 |
+---------+-------------------------------------------+--------------+--------------+---------------+----------------+-------+
3 rows in set (0.00 sec)

MariaDB [firsteg]> select * from books where title like '[t,w]%';
Empty set (0.00 sec)

MariaDB [firsteg]> select * from books where title like '[T,W]%';
Empty set (0.00 sec)

MariaDB [firsteg]> select * from books where title like '[T,W,O]%';
Empty set (0.00 sec)

MariaDB [firsteg]> select * from books where title like '[TWO]%';
Empty set (0.00 sec)

MariaDB [firsteg]> select * from books where title like '[T,W,O]%';
Empty set (0.00 sec)

MariaDB [firsteg]> select * from books;
+---------+-----------------------------------------------------+--------------+----------------+---------------+----------------+-------+
| book_id | title                                               | author_fname | author_lname   | released_year | stock_quantity | pages |
+---------+-----------------------------------------------------+--------------+----------------+---------------+----------------+-------+
|       1 | The Namesake                                        | Jhumpa       | Lahiri         |          2003 |             32 |   291 |
|       2 | Norse Mythology                                     | Neil         | Gaiman         |          2016 |             43 |   304 |
|       3 | American Gods                                       | Neil         | Gaiman         |          2001 |             12 |   465 |
|       4 | Interpreter of Maladies                             | Jhumpa       | Lahiri         |          1996 |             97 |   198 |
|       5 | A Hologram for the King: A Novel                    | Dave         | Eggers         |          2012 |            154 |   352 |
|       6 | The Circle                                          | Dave         | Eggers         |          2013 |             26 |   504 |
|       7 | The Amazing Adventures of Kavalier & Clay           | Michael      | Chabon         |          2000 |             68 |   634 |
|       8 | Just Kids                                           | Patti        | Smith          |          2010 |             55 |   304 |
|       9 | A Heartbreaking Work of Staggering Genius           | Dave         | Eggers         |          2001 |            104 |   437 |
|      10 | Coraline                                            | Neil         | Gaiman         |          2003 |            100 |   208 |
|      11 | What We Talk About When We Talk About Love: Stories | Raymond      | Carver         |          1981 |             23 |   176 |
|      12 | Where I'm Calling From: Selected Stories            | Raymond      | Carver         |          1989 |             12 |   526 |
|      13 | White Noise                                         | Don          | DeLillo        |          1985 |             49 |   320 |
|      14 | Cannery Row                                         | John         | Steinbeck      |          1945 |             95 |   181 |
|      15 | Oblivion: Stories                                   | David        | Foster Wallace |          2004 |            172 |   329 |
|      16 | Consider the Lobster                                | David        | Foster Wallace |          2005 |             92 |   343 |
+---------+-----------------------------------------------------+--------------+----------------+---------------+----------------+-------+
16 rows in set (0.00 sec)

MariaDB [firsteg]> select title,pages+","+released_year+" "+author_fname as details from books;
+-----------------------------------------------------+---------+
| title                                               | details |
+-----------------------------------------------------+---------+
| The Namesake                                        |    2294 |
| Norse Mythology                                     |    2320 |
| American Gods                                       |    2466 |
| Interpreter of Maladies                             |    2194 |
| A Hologram for the King: A Novel                    |    2364 |
| The Circle                                          |    2517 |
| The Amazing Adventures of Kavalier & Clay           |    2634 |
| Just Kids                                           |    2314 |
| A Heartbreaking Work of Staggering Genius           |    2438 |
| Coraline                                            |    2211 |
| What We Talk About When We Talk About Love: Stories |    2157 |
| Where I'm Calling From: Selected Stories            |    2515 |
| White Noise                                         |    2305 |
| Cannery Row                                         |    2126 |
| Oblivion: Stories                                   |    2333 |
| Consider the Lobster                                |    2348 |
+-----------------------------------------------------+---------+
16 rows in set, 48 warnings (0.00 sec)

MariaDB [firsteg]> select title,author_lname+","+released_year+" "+author_fname as details from books;
+-----------------------------------------------------+---------+
| title                                               | details |
+-----------------------------------------------------+---------+
| The Namesake                                        |    2003 |
| Norse Mythology                                     |    2016 |
| American Gods                                       |    2001 |
| Interpreter of Maladies                             |    1996 |
| A Hologram for the King: A Novel                    |    2012 |
| The Circle                                          |    2013 |
| The Amazing Adventures of Kavalier & Clay           |    2000 |
| Just Kids                                           |    2010 |
| A Heartbreaking Work of Staggering Genius           |    2001 |
| Coraline                                            |    2003 |
| What We Talk About When We Talk About Love: Stories |    1981 |
| Where I'm Calling From: Selected Stories            |    1989 |
| White Noise                                         |    1985 |
| Cannery Row                                         |    1945 |
| Oblivion: Stories                                   |    2004 |
| Consider the Lobster                                |    2005 |
+-----------------------------------------------------+---------+
16 rows in set, 64 warnings (0.00 sec)

MariaDB [firsteg]> select * from books;
+---------+-----------------------------------------------------+--------------+----------------+---------------+----------------+-------+
| book_id | title                                               | author_fname | author_lname   | released_year | stock_quantity | pages |
+---------+-----------------------------------------------------+--------------+----------------+---------------+----------------+-------+
|       1 | The Namesake                                        | Jhumpa       | Lahiri         |          2003 |             32 |   291 |
|       2 | Norse Mythology                                     | Neil         | Gaiman         |          2016 |             43 |   304 |
|       3 | American Gods                                       | Neil         | Gaiman         |          2001 |             12 |   465 |
|       4 | Interpreter of Maladies                             | Jhumpa       | Lahiri         |          1996 |             97 |   198 |
|       5 | A Hologram for the King: A Novel                    | Dave         | Eggers         |          2012 |            154 |   352 |
|       6 | The Circle                                          | Dave         | Eggers         |          2013 |             26 |   504 |
|       7 | The Amazing Adventures of Kavalier & Clay           | Michael      | Chabon         |          2000 |             68 |   634 |
|       8 | Just Kids                                           | Patti        | Smith          |          2010 |             55 |   304 |
|       9 | A Heartbreaking Work of Staggering Genius           | Dave         | Eggers         |          2001 |            104 |   437 |
|      10 | Coraline                                            | Neil         | Gaiman         |          2003 |            100 |   208 |
|      11 | What We Talk About When We Talk About Love: Stories | Raymond      | Carver         |          1981 |             23 |   176 |
|      12 | Where I'm Calling From: Selected Stories            | Raymond      | Carver         |          1989 |             12 |   526 |
|      13 | White Noise                                         | Don          | DeLillo        |          1985 |             49 |   320 |
|      14 | Cannery Row                                         | John         | Steinbeck      |          1945 |             95 |   181 |
|      15 | Oblivion: Stories                                   | David        | Foster Wallace |          2004 |            172 |   329 |
|      16 | Consider the Lobster                                | David        | Foster Wallace |          2005 |             92 |   343 |
+---------+-----------------------------------------------------+--------------+----------------+---------------+----------------+-------+
16 rows in set (0.00 sec)

MariaDB [firsteg]> select substring(title,1,8) as 'short title' from books
    -> ;
+-------------+
| short title |
+-------------+
| The Name    |
| Norse My    |
| American    |
| Interpre    |
| A Hologr    |
| The Circ    |
| The Amaz    |
| Just Kid    |
| A Heartb    |
| Coraline    |
| What We     |
| Where I'    |
| White No    |
| Cannery     |
| Oblivion    |
| Consider    |
+-------------+
16 rows in set (0.00 sec)

MariaDB [firsteg]> select substring(title,1,8...) as 'short title' from books;
ERROR 1064 (42000): You have an error in your SQL syntax; check the manual that corresponds to your MariaDB server version for the right syntax to use near '..) as 'short title' from books' at line 1
MariaDB [firsteg]> select substring(title,1,8,"...") as 'short title' from books;
ERROR 1064 (42000): You have an error in your SQL syntax; check the manual that corresponds to your MariaDB server version for the right syntax to use near '"...") as 'short title' from books' at line 1
MariaDB [firsteg]> select * from books;
+---------+-----------------------------------------------------+--------------+----------------+---------------+----------------+-------+
| book_id | title                                               | author_fname | author_lname   | released_year | stock_quantity | pages |
+---------+-----------------------------------------------------+--------------+----------------+---------------+----------------+-------+
|       1 | The Namesake                                        | Jhumpa       | Lahiri         |          2003 |             32 |   291 |
|       2 | Norse Mythology                                     | Neil         | Gaiman         |          2016 |             43 |   304 |
|       3 | American Gods                                       | Neil         | Gaiman         |          2001 |             12 |   465 |
|       4 | Interpreter of Maladies                             | Jhumpa       | Lahiri         |          1996 |             97 |   198 |
|       5 | A Hologram for the King: A Novel                    | Dave         | Eggers         |          2012 |            154 |   352 |
|       6 | The Circle                                          | Dave         | Eggers         |          2013 |             26 |   504 |
|       7 | The Amazing Adventures of Kavalier & Clay           | Michael      | Chabon         |          2000 |             68 |   634 |
|       8 | Just Kids                                           | Patti        | Smith          |          2010 |             55 |   304 |
|       9 | A Heartbreaking Work of Staggering Genius           | Dave         | Eggers         |          2001 |            104 |   437 |
|      10 | Coraline                                            | Neil         | Gaiman         |          2003 |            100 |   208 |
|      11 | What We Talk About When We Talk About Love: Stories | Raymond      | Carver         |          1981 |             23 |   176 |
|      12 | Where I'm Calling From: Selected Stories            | Raymond      | Carver         |          1989 |             12 |   526 |
|      13 | White Noise                                         | Don          | DeLillo        |          1985 |             49 |   320 |
|      14 | Cannery Row                                         | John         | Steinbeck      |          1945 |             95 |   181 |
|      15 | Oblivion: Stories                                   | David        | Foster Wallace |          2004 |            172 |   329 |
|      16 | Consider the Lobster                                | David        | Foster Wallace |          2005 |             92 |   343 |
+---------+-----------------------------------------------------+--------------+----------------+---------------+----------------+-------+
16 rows in set (0.00 sec)

MariaDB [firsteg]> select replace(title," ","->") from books;
+--------------------------------------------------------------+
| replace(title," ","->")                                      |
+--------------------------------------------------------------+
| The->Namesake                                                |
| Norse->Mythology                                             |
| American->Gods                                               |
| Interpreter->of->Maladies                                    |
| A->Hologram->for->the->King:->A->Novel                       |
| The->Circle                                                  |
| The->Amazing->Adventures->of->Kavalier->&->Clay              |
| Just->Kids                                                   |
| A->Heartbreaking->Work->of->Staggering->Genius               |
| Coraline                                                     |
| What->We->Talk->About->When->We->Talk->About->Love:->Stories |
| Where->I'm->Calling->From:->Selected->Stories                |
| White->Noise                                                 |
| Cannery->Row                                                 |
| Oblivion:->Stories                                           |
| Consider->the->Lobster                                       |
+--------------------------------------------------------------+
16 rows in set (0.00 sec)

MariaDB [firsteg]> select * from books;
+---------+-----------------------------------------------------+--------------+----------------+---------------+----------------+-------+
| book_id | title                                               | author_fname | author_lname   | released_year | stock_quantity | pages |
+---------+-----------------------------------------------------+--------------+----------------+---------------+----------------+-------+
|       1 | The Namesake                                        | Jhumpa       | Lahiri         |          2003 |             32 |   291 |
|       2 | Norse Mythology                                     | Neil         | Gaiman         |          2016 |             43 |   304 |
|       3 | American Gods                                       | Neil         | Gaiman         |          2001 |             12 |   465 |
|       4 | Interpreter of Maladies                             | Jhumpa       | Lahiri         |          1996 |             97 |   198 |
|       5 | A Hologram for the King: A Novel                    | Dave         | Eggers         |          2012 |            154 |   352 |
|       6 | The Circle                                          | Dave         | Eggers         |          2013 |             26 |   504 |
|       7 | The Amazing Adventures of Kavalier & Clay           | Michael      | Chabon         |          2000 |             68 |   634 |
|       8 | Just Kids                                           | Patti        | Smith          |          2010 |             55 |   304 |
|       9 | A Heartbreaking Work of Staggering Genius           | Dave         | Eggers         |          2001 |            104 |   437 |
|      10 | Coraline                                            | Neil         | Gaiman         |          2003 |            100 |   208 |
|      11 | What We Talk About When We Talk About Love: Stories | Raymond      | Carver         |          1981 |             23 |   176 |
|      12 | Where I'm Calling From: Selected Stories            | Raymond      | Carver         |          1989 |             12 |   526 |
|      13 | White Noise                                         | Don          | DeLillo        |          1985 |             49 |   320 |
|      14 | Cannery Row                                         | John         | Steinbeck      |          1945 |             95 |   181 |
|      15 | Oblivion: Stories                                   | David        | Foster Wallace |          2004 |            172 |   329 |
|      16 | Consider the Lobster                                | David        | Foster Wallace |          2005 |             92 |   343 |
+---------+-----------------------------------------------------+--------------+----------------+---------------+----------------+-------+
16 rows in set (0.00 sec)

MariaDB [firsteg]> select author_lname as forwards,reverse(author_lname) as backwards from books;
+----------------+----------------+
| forwards       | backwards      |
+----------------+----------------+
| Lahiri         | irihaL         |
| Gaiman         | namiaG         |
| Gaiman         | namiaG         |
| Lahiri         | irihaL         |
| Eggers         | sreggE         |
| Eggers         | sreggE         |
| Chabon         | nobahC         |
| Smith          | htimS          |
| Eggers         | sreggE         |
| Gaiman         | namiaG         |
| Carver         | revraC         |
| Carver         | revraC         |
| DeLillo        | olliLeD        |
| Steinbeck      | kcebnietS      |
| Foster Wallace | ecallaW retsoF |
| Foster Wallace | ecallaW retsoF |
+----------------+----------------+
16 rows in set (0.00 sec)

MariaDB [firsteg]> select * from books;
+---------+-----------------------------------------------------+--------------+----------------+---------------+----------------+-------+
| book_id | title                                               | author_fname | author_lname   | released_year | stock_quantity | pages |
+---------+-----------------------------------------------------+--------------+----------------+---------------+----------------+-------+
|       1 | The Namesake                                        | Jhumpa       | Lahiri         |          2003 |             32 |   291 |
|       2 | Norse Mythology                                     | Neil         | Gaiman         |          2016 |             43 |   304 |
|       3 | American Gods                                       | Neil         | Gaiman         |          2001 |             12 |   465 |
|       4 | Interpreter of Maladies                             | Jhumpa       | Lahiri         |          1996 |             97 |   198 |
|       5 | A Hologram for the King: A Novel                    | Dave         | Eggers         |          2012 |            154 |   352 |
|       6 | The Circle                                          | Dave         | Eggers         |          2013 |             26 |   504 |
|       7 | The Amazing Adventures of Kavalier & Clay           | Michael      | Chabon         |          2000 |             68 |   634 |
|       8 | Just Kids                                           | Patti        | Smith          |          2010 |             55 |   304 |
|       9 | A Heartbreaking Work of Staggering Genius           | Dave         | Eggers         |          2001 |            104 |   437 |
|      10 | Coraline                                            | Neil         | Gaiman         |          2003 |            100 |   208 |
|      11 | What We Talk About When We Talk About Love: Stories | Raymond      | Carver         |          1981 |             23 |   176 |
|      12 | Where I'm Calling From: Selected Stories            | Raymond      | Carver         |          1989 |             12 |   526 |
|      13 | White Noise                                         | Don          | DeLillo        |          1985 |             49 |   320 |
|      14 | Cannery Row                                         | John         | Steinbeck      |          1945 |             95 |   181 |
|      15 | Oblivion: Stories                                   | David        | Foster Wallace |          2004 |            172 |   329 |
|      16 | Consider the Lobster                                | David        | Foster Wallace |          2005 |             92 |   343 |
+---------+-----------------------------------------------------+--------------+----------------+---------------+----------------+-------+
16 rows in set (0.00 sec)

MariaDB [firsteg]> select upper(concat(author_lname," ",author_fname)) from books;
+----------------------------------------------+
| upper(concat(author_lname," ",author_fname)) |
+----------------------------------------------+
| LAHIRI JHUMPA                                |
| GAIMAN NEIL                                  |
| GAIMAN NEIL                                  |
| LAHIRI JHUMPA                                |
| EGGERS DAVE                                  |
| EGGERS DAVE                                  |
| CHABON MICHAEL                               |
| SMITH PATTI                                  |
| EGGERS DAVE                                  |
| GAIMAN NEIL                                  |
| CARVER RAYMOND                               |
| CARVER RAYMOND                               |
| DELILLO DON                                  |
| STEINBECK JOHN                               |
| FOSTER WALLACE DAVID                         |
| FOSTER WALLACE DAVID                         |
+----------------------------------------------+
16 rows in set (0.00 sec)

MariaDB [firsteg]> select * from books;
+---------+-----------------------------------------------------+--------------+----------------+---------------+----------------+-------+
| book_id | title                                               | author_fname | author_lname   | released_year | stock_quantity | pages |
+---------+-----------------------------------------------------+--------------+----------------+---------------+----------------+-------+
|       1 | The Namesake                                        | Jhumpa       | Lahiri         |          2003 |             32 |   291 |
|       2 | Norse Mythology                                     | Neil         | Gaiman         |          2016 |             43 |   304 |
|       3 | American Gods                                       | Neil         | Gaiman         |          2001 |             12 |   465 |
|       4 | Interpreter of Maladies                             | Jhumpa       | Lahiri         |          1996 |             97 |   198 |
|       5 | A Hologram for the King: A Novel                    | Dave         | Eggers         |          2012 |            154 |   352 |
|       6 | The Circle                                          | Dave         | Eggers         |          2013 |             26 |   504 |
|       7 | The Amazing Adventures of Kavalier & Clay           | Michael      | Chabon         |          2000 |             68 |   634 |
|       8 | Just Kids                                           | Patti        | Smith          |          2010 |             55 |   304 |
|       9 | A Heartbreaking Work of Staggering Genius           | Dave         | Eggers         |          2001 |            104 |   437 |
|      10 | Coraline                                            | Neil         | Gaiman         |          2003 |            100 |   208 |
|      11 | What We Talk About When We Talk About Love: Stories | Raymond      | Carver         |          1981 |             23 |   176 |
|      12 | Where I'm Calling From: Selected Stories            | Raymond      | Carver         |          1989 |             12 |   526 |
|      13 | White Noise                                         | Don          | DeLillo        |          1985 |             49 |   320 |
|      14 | Cannery Row                                         | John         | Steinbeck      |          1945 |             95 |   181 |
|      15 | Oblivion: Stories                                   | David        | Foster Wallace |          2004 |            172 |   329 |
|      16 | Consider the Lobster                                | David        | Foster Wallace |          2005 |             92 |   343 |
+---------+-----------------------------------------------------+--------------+----------------+---------------+----------------+-------+
16 rows in set (0.00 sec)

MariaDB [firsteg]> select concat(title," ","was released in",released_year) from books;
+-------------------------------------------------------------------------+
| concat(title," ","was released in",released_year)                       |
+-------------------------------------------------------------------------+
| The Namesake was released in2003                                        |
| Norse Mythology was released in2016                                     |
| American Gods was released in2001                                       |
| Interpreter of Maladies was released in1996                             |
| A Hologram for the King: A Novel was released in2012                    |
| The Circle was released in2013                                          |
| The Amazing Adventures of Kavalier & Clay was released in2000           |
| Just Kids was released in2010                                           |
| A Heartbreaking Work of Staggering Genius was released in2001           |
| Coraline was released in2003                                            |
| What We Talk About When We Talk About Love: Stories was released in1981 |
| Where I'm Calling From: Selected Stories was released in1989            |
| White Noise was released in1985                                         |
| Cannery Row was released in1945                                         |
| Oblivion: Stories was released in2004                                   |
| Consider the Lobster was released in2005                                |
+-------------------------------------------------------------------------+
16 rows in set (0.00 sec)

MariaDB [firsteg]> select title,char_length(title) as count from books;
+-----------------------------------------------------+-------+
| title                                               | count |
+-----------------------------------------------------+-------+
| The Namesake                                        |    12 |
| Norse Mythology                                     |    15 |
| American Gods                                       |    13 |
| Interpreter of Maladies                             |    23 |
| A Hologram for the King: A Novel                    |    32 |
| The Circle                                          |    10 |
| The Amazing Adventures of Kavalier & Clay           |    41 |
| Just Kids                                           |     9 |
| A Heartbreaking Work of Staggering Genius           |    41 |
| Coraline                                            |     8 |
| What We Talk About When We Talk About Love: Stories |    51 |
| Where I'm Calling From: Selected Stories            |    40 |
| White Noise                                         |    11 |
| Cannery Row                                         |    11 |
| Oblivion: Stories                                   |    17 |
| Consider the Lobster                                |    20 |
+-----------------------------------------------------+-------+
16 rows in set (0.00 sec)

MariaDB [firsteg]> select * from books;
+---------+-----------------------------------------------------+--------------+----------------+---------------+----------------+-------+
| book_id | title                                               | author_fname | author_lname   | released_year | stock_quantity | pages |
+---------+-----------------------------------------------------+--------------+----------------+---------------+----------------+-------+
|       1 | The Namesake                                        | Jhumpa       | Lahiri         |          2003 |             32 |   291 |
|       2 | Norse Mythology                                     | Neil         | Gaiman         |          2016 |             43 |   304 |
|       3 | American Gods                                       | Neil         | Gaiman         |          2001 |             12 |   465 |
|       4 | Interpreter of Maladies                             | Jhumpa       | Lahiri         |          1996 |             97 |   198 |
|       5 | A Hologram for the King: A Novel                    | Dave         | Eggers         |          2012 |            154 |   352 |
|       6 | The Circle                                          | Dave         | Eggers         |          2013 |             26 |   504 |
|       7 | The Amazing Adventures of Kavalier & Clay           | Michael      | Chabon         |          2000 |             68 |   634 |
|       8 | Just Kids                                           | Patti        | Smith          |          2010 |             55 |   304 |
|       9 | A Heartbreaking Work of Staggering Genius           | Dave         | Eggers         |          2001 |            104 |   437 |
|      10 | Coraline                                            | Neil         | Gaiman         |          2003 |            100 |   208 |
|      11 | What We Talk About When We Talk About Love: Stories | Raymond      | Carver         |          1981 |             23 |   176 |
|      12 | Where I'm Calling From: Selected Stories            | Raymond      | Carver         |          1989 |             12 |   526 |
|      13 | White Noise                                         | Don          | DeLillo        |          1985 |             49 |   320 |
|      14 | Cannery Row                                         | John         | Steinbeck      |          1945 |             95 |   181 |
|      15 | Oblivion: Stories                                   | David        | Foster Wallace |          2004 |            172 |   329 |
|      16 | Consider the Lobster                                | David        | Foster Wallace |          2005 |             92 |   343 |
+---------+-----------------------------------------------------+--------------+----------------+---------------+----------------+-------+
16 rows in set (0.00 sec)

MariaDB [firsteg]> select substring(title,1,9) as 'short title',concat(author_lname,",",author_fname) as 'full name',concat(stock_quantity," ","in stock") from books where released_year=2001;
+-------------+-------------+---------------------------------------+
| short title | full name   | concat(stock_quantity," ","in stock") |
+-------------+-------------+---------------------------------------+
| American    | Gaiman,Neil | 12 in stock                           |
| A Heartbr   | Eggers,Dave | 104 in stock                          |
+-------------+-------------+---------------------------------------+
2 rows in set (0.00 sec)

MariaDB [firsteg]> select concat(substring(title,1,9),"...") as 'short title',concat(author_lname,",",author_fname) as 'full name',concat(stock_quantity," ","in stock") from books where released_year=2001;
+--------------+-------------+---------------------------------------+
| short title  | full name   | concat(stock_quantity," ","in stock") |
+--------------+-------------+---------------------------------------+
| American ... | Gaiman,Neil | 12 in stock                           |
| A Heartbr... | Eggers,Dave | 104 in stock                          |
+--------------+-------------+---------------------------------------+
2 rows in set (0.00 sec)

MariaDB [firsteg]> NSERT INTO books
    ->     (title, author_fname, author_lname, released_year, stock_quantity, pages)
    ->     VALUES ('10% Happier', 'Dan', 'Harris', 2014, 29, 256),
    ->            ('fake_book', 'Freida', 'Harris', 2001, 287, 428),
    ->            ('Lincoln In The Bardo', 'George', 'Saunders', 2017, 1000, 367);
ERROR 1064 (42000): You have an error in your SQL syntax; check the manual that corresponds to your MariaDB server version for the right syntax to use near 'NSERT INTO books
    (title, author_fname, author_lname, released_year, stock_qu' at line 1
MariaDB [firsteg]>            ('Lincoln In The Bardo'
    -> NSERT INTO books
    ->     (title, author_fname, author_lname, released_year, stock_quantity, pages)
    ->     VALUES ('10% Happier', 'Dan', 'Harris', 2014, 29, 256),
    ->            ('fake_book', 'Freida', 'Harris', 2001, 287, 428),
    ->            ('Lincoln In The Bardo', 'George', 'Saunders', 2017, 1000, 367);
ERROR 1064 (42000): You have an error in your SQL syntax; check the manual that corresponds to your MariaDB server version for the right syntax to use near ''Lincoln In The Bardo'
NSERT INTO books
    (title, author_fname, author_lname, ' at line 1
MariaDB [firsteg]> INSERT INTO books
    ->     (title, author_fname, author_lname, released_year, stock_quantity, pages)
    ->     VALUES ('10% Happier', 'Dan', 'Harris', 2014, 29, 256),
    ->            ('fake_book', 'Freida', 'Harris', 2001, 287, 428),
    ->            ('Lincoln In The Bardo', 'George', 'Saunders', 2017, 1000, 367);
Query OK, 3 rows affected (0.06 sec)
Records: 3  Duplicates: 0  Warnings: 0

MariaDB [firsteg]> DISTINCT
    -> SELECT DISTINCT author_lname FROM books;
ERROR 1064 (42000): You have an error in your SQL syntax; check the manual that corresponds to your MariaDB server version for the right syntax to use near 'DISTINCT
SELECT DISTINCT author_lname FROM books' at line 1
MariaDB [firsteg]> select * from books;
+---------+-----------------------------------------------------+--------------+----------------+---------------+----------------+-------+
| book_id | title                                               | author_fname | author_lname   | released_year | stock_quantity | pages |
+---------+-----------------------------------------------------+--------------+----------------+---------------+----------------+-------+
|       1 | The Namesake                                        | Jhumpa       | Lahiri         |          2003 |             32 |   291 |
|       2 | Norse Mythology                                     | Neil         | Gaiman         |          2016 |             43 |   304 |
|       3 | American Gods                                       | Neil         | Gaiman         |          2001 |             12 |   465 |
|       4 | Interpreter of Maladies                             | Jhumpa       | Lahiri         |          1996 |             97 |   198 |
|       5 | A Hologram for the King: A Novel                    | Dave         | Eggers         |          2012 |            154 |   352 |
|       6 | The Circle                                          | Dave         | Eggers         |          2013 |             26 |   504 |
|       7 | The Amazing Adventures of Kavalier & Clay           | Michael      | Chabon         |          2000 |             68 |   634 |
|       8 | Just Kids                                           | Patti        | Smith          |          2010 |             55 |   304 |
|       9 | A Heartbreaking Work of Staggering Genius           | Dave         | Eggers         |          2001 |            104 |   437 |
|      10 | Coraline                                            | Neil         | Gaiman         |          2003 |            100 |   208 |
|      11 | What We Talk About When We Talk About Love: Stories | Raymond      | Carver         |          1981 |             23 |   176 |
|      12 | Where I'm Calling From: Selected Stories            | Raymond      | Carver         |          1989 |             12 |   526 |
|      13 | White Noise                                         | Don          | DeLillo        |          1985 |             49 |   320 |
|      14 | Cannery Row                                         | John         | Steinbeck      |          1945 |             95 |   181 |
|      15 | Oblivion: Stories                                   | David        | Foster Wallace |          2004 |            172 |   329 |
|      16 | Consider the Lobster                                | David        | Foster Wallace |          2005 |             92 |   343 |
|      17 | 10% Happier                                         | Dan          | Harris         |          2014 |             29 |   256 |
|      18 | fake_book                                           | Freida       | Harris         |          2001 |            287 |   428 |
|      19 | Lincoln In The Bardo                                | George       | Saunders       |          2017 |           1000 |   367 |
+---------+-----------------------------------------------------+--------------+----------------+---------------+----------------+-------+
19 rows in set (0.00 sec)

MariaDB [firsteg]> select distinct author_lname from books;
+----------------+
| author_lname   |
+----------------+
| Lahiri         |
| Gaiman         |
| Eggers         |
| Chabon         |
| Smith          |
| Carver         |
| DeLillo        |
| Steinbeck      |
| Foster Wallace |
| Harris         |
| Saunders       |
+----------------+
11 rows in set (0.00 sec)

MariaDB [firsteg]> select distinct(concat(author_lname," ",author_fname) as 'full name' from books;
ERROR 1064 (42000): You have an error in your SQL syntax; check the manual that corresponds to your MariaDB server version for the right syntax to use near 'as 'full name' from books' at line 1
MariaDB [firsteg]> select distinct(concat(author_lname," ",author_fname)) as 'full name' from books;
+----------------------+
| full name            |
+----------------------+
| Lahiri Jhumpa        |
| Gaiman Neil          |
| Eggers Dave          |
| Chabon Michael       |
| Smith Patti          |
| Carver Raymond       |
| DeLillo Don          |
| Steinbeck John       |
| Foster Wallace David |
| Harris Dan           |
| Harris Freida        |
| Saunders George      |
+----------------------+
12 rows in set (0.00 sec)

MariaDB [firsteg]> select * from books;
+---------+-----------------------------------------------------+--------------+----------------+---------------+----------------+-------+
| book_id | title                                               | author_fname | author_lname   | released_year | stock_quantity | pages |
+---------+-----------------------------------------------------+--------------+----------------+---------------+----------------+-------+
|       1 | The Namesake                                        | Jhumpa       | Lahiri         |          2003 |             32 |   291 |
|       2 | Norse Mythology                                     | Neil         | Gaiman         |          2016 |             43 |   304 |
|       3 | American Gods                                       | Neil         | Gaiman         |          2001 |             12 |   465 |
|       4 | Interpreter of Maladies                             | Jhumpa       | Lahiri         |          1996 |             97 |   198 |
|       5 | A Hologram for the King: A Novel                    | Dave         | Eggers         |          2012 |            154 |   352 |
|       6 | The Circle                                          | Dave         | Eggers         |          2013 |             26 |   504 |
|       7 | The Amazing Adventures of Kavalier & Clay           | Michael      | Chabon         |          2000 |             68 |   634 |
|       8 | Just Kids                                           | Patti        | Smith          |          2010 |             55 |   304 |
|       9 | A Heartbreaking Work of Staggering Genius           | Dave         | Eggers         |          2001 |            104 |   437 |
|      10 | Coraline                                            | Neil         | Gaiman         |          2003 |            100 |   208 |
|      11 | What We Talk About When We Talk About Love: Stories | Raymond      | Carver         |          1981 |             23 |   176 |
|      12 | Where I'm Calling From: Selected Stories            | Raymond      | Carver         |          1989 |             12 |   526 |
|      13 | White Noise                                         | Don          | DeLillo        |          1985 |             49 |   320 |
|      14 | Cannery Row                                         | John         | Steinbeck      |          1945 |             95 |   181 |
|      15 | Oblivion: Stories                                   | David        | Foster Wallace |          2004 |            172 |   329 |
|      16 | Consider the Lobster                                | David        | Foster Wallace |          2005 |             92 |   343 |
|      17 | 10% Happier                                         | Dan          | Harris         |          2014 |             29 |   256 |
|      18 | fake_book                                           | Freida       | Harris         |          2001 |            287 |   428 |
|      19 | Lincoln In The Bardo                                | George       | Saunders       |          2017 |           1000 |   367 |
+---------+-----------------------------------------------------+--------------+----------------+---------------+----------------+-------+
19 rows in set (0.00 sec)

MariaDB [firsteg]> select author_lname from books order by author_lname;
+----------------+
| author_lname   |
+----------------+
| Carver         |
| Carver         |
| Chabon         |
| DeLillo        |
| Eggers         |
| Eggers         |
| Eggers         |
| Foster Wallace |
| Foster Wallace |
| Gaiman         |
| Gaiman         |
| Gaiman         |
| Harris         |
| Harris         |
| Lahiri         |
| Lahiri         |
| Saunders       |
| Smith          |
| Steinbeck      |
+----------------+
19 rows in set (0.00 sec)

MariaDB [firsteg]> select author_lname from books order by author_lname desc;
+----------------+
| author_lname   |
+----------------+
| Steinbeck      |
| Smith          |
| Saunders       |
| Lahiri         |
| Lahiri         |
| Harris         |
| Harris         |
| Gaiman         |
| Gaiman         |
| Gaiman         |
| Foster Wallace |
| Foster Wallace |
| Eggers         |
| Eggers         |
| Eggers         |
| DeLillo        |
| Chabon         |
| Carver         |
| Carver         |
+----------------+
19 rows in set (0.00 sec)

MariaDB [firsteg]> select author_lname from books order by released_year;
+----------------+
| author_lname   |
+----------------+
| Steinbeck      |
| Carver         |
| DeLillo        |
| Carver         |
| Lahiri         |
| Chabon         |
| Gaiman         |
| Harris         |
| Eggers         |
| Lahiri         |
| Gaiman         |
| Foster Wallace |
| Foster Wallace |
| Smith          |
| Eggers         |
| Eggers         |
| Harris         |
| Gaiman         |
| Saunders       |
+----------------+
19 rows in set (0.00 sec)

MariaDB [firsteg]> select * from books;
+---------+-----------------------------------------------------+--------------+----------------+---------------+----------------+-------+
| book_id | title                                               | author_fname | author_lname   | released_year | stock_quantity | pages |
+---------+-----------------------------------------------------+--------------+----------------+---------------+----------------+-------+
|       1 | The Namesake                                        | Jhumpa       | Lahiri         |          2003 |             32 |   291 |
|       2 | Norse Mythology                                     | Neil         | Gaiman         |          2016 |             43 |   304 |
|       3 | American Gods                                       | Neil         | Gaiman         |          2001 |             12 |   465 |
|       4 | Interpreter of Maladies                             | Jhumpa       | Lahiri         |          1996 |             97 |   198 |
|       5 | A Hologram for the King: A Novel                    | Dave         | Eggers         |          2012 |            154 |   352 |
|       6 | The Circle                                          | Dave         | Eggers         |          2013 |             26 |   504 |
|       7 | The Amazing Adventures of Kavalier & Clay           | Michael      | Chabon         |          2000 |             68 |   634 |
|       8 | Just Kids                                           | Patti        | Smith          |          2010 |             55 |   304 |
|       9 | A Heartbreaking Work of Staggering Genius           | Dave         | Eggers         |          2001 |            104 |   437 |
|      10 | Coraline                                            | Neil         | Gaiman         |          2003 |            100 |   208 |
|      11 | What We Talk About When We Talk About Love: Stories | Raymond      | Carver         |          1981 |             23 |   176 |
|      12 | Where I'm Calling From: Selected Stories            | Raymond      | Carver         |          1989 |             12 |   526 |
|      13 | White Noise                                         | Don          | DeLillo        |          1985 |             49 |   320 |
|      14 | Cannery Row                                         | John         | Steinbeck      |          1945 |             95 |   181 |
|      15 | Oblivion: Stories                                   | David        | Foster Wallace |          2004 |            172 |   329 |
|      16 | Consider the Lobster                                | David        | Foster Wallace |          2005 |             92 |   343 |
|      17 | 10% Happier                                         | Dan          | Harris         |          2014 |             29 |   256 |
|      18 | fake_book                                           | Freida       | Harris         |          2001 |            287 |   428 |
|      19 | Lincoln In The Bardo                                | George       | Saunders       |          2017 |           1000 |   367 |
+---------+-----------------------------------------------------+--------------+----------------+---------------+----------------+-------+
19 rows in set (0.00 sec)

MariaDB [firsteg]> SELECT title, author_fname, author_lname
    -> FROM books ORDER BY 2;
+-----------------------------------------------------+--------------+----------------+
| title                                               | author_fname | author_lname   |
+-----------------------------------------------------+--------------+----------------+
| 10% Happier                                         | Dan          | Harris         |
| A Hologram for the King: A Novel                    | Dave         | Eggers         |
| The Circle                                          | Dave         | Eggers         |
| A Heartbreaking Work of Staggering Genius           | Dave         | Eggers         |
| Consider the Lobster                                | David        | Foster Wallace |
| Oblivion: Stories                                   | David        | Foster Wallace |
| White Noise                                         | Don          | DeLillo        |
| fake_book                                           | Freida       | Harris         |
| Lincoln In The Bardo                                | George       | Saunders       |
| The Namesake                                        | Jhumpa       | Lahiri         |
| Interpreter of Maladies                             | Jhumpa       | Lahiri         |
| Cannery Row                                         | John         | Steinbeck      |
| The Amazing Adventures of Kavalier & Clay           | Michael      | Chabon         |
| American Gods                                       | Neil         | Gaiman         |
| Norse Mythology                                     | Neil         | Gaiman         |
| Coraline                                            | Neil         | Gaiman         |
| Just Kids                                           | Patti        | Smith          |
| What We Talk About When We Talk About Love: Stories | Raymond      | Carver         |
| Where I'm Calling From: Selected Stories            | Raymond      | Carver         |
+-----------------------------------------------------+--------------+----------------+
19 rows in set (0.00 sec)

MariaDB [firsteg]> SELECT title, author_fname, author_lname
    -> FROM books ORDER BY 3;
+-----------------------------------------------------+--------------+----------------+
| title                                               | author_fname | author_lname   |
+-----------------------------------------------------+--------------+----------------+
| Where I'm Calling From: Selected Stories            | Raymond      | Carver         |
| What We Talk About When We Talk About Love: Stories | Raymond      | Carver         |
| The Amazing Adventures of Kavalier & Clay           | Michael      | Chabon         |
| White Noise                                         | Don          | DeLillo        |
| A Hologram for the King: A Novel                    | Dave         | Eggers         |
| The Circle                                          | Dave         | Eggers         |
| A Heartbreaking Work of Staggering Genius           | Dave         | Eggers         |
| Oblivion: Stories                                   | David        | Foster Wallace |
| Consider the Lobster                                | David        | Foster Wallace |
| Coraline                                            | Neil         | Gaiman         |
| American Gods                                       | Neil         | Gaiman         |
| Norse Mythology                                     | Neil         | Gaiman         |
| fake_book                                           | Freida       | Harris         |
| 10% Happier                                         | Dan          | Harris         |
| The Namesake                                        | Jhumpa       | Lahiri         |
| Interpreter of Maladies                             | Jhumpa       | Lahiri         |
| Lincoln In The Bardo                                | George       | Saunders       |
| Just Kids                                           | Patti        | Smith          |
| Cannery Row                                         | John         | Steinbeck      |
+-----------------------------------------------------+--------------+----------------+
19 rows in set (0.00 sec)

MariaDB [firsteg]> SELECT author_fname, author_lname FROM books
    -> ORDER BY author_lname, author_fname;
+--------------+----------------+
| author_fname | author_lname   |
+--------------+----------------+
| Raymond      | Carver         |
| Raymond      | Carver         |
| Michael      | Chabon         |
| Don          | DeLillo        |
| Dave         | Eggers         |
| Dave         | Eggers         |
| Dave         | Eggers         |
| David        | Foster Wallace |
| David        | Foster Wallace |
| Neil         | Gaiman         |
| Neil         | Gaiman         |
| Neil         | Gaiman         |
| Dan          | Harris         |
| Freida       | Harris         |
| Jhumpa       | Lahiri         |
| Jhumpa       | Lahiri         |
| George       | Saunders       |
| Patti        | Smith          |
| John         | Steinbeck      |
+--------------+----------------+
19 rows in set (0.00 sec)

MariaDB [firsteg]> SELECT title, author_fname, author_lname
    -> ORDER BY author_lname;
ERROR 1054 (42S22): Unknown column 'title' in 'field list'
MariaDB [firsteg]> select * from books;
+---------+-----------------------------------------------------+--------------+----------------+---------------+----------------+-------+
| book_id | title                                               | author_fname | author_lname   | released_year | stock_quantity | pages |
+---------+-----------------------------------------------------+--------------+----------------+---------------+----------------+-------+
|       1 | The Namesake                                        | Jhumpa       | Lahiri         |          2003 |             32 |   291 |
|       2 | Norse Mythology                                     | Neil         | Gaiman         |          2016 |             43 |   304 |
|       3 | American Gods                                       | Neil         | Gaiman         |          2001 |             12 |   465 |
|       4 | Interpreter of Maladies                             | Jhumpa       | Lahiri         |          1996 |             97 |   198 |
|       5 | A Hologram for the King: A Novel                    | Dave         | Eggers         |          2012 |            154 |   352 |
|       6 | The Circle                                          | Dave         | Eggers         |          2013 |             26 |   504 |
|       7 | The Amazing Adventures of Kavalier & Clay           | Michael      | Chabon         |          2000 |             68 |   634 |
|       8 | Just Kids                                           | Patti        | Smith          |          2010 |             55 |   304 |
|       9 | A Heartbreaking Work of Staggering Genius           | Dave         | Eggers         |          2001 |            104 |   437 |
|      10 | Coraline                                            | Neil         | Gaiman         |          2003 |            100 |   208 |
|      11 | What We Talk About When We Talk About Love: Stories | Raymond      | Carver         |          1981 |             23 |   176 |
|      12 | Where I'm Calling From: Selected Stories            | Raymond      | Carver         |          1989 |             12 |   526 |
|      13 | White Noise                                         | Don          | DeLillo        |          1985 |             49 |   320 |
|      14 | Cannery Row                                         | John         | Steinbeck      |          1945 |             95 |   181 |
|      15 | Oblivion: Stories                                   | David        | Foster Wallace |          2004 |            172 |   329 |
|      16 | Consider the Lobster                                | David        | Foster Wallace |          2005 |             92 |   343 |
|      17 | 10% Happier                                         | Dan          | Harris         |          2014 |             29 |   256 |
|      18 | fake_book                                           | Freida       | Harris         |          2001 |            287 |   428 |
|      19 | Lincoln In The Bardo                                | George       | Saunders       |          2017 |           1000 |   367 |
+---------+-----------------------------------------------------+--------------+----------------+---------------+----------------+-------+
19 rows in set (0.00 sec)

MariaDB [firsteg]> SELECT author_fname, author_lname FROM books
    -> ORDER BY author_lname, author_fname;
+--------------+----------------+
| author_fname | author_lname   |
+--------------+----------------+
| Raymond      | Carver         |
| Raymond      | Carver         |
| Michael      | Chabon         |
| Don          | DeLillo        |
| Dave         | Eggers         |
| Dave         | Eggers         |
| Dave         | Eggers         |
| David        | Foster Wallace |
| David        | Foster Wallace |
| Neil         | Gaiman         |
| Neil         | Gaiman         |
| Neil         | Gaiman         |
| Dan          | Harris         |
| Freida       | Harris         |
| Jhumpa       | Lahiri         |
| Jhumpa       | Lahiri         |
| George       | Saunders       |
| Patti        | Smith          |
| John         | Steinbeck      |
+--------------+----------------+
19 rows in set (0.00 sec)

MariaDB [firsteg]> SELECT author_fname, pages FROM books
    -> ORDER BY author_lname, pages;
+--------------+-------+
| author_fname | pages |
+--------------+-------+
| Raymond      |   176 |
| Raymond      |   526 |
| Michael      |   634 |
| Don          |   320 |
| Dave         |   352 |
| Dave         |   437 |
| Dave         |   504 |
| David        |   329 |
| David        |   343 |
| Neil         |   208 |
| Neil         |   304 |
| Neil         |   465 |
| Dan          |   256 |
| Freida       |   428 |
| Jhumpa       |   198 |
| Jhumpa       |   291 |
| George       |   367 |
| Patti        |   304 |
| John         |   181 |
+--------------+-------+
19 rows in set (0.00 sec)

MariaDB [firsteg]> SELECT author_fname, pages FROM books
    -> ORDER BY author_fname, author_fname;
+--------------+-------+
| author_fname | pages |
+--------------+-------+
| Dan          |   256 |
| Dave         |   352 |
| Dave         |   504 |
| Dave         |   437 |
| David        |   343 |
| David        |   329 |
| Don          |   320 |
| Freida       |   428 |
| George       |   367 |
| Jhumpa       |   291 |
| Jhumpa       |   198 |
| John         |   181 |
| Michael      |   634 |
| Neil         |   465 |
| Neil         |   304 |
| Neil         |   208 |
| Patti        |   304 |
| Raymond      |   176 |
| Raymond      |   526 |
+--------------+-------+
19 rows in set (0.00 sec)

MariaDB [firsteg]> select * from books;
+---------+-----------------------------------------------------+--------------+----------------+---------------+----------------+-------+
| book_id | title                                               | author_fname | author_lname   | released_year | stock_quantity | pages |
+---------+-----------------------------------------------------+--------------+----------------+---------------+----------------+-------+
|       1 | The Namesake                                        | Jhumpa       | Lahiri         |          2003 |             32 |   291 |
|       2 | Norse Mythology                                     | Neil         | Gaiman         |          2016 |             43 |   304 |
|       3 | American Gods                                       | Neil         | Gaiman         |          2001 |             12 |   465 |
|       4 | Interpreter of Maladies                             | Jhumpa       | Lahiri         |          1996 |             97 |   198 |
|       5 | A Hologram for the King: A Novel                    | Dave         | Eggers         |          2012 |            154 |   352 |
|       6 | The Circle                                          | Dave         | Eggers         |          2013 |             26 |   504 |
|       7 | The Amazing Adventures of Kavalier & Clay           | Michael      | Chabon         |          2000 |             68 |   634 |
|       8 | Just Kids                                           | Patti        | Smith          |          2010 |             55 |   304 |
|       9 | A Heartbreaking Work of Staggering Genius           | Dave         | Eggers         |          2001 |            104 |   437 |
|      10 | Coraline                                            | Neil         | Gaiman         |          2003 |            100 |   208 |
|      11 | What We Talk About When We Talk About Love: Stories | Raymond      | Carver         |          1981 |             23 |   176 |
|      12 | Where I'm Calling From: Selected Stories            | Raymond      | Carver         |          1989 |             12 |   526 |
|      13 | White Noise                                         | Don          | DeLillo        |          1985 |             49 |   320 |
|      14 | Cannery Row                                         | John         | Steinbeck      |          1945 |             95 |   181 |
|      15 | Oblivion: Stories                                   | David        | Foster Wallace |          2004 |            172 |   329 |
|      16 | Consider the Lobster                                | David        | Foster Wallace |          2005 |             92 |   343 |
|      17 | 10% Happier                                         | Dan          | Harris         |          2014 |             29 |   256 |
|      18 | fake_book                                           | Freida       | Harris         |          2001 |            287 |   428 |
|      19 | Lincoln In The Bardo                                | George       | Saunders       |          2017 |           1000 |   367 |
+---------+-----------------------------------------------------+--------------+----------------+---------------+----------------+-------+
19 rows in set (0.00 sec)

MariaDB [firsteg]> SELECT author_fname, pages FROM books
    -> ORDER BY author_fname,pages;
+--------------+-------+
| author_fname | pages |
+--------------+-------+
| Dan          |   256 |
| Dave         |   352 |
| Dave         |   437 |
| Dave         |   504 |
| David        |   329 |
| David        |   343 |
| Don          |   320 |
| Freida       |   428 |
| George       |   367 |
| Jhumpa       |   198 |
| Jhumpa       |   291 |
| John         |   181 |
| Michael      |   634 |
| Neil         |   208 |
| Neil         |   304 |
| Neil         |   465 |
| Patti        |   304 |
| Raymond      |   176 |
| Raymond      |   526 |
+--------------+-------+
19 rows in set (0.00 sec)

MariaDB [firsteg]> SELECT author_fname, pages FROM books order by author_fname desc,order by pages;
ERROR 1064 (42000): You have an error in your SQL syntax; check the manual that corresponds to your MariaDB server version for the right syntax to use near 'order by pages' at line 1
MariaDB [firsteg]> SELECT author_fname, pages FROM books order by author_fname desc,pages desc;
+--------------+-------+
| author_fname | pages |
+--------------+-------+
| Raymond      |   526 |
| Raymond      |   176 |
| Patti        |   304 |
| Neil         |   465 |
| Neil         |   304 |
| Neil         |   208 |
| Michael      |   634 |
| John         |   181 |
| Jhumpa       |   291 |
| Jhumpa       |   198 |
| George       |   367 |
| Freida       |   428 |
| Don          |   320 |
| David        |   343 |
| David        |   329 |
| Dave         |   504 |
| Dave         |   437 |
| Dave         |   352 |
| Dan          |   256 |
+--------------+-------+
19 rows in set (0.00 sec)

MariaDB [firsteg]> select * from books;
+---------+-----------------------------------------------------+--------------+----------------+---------------+----------------+-------+
| book_id | title                                               | author_fname | author_lname   | released_year | stock_quantity | pages |
+---------+-----------------------------------------------------+--------------+----------------+---------------+----------------+-------+
|       1 | The Namesake                                        | Jhumpa       | Lahiri         |          2003 |             32 |   291 |
|       2 | Norse Mythology                                     | Neil         | Gaiman         |          2016 |             43 |   304 |
|       3 | American Gods                                       | Neil         | Gaiman         |          2001 |             12 |   465 |
|       4 | Interpreter of Maladies                             | Jhumpa       | Lahiri         |          1996 |             97 |   198 |
|       5 | A Hologram for the King: A Novel                    | Dave         | Eggers         |          2012 |            154 |   352 |
|       6 | The Circle                                          | Dave         | Eggers         |          2013 |             26 |   504 |
|       7 | The Amazing Adventures of Kavalier & Clay           | Michael      | Chabon         |          2000 |             68 |   634 |
|       8 | Just Kids                                           | Patti        | Smith          |          2010 |             55 |   304 |
|       9 | A Heartbreaking Work of Staggering Genius           | Dave         | Eggers         |          2001 |            104 |   437 |
|      10 | Coraline                                            | Neil         | Gaiman         |          2003 |            100 |   208 |
|      11 | What We Talk About When We Talk About Love: Stories | Raymond      | Carver         |          1981 |             23 |   176 |
|      12 | Where I'm Calling From: Selected Stories            | Raymond      | Carver         |          1989 |             12 |   526 |
|      13 | White Noise                                         | Don          | DeLillo        |          1985 |             49 |   320 |
|      14 | Cannery Row                                         | John         | Steinbeck      |          1945 |             95 |   181 |
|      15 | Oblivion: Stories                                   | David        | Foster Wallace |          2004 |            172 |   329 |
|      16 | Consider the Lobster                                | David        | Foster Wallace |          2005 |             92 |   343 |
|      17 | 10% Happier                                         | Dan          | Harris         |          2014 |             29 |   256 |
|      18 | fake_book                                           | Freida       | Harris         |          2001 |            287 |   428 |
|      19 | Lincoln In The Bardo                                | George       | Saunders       |          2017 |           1000 |   367 |
+---------+-----------------------------------------------------+--------------+----------------+---------------+----------------+-------+
19 rows in set (0.00 sec)

MariaDB [firsteg]> select title,author_fname,author_lname from books limit 5;
+----------------------------------+--------------+--------------+
| title                            | author_fname | author_lname |
+----------------------------------+--------------+--------------+
| The Namesake                     | Jhumpa       | Lahiri       |
| Norse Mythology                  | Neil         | Gaiman       |
| American Gods                    | Neil         | Gaiman       |
| Interpreter of Maladies          | Jhumpa       | Lahiri       |
| A Hologram for the King: A Novel | Dave         | Eggers       |
+----------------------------------+--------------+--------------+
5 rows in set (0.00 sec)

MariaDB [firsteg]> select title,author_fname,author_lname from books where released_yer=2001 limit 1;
ERROR 1054 (42S22): Unknown column 'released_yer' in 'where clause'
MariaDB [firsteg]> select title,author_fname,author_lname from books where released_year=2001 limit 1;
+---------------+--------------+--------------+
| title         | author_fname | author_lname |
+---------------+--------------+--------------+
| American Gods | Neil         | Gaiman       |
+---------------+--------------+--------------+
1 row in set (0.00 sec)

MariaDB [firsteg]> select title,author_fname,author_lname from books where released_year=2001 limit 2;
+-------------------------------------------+--------------+--------------+
| title                                     | author_fname | author_lname |
+-------------------------------------------+--------------+--------------+
| American Gods                             | Neil         | Gaiman       |
| A Heartbreaking Work of Staggering Genius | Dave         | Eggers       |
+-------------------------------------------+--------------+--------------+
2 rows in set (0.00 sec)

MariaDB [firsteg]> SELECT title, released_year FROM books
    -> ORDER BY released_year DESC LIMIT 0,5;
+----------------------------------+---------------+
| title                            | released_year |
+----------------------------------+---------------+
| Lincoln In The Bardo             |          2017 |
| Norse Mythology                  |          2016 |
| 10% Happier                      |          2014 |
| The Circle                       |          2013 |
| A Hologram for the King: A Novel |          2012 |
+----------------------------------+---------------+
5 rows in set (0.00 sec)

MariaDB [firsteg]> SELECT * FROM books LIMIT 95,18446744073709551615;
Empty set (0.00 sec)

MariaDB [firsteg]> SELECT * FROM books LIMIT 1,18446744073709551615;
+---------+-----------------------------------------------------+--------------+----------------+---------------+----------------+-------+
| book_id | title                                               | author_fname | author_lname   | released_year | stock_quantity | pages |
+---------+-----------------------------------------------------+--------------+----------------+---------------+----------------+-------+
|       2 | Norse Mythology                                     | Neil         | Gaiman         |          2016 |             43 |   304 |
|       3 | American Gods                                       | Neil         | Gaiman         |          2001 |             12 |   465 |
|       4 | Interpreter of Maladies                             | Jhumpa       | Lahiri         |          1996 |             97 |   198 |
|       5 | A Hologram for the King: A Novel                    | Dave         | Eggers         |          2012 |            154 |   352 |
|       6 | The Circle                                          | Dave         | Eggers         |          2013 |             26 |   504 |
|       7 | The Amazing Adventures of Kavalier & Clay           | Michael      | Chabon         |          2000 |             68 |   634 |
|       8 | Just Kids                                           | Patti        | Smith          |          2010 |             55 |   304 |
|       9 | A Heartbreaking Work of Staggering Genius           | Dave         | Eggers         |          2001 |            104 |   437 |
|      10 | Coraline                                            | Neil         | Gaiman         |          2003 |            100 |   208 |
|      11 | What We Talk About When We Talk About Love: Stories | Raymond      | Carver         |          1981 |             23 |   176 |
|      12 | Where I'm Calling From: Selected Stories            | Raymond      | Carver         |          1989 |             12 |   526 |
|      13 | White Noise                                         | Don          | DeLillo        |          1985 |             49 |   320 |
|      14 | Cannery Row                                         | John         | Steinbeck      |          1945 |             95 |   181 |
|      15 | Oblivion: Stories                                   | David        | Foster Wallace |          2004 |            172 |   329 |
|      16 | Consider the Lobster                                | David        | Foster Wallace |          2005 |             92 |   343 |
|      17 | 10% Happier                                         | Dan          | Harris         |          2014 |             29 |   256 |
|      18 | fake_book                                           | Freida       | Harris         |          2001 |            287 |   428 |
|      19 | Lincoln In The Bardo                                | George       | Saunders       |          2017 |           1000 |   367 |
+---------+-----------------------------------------------------+--------------+----------------+---------------+----------------+-------+
18 rows in set (0.00 sec)

MariaDB [firsteg]> SELECT * FROM books LIMIT 0,18446744073709551615;
+---------+-----------------------------------------------------+--------------+----------------+---------------+----------------+-------+
| book_id | title                                               | author_fname | author_lname   | released_year | stock_quantity | pages |
+---------+-----------------------------------------------------+--------------+----------------+---------------+----------------+-------+
|       1 | The Namesake                                        | Jhumpa       | Lahiri         |          2003 |             32 |   291 |
|       2 | Norse Mythology                                     | Neil         | Gaiman         |          2016 |             43 |   304 |
|       3 | American Gods                                       | Neil         | Gaiman         |          2001 |             12 |   465 |
|       4 | Interpreter of Maladies                             | Jhumpa       | Lahiri         |          1996 |             97 |   198 |
|       5 | A Hologram for the King: A Novel                    | Dave         | Eggers         |          2012 |            154 |   352 |
|       6 | The Circle                                          | Dave         | Eggers         |          2013 |             26 |   504 |
|       7 | The Amazing Adventures of Kavalier & Clay           | Michael      | Chabon         |          2000 |             68 |   634 |
|       8 | Just Kids                                           | Patti        | Smith          |          2010 |             55 |   304 |
|       9 | A Heartbreaking Work of Staggering Genius           | Dave         | Eggers         |          2001 |            104 |   437 |
|      10 | Coraline                                            | Neil         | Gaiman         |          2003 |            100 |   208 |
|      11 | What We Talk About When We Talk About Love: Stories | Raymond      | Carver         |          1981 |             23 |   176 |
|      12 | Where I'm Calling From: Selected Stories            | Raymond      | Carver         |          1989 |             12 |   526 |
|      13 | White Noise                                         | Don          | DeLillo        |          1985 |             49 |   320 |
|      14 | Cannery Row                                         | John         | Steinbeck      |          1945 |             95 |   181 |
|      15 | Oblivion: Stories                                   | David        | Foster Wallace |          2004 |            172 |   329 |
|      16 | Consider the Lobster                                | David        | Foster Wallace |          2005 |             92 |   343 |
|      17 | 10% Happier                                         | Dan          | Harris         |          2014 |             29 |   256 |
|      18 | fake_book                                           | Freida       | Harris         |          2001 |            287 |   428 |
|      19 | Lincoln In The Bardo                                | George       | Saunders       |          2017 |           1000 |   367 |
+---------+-----------------------------------------------------+--------------+----------------+---------------+----------------+-------+
19 rows in set (0.00 sec)

MariaDB [firsteg]> select title from books like 't%';
ERROR 1064 (42000): You have an error in your SQL syntax; check the manual that corresponds to your MariaDB server version for the right syntax to use near 'like 't%'' at line 1
MariaDB [firsteg]> select title from books like 'T%';
ERROR 1064 (42000): You have an error in your SQL syntax; check the manual that corresponds to your MariaDB server version for the right syntax to use near 'like 'T%'' at line 1
MariaDB [firsteg]> select title from books like '%T%';
ERROR 1064 (42000): You have an error in your SQL syntax; check the manual that corresponds to your MariaDB server version for the right syntax to use near 'like '%T%'' at line 1
MariaDB [firsteg]> select title from books where title like '%T%';
+-----------------------------------------------------+
| title                                               |
+-----------------------------------------------------+
| The Namesake                                        |
| Norse Mythology                                     |
| Interpreter of Maladies                             |
| A Hologram for the King: A Novel                    |
| The Circle                                          |
| The Amazing Adventures of Kavalier & Clay           |
| Just Kids                                           |
| A Heartbreaking Work of Staggering Genius           |
| What We Talk About When We Talk About Love: Stories |
| Where I'm Calling From: Selected Stories            |
| White Noise                                         |
| Oblivion: Stories                                   |
| Consider the Lobster                                |
| Lincoln In The Bardo                                |
+-----------------------------------------------------+
14 rows in set (0.00 sec)

MariaDB [firsteg]> select title from books where title like 't%';
+-------------------------------------------+
| title                                     |
+-------------------------------------------+
| The Namesake                              |
| The Circle                                |
| The Amazing Adventures of Kavalier & Clay |
+-------------------------------------------+
3 rows in set (0.00 sec)

MariaDB [firsteg]> select title from books where title like '%stories%';
+-----------------------------------------------------+
| title                                               |
+-----------------------------------------------------+
| What We Talk About When We Talk About Love: Stories |
| Where I'm Calling From: Selected Stories            |
| Oblivion: Stories                                   |
+-----------------------------------------------------+
3 rows in set (0.00 sec)

MariaDB [firsteg]> select * from books;
+---------+-----------------------------------------------------+--------------+----------------+---------------+----------------+-------+
| book_id | title                                               | author_fname | author_lname   | released_year | stock_quantity | pages |
+---------+-----------------------------------------------------+--------------+----------------+---------------+----------------+-------+
|       1 | The Namesake                                        | Jhumpa       | Lahiri         |          2003 |             32 |   291 |
|       2 | Norse Mythology                                     | Neil         | Gaiman         |          2016 |             43 |   304 |
|       3 | American Gods                                       | Neil         | Gaiman         |          2001 |             12 |   465 |
|       4 | Interpreter of Maladies                             | Jhumpa       | Lahiri         |          1996 |             97 |   198 |
|       5 | A Hologram for the King: A Novel                    | Dave         | Eggers         |          2012 |            154 |   352 |
|       6 | The Circle                                          | Dave         | Eggers         |          2013 |             26 |   504 |
|       7 | The Amazing Adventures of Kavalier & Clay           | Michael      | Chabon         |          2000 |             68 |   634 |
|       8 | Just Kids                                           | Patti        | Smith          |          2010 |             55 |   304 |
|       9 | A Heartbreaking Work of Staggering Genius           | Dave         | Eggers         |          2001 |            104 |   437 |
|      10 | Coraline                                            | Neil         | Gaiman         |          2003 |            100 |   208 |
|      11 | What We Talk About When We Talk About Love: Stories | Raymond      | Carver         |          1981 |             23 |   176 |
|      12 | Where I'm Calling From: Selected Stories            | Raymond      | Carver         |          1989 |             12 |   526 |
|      13 | White Noise                                         | Don          | DeLillo        |          1985 |             49 |   320 |
|      14 | Cannery Row                                         | John         | Steinbeck      |          1945 |             95 |   181 |
|      15 | Oblivion: Stories                                   | David        | Foster Wallace |          2004 |            172 |   329 |
|      16 | Consider the Lobster                                | David        | Foster Wallace |          2005 |             92 |   343 |
|      17 | 10% Happier                                         | Dan          | Harris         |          2014 |             29 |   256 |
|      18 | fake_book                                           | Freida       | Harris         |          2001 |            287 |   428 |
|      19 | Lincoln In The Bardo                                | George       | Saunders       |          2017 |           1000 |   367 |
+---------+-----------------------------------------------------+--------------+----------------+---------------+----------------+-------+
19 rows in set (0.00 sec)

MariaDB [firsteg]> select title,pages from books where pages=max(pages);
ERROR 1111 (HY000): Invalid use of group function
MariaDB [firsteg]> select title,max(pages) from books;
+--------------+------------+
| title        | max(pages) |
+--------------+------------+
| The Namesake |        634 |
+--------------+------------+
1 row in set (0.00 sec)

MariaDB [firsteg]> select *,max(pages) from books ;
+---------+--------------+--------------+--------------+---------------+----------------+-------+------------+
| book_id | title        | author_fname | author_lname | released_year | stock_quantity | pages | max(pages) |
+---------+--------------+--------------+--------------+---------------+----------------+-------+------------+
|       1 | The Namesake | Jhumpa       | Lahiri       |          2003 |             32 |   291 |        634 |
+---------+--------------+--------------+--------------+---------------+----------------+-------+------------+
1 row in set (0.00 sec)

MariaDB [firsteg]> select concat(title," ",released_year) as 'summary' from books where released_year=(select max(released_year)) limit 3;
+----------------------+
| summary              |
+----------------------+
| The Namesake 2003    |
| Norse Mythology 2016 |
| American Gods 2001   |
+----------------------+
3 rows in set (0.00 sec)

MariaDB [firsteg]> select concat(title," ",released_year) as 'summary' from books where released_year=(select max(released_year));
+----------------------------------------------------------+
| summary                                                  |
+----------------------------------------------------------+
| The Namesake 2003                                        |
| Norse Mythology 2016                                     |
| American Gods 2001                                       |
| Interpreter of Maladies 1996                             |
| A Hologram for the King: A Novel 2012                    |
| The Circle 2013                                          |
| The Amazing Adventures of Kavalier & Clay 2000           |
| Just Kids 2010                                           |
| A Heartbreaking Work of Staggering Genius 2001           |
| Coraline 2003                                            |
| What We Talk About When We Talk About Love: Stories 1981 |
| Where I'm Calling From: Selected Stories 1989            |
| White Noise 1985                                         |
| Cannery Row 1945                                         |
| Oblivion: Stories 2004                                   |
| Consider the Lobster 2005                                |
| 10% Happier 2014                                         |
| fake_book 2001                                           |
| Lincoln In The Bardo 2017                                |
+----------------------------------------------------------+
19 rows in set (0.00 sec)

MariaDB [firsteg]> select concat(title," ",released_year) as 'summary' from books where released_year=(select max(released_year) from books) limit 3;
+---------------------------+
| summary                   |
+---------------------------+
| Lincoln In The Bardo 2017 |
+---------------------------+
1 row in set (0.00 sec)

MariaDB [firsteg]> select concat(title," ",released_year) as 'summary' from books where released_year=(select max(released_year) from books limit 3);
+---------------------------+
| summary                   |
+---------------------------+
| Lincoln In The Bardo 2017 |
+---------------------------+
1 row in set (0.00 sec)

MariaDB [firsteg]> select concat(title," ",released_year) as 'summary' from books where released_year=(select max(released_year)) from books limit 3;
ERROR 1064 (42000): You have an error in your SQL syntax; check the manual that corresponds to your MariaDB server version for the right syntax to use near 'from books limit 3' at line 1
MariaDB [firsteg]> select * from books;
+---------+-----------------------------------------------------+--------------+----------------+---------------+----------------+-------+
| book_id | title                                               | author_fname | author_lname   | released_year | stock_quantity | pages |
+---------+-----------------------------------------------------+--------------+----------------+---------------+----------------+-------+
|       1 | The Namesake                                        | Jhumpa       | Lahiri         |          2003 |             32 |   291 |
|       2 | Norse Mythology                                     | Neil         | Gaiman         |          2016 |             43 |   304 |
|       3 | American Gods                                       | Neil         | Gaiman         |          2001 |             12 |   465 |
|       4 | Interpreter of Maladies                             | Jhumpa       | Lahiri         |          1996 |             97 |   198 |
|       5 | A Hologram for the King: A Novel                    | Dave         | Eggers         |          2012 |            154 |   352 |
|       6 | The Circle                                          | Dave         | Eggers         |          2013 |             26 |   504 |
|       7 | The Amazing Adventures of Kavalier & Clay           | Michael      | Chabon         |          2000 |             68 |   634 |
|       8 | Just Kids                                           | Patti        | Smith          |          2010 |             55 |   304 |
|       9 | A Heartbreaking Work of Staggering Genius           | Dave         | Eggers         |          2001 |            104 |   437 |
|      10 | Coraline                                            | Neil         | Gaiman         |          2003 |            100 |   208 |
|      11 | What We Talk About When We Talk About Love: Stories | Raymond      | Carver         |          1981 |             23 |   176 |
|      12 | Where I'm Calling From: Selected Stories            | Raymond      | Carver         |          1989 |             12 |   526 |
|      13 | White Noise                                         | Don          | DeLillo        |          1985 |             49 |   320 |
|      14 | Cannery Row                                         | John         | Steinbeck      |          1945 |             95 |   181 |
|      15 | Oblivion: Stories                                   | David        | Foster Wallace |          2004 |            172 |   329 |
|      16 | Consider the Lobster                                | David        | Foster Wallace |          2005 |             92 |   343 |
|      17 | 10% Happier                                         | Dan          | Harris         |          2014 |             29 |   256 |
|      18 | fake_book                                           | Freida       | Harris         |          2001 |            287 |   428 |
|      19 | Lincoln In The Bardo                                | George       | Saunders       |          2017 |           1000 |   367 |
+---------+-----------------------------------------------------+--------------+----------------+---------------+----------------+-------+
19 rows in set (0.00 sec)

MariaDB [firsteg]> select title,max(released_year) from books limit 3;
+--------------+--------------------+
| title        | max(released_year) |
+--------------+--------------------+
| The Namesake |               2017 |
+--------------+--------------------+
1 row in set (0.00 sec)

MariaDB [firsteg]> select title from books;
+-----------------------------------------------------+
| title                                               |
+-----------------------------------------------------+
| The Namesake                                        |
| Norse Mythology                                     |
| American Gods                                       |
| Interpreter of Maladies                             |
| A Hologram for the King: A Novel                    |
| The Circle                                          |
| The Amazing Adventures of Kavalier & Clay           |
| Just Kids                                           |
| A Heartbreaking Work of Staggering Genius           |
| Coraline                                            |
| What We Talk About When We Talk About Love: Stories |
| Where I'm Calling From: Selected Stories            |
| White Noise                                         |
| Cannery Row                                         |
| Oblivion: Stories                                   |
| Consider the Lobster                                |
| 10% Happier                                         |
| fake_book                                           |
| Lincoln In The Bardo                                |
+-----------------------------------------------------+
19 rows in set (0.00 sec)

MariaDB [firsteg]> select title from books where released_year=2017;
+----------------------+
| title                |
+----------------------+
| Lincoln In The Bardo |
+----------------------+
1 row in set (0.00 sec)

MariaDB [firsteg]> select title from books where released_year=2017 limit 3;
+----------------------+
| title                |
+----------------------+
| Lincoln In The Bardo |
+----------------------+
1 row in set (0.00 sec)

MariaDB [firsteg]> select concat(title," ",released_year) as 'summary' from books where released_year=(select max(released_year)) from books limit 3 desc;
ERROR 1064 (42000): You have an error in your SQL syntax; check the manual that corresponds to your MariaDB server version for the right syntax to use near 'from books limit 3 desc' at line 1
MariaDB [firsteg]> select concat(title," ",released_year) as 'summary' from books where released_year=(select max(released_year) from books limit 3 desc);
ERROR 1064 (42000): You have an error in your SQL syntax; check the manual that corresponds to your MariaDB server version for the right syntax to use near 'desc)' at line 1
MariaDB [firsteg]> select concat(title," ",released_year) as 'summary' from books where released_year=(select max(released_year) from books limit 3 );
+---------------------------+
| summary                   |
+---------------------------+
| Lincoln In The Bardo 2017 |
+---------------------------+
1 row in set (0.00 sec)

MariaDB [firsteg]> select concat(title," ",released_year) as 'summary' from books where released_year=(select max(released_year) from books) limit 3;
+---------------------------+
| summary                   |
+---------------------------+
| Lincoln In The Bardo 2017 |
+---------------------------+
1 row in set (0.00 sec)

MariaDB [firsteg]> select concat(title," ",released_year) as 'summary' from books where released_year=(select max(released_year) from books) limit 3;
+---------------------------+
| summary                   |
+---------------------------+
| Lincoln In The Bardo 2017 |
+---------------------------+
1 row in set (0.00 sec)

MariaDB [firsteg]> select concat(title," ",released_year) as 'summary' from books where released_year=(select max(released_year)) limit 3;
+----------------------+
| summary              |
+----------------------+
| The Namesake 2003    |
| Norse Mythology 2016 |
| American Gods 2001   |
+----------------------+
3 rows in set (0.00 sec)

MariaDB [firsteg]> select concat(title," ",released_year) as 'summary' from books where released_year=(select max(released_year)) limit 3 desc;
ERROR 1064 (42000): You have an error in your SQL syntax; check the manual that corresponds to your MariaDB server version for the right syntax to use near 'desc' at line 1
MariaDB [firsteg]> select concat(title," ",released_year) as 'summary' from books where released_year=(select max(released_year) desc) limit 3;
ERROR 1064 (42000): You have an error in your SQL syntax; check the manual that corresponds to your MariaDB server version for the right syntax to use near 'desc) limit 3' at line 1
MariaDB [firsteg]>
MariaDB [firsteg]> select concat(title," ",released_year) as 'summary' from books where released_year=(select max(released_year)) desc limit 3;
ERROR 1064 (42000): You have an error in your SQL syntax; check the manual that corresponds to your MariaDB server version for the right syntax to use near 'desc limit 3' at line 1
MariaDB [firsteg]> select concat(title," ",released_year) as 'summary' from books order by released_year desc limit 3;
+---------------------------+
| summary                   |
+---------------------------+
| Lincoln In The Bardo 2017 |
| Norse Mythology 2016      |
| 10% Happier 2014          |
+---------------------------+
3 rows in set (0.00 sec)

MariaDB [firsteg]> select title from books;
+-----------------------------------------------------+
| title                                               |
+-----------------------------------------------------+
| The Namesake                                        |
| Norse Mythology                                     |
| American Gods                                       |
| Interpreter of Maladies                             |
| A Hologram for the King: A Novel                    |
| The Circle                                          |
| The Amazing Adventures of Kavalier & Clay           |
| Just Kids                                           |
| A Heartbreaking Work of Staggering Genius           |
| Coraline                                            |
| What We Talk About When We Talk About Love: Stories |
| Where I'm Calling From: Selected Stories            |
| White Noise                                         |
| Cannery Row                                         |
| Oblivion: Stories                                   |
| Consider the Lobster                                |
| 10% Happier                                         |
| fake_book                                           |
| Lincoln In The Bardo                                |
+-----------------------------------------------------+
19 rows in set (0.00 sec)

MariaDB [firsteg]> select title,pages from books where pages=(select max(pages) from books);
+-------------------------------------------+-------+
| title                                     | pages |
+-------------------------------------------+-------+
| The Amazing Adventures of Kavalier & Clay |   634 |
+-------------------------------------------+-------+
1 row in set (0.00 sec)

MariaDB [firsteg]> select concat(title,"-",released_year) as 'summary' order by released_year desc limit 3;
ERROR 1054 (42S22): Unknown column 'title' in 'field list'
MariaDB [firsteg]> select concat(title,"-",released_year) s 'summary' from books order by released_year limit 3;
ERROR 1064 (42000): You have an error in your SQL syntax; check the manual that corresponds to your MariaDB server version for the right syntax to use near ''summary' from books order by released_year limit 3' at line 1
MariaDB [firsteg]> select concat(title,"-",released_year) as 'summary' from books order by released_year limit 3;
+----------------------------------------------------------+
| summary                                                  |
+----------------------------------------------------------+
| Cannery Row-1945                                         |
| What We Talk About When We Talk About Love: Stories-1981 |
| White Noise-1985                                         |
+----------------------------------------------------------+
3 rows in set (0.00 sec)

MariaDB [firsteg]> select concat(title,"-",released_year) as 'summary' from books order by released_year desc limit 3;
+---------------------------+
| summary                   |
+---------------------------+
| Lincoln In The Bardo-2017 |
| Norse Mythology-2016      |
| 10% Happier-2014          |
+---------------------------+
3 rows in set (0.00 sec)

MariaDB [firsteg]> select title,author_lname fom books where author_lname like '%_" "_%';
ERROR 1064 (42000): You have an error in your SQL syntax; check the manual that corresponds to your MariaDB server version for the right syntax to use near 'books where author_lname like '%_" "_%'' at line 1
MariaDB [firsteg]> select title,author_lname fom books where author_lname like '%_' '_%';
ERROR 1064 (42000): You have an error in your SQL syntax; check the manual that corresponds to your MariaDB server version for the right syntax to use near 'books where author_lname like '%_' '_%'' at line 1
MariaDB [firsteg]> select title,author_lname fom books where author_lname like '%-' '-%';
ERROR 1064 (42000): You have an error in your SQL syntax; check the manual that corresponds to your MariaDB server version for the right syntax to use near 'books where author_lname like '%-' '-%'' at line 1
MariaDB [firsteg]> select title from books;
+-----------------------------------------------------+
| title                                               |
+-----------------------------------------------------+
| The Namesake                                        |
| Norse Mythology                                     |
| American Gods                                       |
| Interpreter of Maladies                             |
| A Hologram for the King: A Novel                    |
| The Circle                                          |
| The Amazing Adventures of Kavalier & Clay           |
| Just Kids                                           |
| A Heartbreaking Work of Staggering Genius           |
| Coraline                                            |
| What We Talk About When We Talk About Love: Stories |
| Where I'm Calling From: Selected Stories            |
| White Noise                                         |
| Cannery Row                                         |
| Oblivion: Stories                                   |
| Consider the Lobster                                |
| 10% Happier                                         |
| fake_book                                           |
| Lincoln In The Bardo                                |
+-----------------------------------------------------+
19 rows in set (0.00 sec)

MariaDB [firsteg]> select * from books;
+---------+-----------------------------------------------------+--------------+----------------+---------------+----------------+-------+
| book_id | title                                               | author_fname | author_lname   | released_year | stock_quantity | pages |
+---------+-----------------------------------------------------+--------------+----------------+---------------+----------------+-------+
|       1 | The Namesake                                        | Jhumpa       | Lahiri         |          2003 |             32 |   291 |
|       2 | Norse Mythology                                     | Neil         | Gaiman         |          2016 |             43 |   304 |
|       3 | American Gods                                       | Neil         | Gaiman         |          2001 |             12 |   465 |
|       4 | Interpreter of Maladies                             | Jhumpa       | Lahiri         |          1996 |             97 |   198 |
|       5 | A Hologram for the King: A Novel                    | Dave         | Eggers         |          2012 |            154 |   352 |
|       6 | The Circle                                          | Dave         | Eggers         |          2013 |             26 |   504 |
|       7 | The Amazing Adventures of Kavalier & Clay           | Michael      | Chabon         |          2000 |             68 |   634 |
|       8 | Just Kids                                           | Patti        | Smith          |          2010 |             55 |   304 |
|       9 | A Heartbreaking Work of Staggering Genius           | Dave         | Eggers         |          2001 |            104 |   437 |
|      10 | Coraline                                            | Neil         | Gaiman         |          2003 |            100 |   208 |
|      11 | What We Talk About When We Talk About Love: Stories | Raymond      | Carver         |          1981 |             23 |   176 |
|      12 | Where I'm Calling From: Selected Stories            | Raymond      | Carver         |          1989 |             12 |   526 |
|      13 | White Noise                                         | Don          | DeLillo        |          1985 |             49 |   320 |
|      14 | Cannery Row                                         | John         | Steinbeck      |          1945 |             95 |   181 |
|      15 | Oblivion: Stories                                   | David        | Foster Wallace |          2004 |            172 |   329 |
|      16 | Consider the Lobster                                | David        | Foster Wallace |          2005 |             92 |   343 |
|      17 | 10% Happier                                         | Dan          | Harris         |          2014 |             29 |   256 |
|      18 | fake_book                                           | Freida       | Harris         |          2001 |            287 |   428 |
|      19 | Lincoln In The Bardo                                | George       | Saunders       |          2017 |           1000 |   367 |
+---------+-----------------------------------------------------+--------------+----------------+---------------+----------------+-------+
19 rows in set (0.00 sec)

MariaDB [firsteg]> select title,author_lname from books where author_lname like '%_/ _%';
Empty set (0.00 sec)

MariaDB [firsteg]> select title,author_lname from books where author_lname like '%_/" "_%';
Empty set (0.00 sec)

MariaDB [firsteg]> select title,author_lname from books where author_lname like '% %';
+----------------------+----------------+
| title                | author_lname   |
+----------------------+----------------+
| Oblivion: Stories    | Foster Wallace |
| Consider the Lobster | Foster Wallace |
+----------------------+----------------+
2 rows in set (0.00 sec)

MariaDB [firsteg]> select * from books;
+---------+-----------------------------------------------------+--------------+----------------+---------------+----------------+-------+
| book_id | title                                               | author_fname | author_lname   | released_year | stock_quantity | pages |
+---------+-----------------------------------------------------+--------------+----------------+---------------+----------------+-------+
|       1 | The Namesake                                        | Jhumpa       | Lahiri         |          2003 |             32 |   291 |
|       2 | Norse Mythology                                     | Neil         | Gaiman         |          2016 |             43 |   304 |
|       3 | American Gods                                       | Neil         | Gaiman         |          2001 |             12 |   465 |
|       4 | Interpreter of Maladies                             | Jhumpa       | Lahiri         |          1996 |             97 |   198 |
|       5 | A Hologram for the King: A Novel                    | Dave         | Eggers         |          2012 |            154 |   352 |
|       6 | The Circle                                          | Dave         | Eggers         |          2013 |             26 |   504 |
|       7 | The Amazing Adventures of Kavalier & Clay           | Michael      | Chabon         |          2000 |             68 |   634 |
|       8 | Just Kids                                           | Patti        | Smith          |          2010 |             55 |   304 |
|       9 | A Heartbreaking Work of Staggering Genius           | Dave         | Eggers         |          2001 |            104 |   437 |
|      10 | Coraline                                            | Neil         | Gaiman         |          2003 |            100 |   208 |
|      11 | What We Talk About When We Talk About Love: Stories | Raymond      | Carver         |          1981 |             23 |   176 |
|      12 | Where I'm Calling From: Selected Stories            | Raymond      | Carver         |          1989 |             12 |   526 |
|      13 | White Noise                                         | Don          | DeLillo        |          1985 |             49 |   320 |
|      14 | Cannery Row                                         | John         | Steinbeck      |          1945 |             95 |   181 |
|      15 | Oblivion: Stories                                   | David        | Foster Wallace |          2004 |            172 |   329 |
|      16 | Consider the Lobster                                | David        | Foster Wallace |          2005 |             92 |   343 |
|      17 | 10% Happier                                         | Dan          | Harris         |          2014 |             29 |   256 |
|      18 | fake_book                                           | Freida       | Harris         |          2001 |            287 |   428 |
|      19 | Lincoln In The Bardo                                | George       | Saunders       |          2017 |           1000 |   367 |
+---------+-----------------------------------------------------+--------------+----------------+---------------+----------------+-------+
19 rows in set (0.00 sec)

MariaDB [firsteg]> select title,released_year,stock
    -> _quantity from books order by stock_quantity limit 3;
ERROR 1054 (42S22): Unknown column 'stock' in 'field list'
MariaDB [firsteg]> select title,released_year,stock_quantity from books order by stock_quantity limit 3;
+-----------------------------------------------------+---------------+----------------+
| title                                               | released_year | stock_quantity |
+-----------------------------------------------------+---------------+----------------+
| Where I'm Calling From: Selected Stories            |          1989 |             12 |
| American Gods                                       |          2001 |             12 |
| What We Talk About When We Talk About Love: Stories |          1981 |             23 |
+-----------------------------------------------------+---------------+----------------+
3 rows in set (0.00 sec)

MariaDB [firsteg]> select title,released_year,stock_quantity from books order by stock_quantity,released_year limit 3;
+-----------------------------------------------------+---------------+----------------+
| title                                               | released_year | stock_quantity |
+-----------------------------------------------------+---------------+----------------+
| Where I'm Calling From: Selected Stories            |          1989 |             12 |
| American Gods                                       |          2001 |             12 |
| What We Talk About When We Talk About Love: Stories |          1981 |             23 |
+-----------------------------------------------------+---------------+----------------+
3 rows in set (0.00 sec)

MariaDB [firsteg]> select title,released_year,stock_quantity from books order by released_year limit 3;
+-----------------------------------------------------+---------------+----------------+
| title                                               | released_year | stock_quantity |
+-----------------------------------------------------+---------------+----------------+
| Cannery Row                                         |          1945 |             95 |
| What We Talk About When We Talk About Love: Stories |          1981 |             23 |
| White Noise                                         |          1985 |             49 |
+-----------------------------------------------------+---------------+----------------+
3 rows in set (0.00 sec)

MariaDB [firsteg]> select title,released_year,stock_quantity from books order by stock_quantity,released_year limit 3;
+-----------------------------------------------------+---------------+----------------+
| title                                               | released_year | stock_quantity |
+-----------------------------------------------------+---------------+----------------+
| Where I'm Calling From: Selected Stories            |          1989 |             12 |
| American Gods                                       |          2001 |             12 |
| What We Talk About When We Talk About Love: Stories |          1981 |             23 |
+-----------------------------------------------------+---------------+----------------+
3 rows in set (0.00 sec)

MariaDB [firsteg]> select title,released_year,stock_quantity from books order by stock_quantity limit 3;
+-----------------------------------------------------+---------------+----------------+
| title                                               | released_year | stock_quantity |
+-----------------------------------------------------+---------------+----------------+
| Where I'm Calling From: Selected Stories            |          1989 |             12 |
| American Gods                                       |          2001 |             12 |
| What We Talk About When We Talk About Love: Stories |          1981 |             23 |
+-----------------------------------------------------+---------------+----------------+
3 rows in set (0.00 sec)

MariaDB [firsteg]> select title,released_year,stock_quantity from books order by stock_quantity order by released_year limit 3;
ERROR 1064 (42000): You have an error in your SQL syntax; check the manual that corresponds to your MariaDB server version for the right syntax to use near 'order by released_year limit 3' at line 1
MariaDB [firsteg]> select title,released_year,stock_quantity from books order by stock_quantity ,order by released_year limit 3;
ERROR 1064 (42000): You have an error in your SQL syntax; check the manual that corresponds to your MariaDB server version for the right syntax to use near 'order by released_year limit 3' at line 1
MariaDB [firsteg]> select title,released_year,stock_quantity from books order by stock_quantity ,order by released_year;
ERROR 1064 (42000): You have an error in your SQL syntax; check the manual that corresponds to your MariaDB server version for the right syntax to use near 'order by released_year' at line 1
MariaDB [firsteg]> select title,released_year,stock_quantity from books order by stock_quantity order by released_year ;
ERROR 1064 (42000): You have an error in your SQL syntax; check the manual that corresponds to your MariaDB server version for the right syntax to use near 'order by released_year' at line 1
MariaDB [firsteg]> select title,author_lname from books order by author_lname,title;
+-----------------------------------------------------+----------------+
| title                                               | author_lname   |
+-----------------------------------------------------+----------------+
| What We Talk About When We Talk About Love: Stories | Carver         |
| Where I'm Calling From: Selected Stories            | Carver         |
| The Amazing Adventures of Kavalier & Clay           | Chabon         |
| White Noise                                         | DeLillo        |
| A Heartbreaking Work of Staggering Genius           | Eggers         |
| A Hologram for the King: A Novel                    | Eggers         |
| The Circle                                          | Eggers         |
| Consider the Lobster                                | Foster Wallace |
| Oblivion: Stories                                   | Foster Wallace |
| American Gods                                       | Gaiman         |
| Coraline                                            | Gaiman         |
| Norse Mythology                                     | Gaiman         |
| 10% Happier                                         | Harris         |
| fake_book                                           | Harris         |
| Interpreter of Maladies                             | Lahiri         |
| The Namesake                                        | Lahiri         |
| Lincoln In The Bardo                                | Saunders       |
| Just Kids                                           | Smith          |
| Cannery Row                                         | Steinbeck      |
+-----------------------------------------------------+----------------+
19 rows in set (0.00 sec)

MariaDB [firsteg]> select * from books;
+---------+-----------------------------------------------------+--------------+----------------+---------------+----------------+-------+
| book_id | title                                               | author_fname | author_lname   | released_year | stock_quantity | pages |
+---------+-----------------------------------------------------+--------------+----------------+---------------+----------------+-------+
|       1 | The Namesake                                        | Jhumpa       | Lahiri         |          2003 |             32 |   291 |
|       2 | Norse Mythology                                     | Neil         | Gaiman         |          2016 |             43 |   304 |
|       3 | American Gods                                       | Neil         | Gaiman         |          2001 |             12 |   465 |
|       4 | Interpreter of Maladies                             | Jhumpa       | Lahiri         |          1996 |             97 |   198 |
|       5 | A Hologram for the King: A Novel                    | Dave         | Eggers         |          2012 |            154 |   352 |
|       6 | The Circle                                          | Dave         | Eggers         |          2013 |             26 |   504 |
|       7 | The Amazing Adventures of Kavalier & Clay           | Michael      | Chabon         |          2000 |             68 |   634 |
|       8 | Just Kids                                           | Patti        | Smith          |          2010 |             55 |   304 |
|       9 | A Heartbreaking Work of Staggering Genius           | Dave         | Eggers         |          2001 |            104 |   437 |
|      10 | Coraline                                            | Neil         | Gaiman         |          2003 |            100 |   208 |
|      11 | What We Talk About When We Talk About Love: Stories | Raymond      | Carver         |          1981 |             23 |   176 |
|      12 | Where I'm Calling From: Selected Stories            | Raymond      | Carver         |          1989 |             12 |   526 |
|      13 | White Noise                                         | Don          | DeLillo        |          1985 |             49 |   320 |
|      14 | Cannery Row                                         | John         | Steinbeck      |          1945 |             95 |   181 |
|      15 | Oblivion: Stories                                   | David        | Foster Wallace |          2004 |            172 |   329 |
|      16 | Consider the Lobster                                | David        | Foster Wallace |          2005 |             92 |   343 |
|      17 | 10% Happier                                         | Dan          | Harris         |          2014 |             29 |   256 |
|      18 | fake_book                                           | Freida       | Harris         |          2001 |            287 |   428 |
|      19 | Lincoln In The Bardo                                | George       | Saunders       |          2017 |           1000 |   367 |
+---------+-----------------------------------------------------+--------------+----------------+---------------+----------------+-------+
19 rows in set (0.00 sec)

MariaDB [firsteg]> select title,released_year,stock_quantity from books order by 3 limit  3;
+-----------------------------------------------------+---------------+----------------+
| title                                               | released_year | stock_quantity |
+-----------------------------------------------------+---------------+----------------+
| Where I'm Calling From: Selected Stories            |          1989 |             12 |
| American Gods                                       |          2001 |             12 |
| What We Talk About When We Talk About Love: Stories |          1981 |             23 |
+-----------------------------------------------------+---------------+----------------+
3 rows in set (0.00 sec)

MariaDB [firsteg]> select title,released_year,stock_quantity from books order by stock_quantity,2 limit 3;
+-----------------------------------------------------+---------------+----------------+
| title                                               | released_year | stock_quantity |
+-----------------------------------------------------+---------------+----------------+
| Where I'm Calling From: Selected Stories            |          1989 |             12 |
| American Gods                                       |          2001 |             12 |
| What We Talk About When We Talk About Love: Stories |          1981 |             23 |
+-----------------------------------------------------+---------------+----------------+
3 rows in set (0.00 sec)

MariaDB [firsteg]> select * from books;
+---------+-----------------------------------------------------+--------------+----------------+---------------+----------------+-------+
| book_id | title                                               | author_fname | author_lname   | released_year | stock_quantity | pages |
+---------+-----------------------------------------------------+--------------+----------------+---------------+----------------+-------+
|       1 | The Namesake                                        | Jhumpa       | Lahiri         |          2003 |             32 |   291 |
|       2 | Norse Mythology                                     | Neil         | Gaiman         |          2016 |             43 |   304 |
|       3 | American Gods                                       | Neil         | Gaiman         |          2001 |             12 |   465 |
|       4 | Interpreter of Maladies                             | Jhumpa       | Lahiri         |          1996 |             97 |   198 |
|       5 | A Hologram for the King: A Novel                    | Dave         | Eggers         |          2012 |            154 |   352 |
|       6 | The Circle                                          | Dave         | Eggers         |          2013 |             26 |   504 |
|       7 | The Amazing Adventures of Kavalier & Clay           | Michael      | Chabon         |          2000 |             68 |   634 |
|       8 | Just Kids                                           | Patti        | Smith          |          2010 |             55 |   304 |
|       9 | A Heartbreaking Work of Staggering Genius           | Dave         | Eggers         |          2001 |            104 |   437 |
|      10 | Coraline                                            | Neil         | Gaiman         |          2003 |            100 |   208 |
|      11 | What We Talk About When We Talk About Love: Stories | Raymond      | Carver         |          1981 |             23 |   176 |
|      12 | Where I'm Calling From: Selected Stories            | Raymond      | Carver         |          1989 |             12 |   526 |
|      13 | White Noise                                         | Don          | DeLillo        |          1985 |             49 |   320 |
|      14 | Cannery Row                                         | John         | Steinbeck      |          1945 |             95 |   181 |
|      15 | Oblivion: Stories                                   | David        | Foster Wallace |          2004 |            172 |   329 |
|      16 | Consider the Lobster                                | David        | Foster Wallace |          2005 |             92 |   343 |
|      17 | 10% Happier                                         | Dan          | Harris         |          2014 |             29 |   256 |
|      18 | fake_book                                           | Freida       | Harris         |          2001 |            287 |   428 |
|      19 | Lincoln In The Bardo                                | George       | Saunders       |          2017 |           1000 |   367 |
+---------+-----------------------------------------------------+--------------+----------------+---------------+----------------+-------+
19 rows in set (0.00 sec)

MariaDB [firsteg]> select title,released_year from books order by stock_quantity limit 3;
+-----------------------------------------------------+---------------+
| title                                               | released_year |
+-----------------------------------------------------+---------------+
| Where I'm Calling From: Selected Stories            |          1989 |
| American Gods                                       |          2001 |
| What We Talk About When We Talk About Love: Stories |          1981 |
+-----------------------------------------------------+---------------+
3 rows in set (0.00 sec)

MariaDB [firsteg]> select * from books;
+---------+-----------------------------------------------------+--------------+----------------+---------------+----------------+-------+
| book_id | title                                               | author_fname | author_lname   | released_year | stock_quantity | pages |
+---------+-----------------------------------------------------+--------------+----------------+---------------+----------------+-------+
|       1 | The Namesake                                        | Jhumpa       | Lahiri         |          2003 |             32 |   291 |
|       2 | Norse Mythology                                     | Neil         | Gaiman         |          2016 |             43 |   304 |
|       3 | American Gods                                       | Neil         | Gaiman         |          2001 |             12 |   465 |
|       4 | Interpreter of Maladies                             | Jhumpa       | Lahiri         |          1996 |             97 |   198 |
|       5 | A Hologram for the King: A Novel                    | Dave         | Eggers         |          2012 |            154 |   352 |
|       6 | The Circle                                          | Dave         | Eggers         |          2013 |             26 |   504 |
|       7 | The Amazing Adventures of Kavalier & Clay           | Michael      | Chabon         |          2000 |             68 |   634 |
|       8 | Just Kids                                           | Patti        | Smith          |          2010 |             55 |   304 |
|       9 | A Heartbreaking Work of Staggering Genius           | Dave         | Eggers         |          2001 |            104 |   437 |
|      10 | Coraline                                            | Neil         | Gaiman         |          2003 |            100 |   208 |
|      11 | What We Talk About When We Talk About Love: Stories | Raymond      | Carver         |          1981 |             23 |   176 |
|      12 | Where I'm Calling From: Selected Stories            | Raymond      | Carver         |          1989 |             12 |   526 |
|      13 | White Noise                                         | Don          | DeLillo        |          1985 |             49 |   320 |
|      14 | Cannery Row                                         | John         | Steinbeck      |          1945 |             95 |   181 |
|      15 | Oblivion: Stories                                   | David        | Foster Wallace |          2004 |            172 |   329 |
|      16 | Consider the Lobster                                | David        | Foster Wallace |          2005 |             92 |   343 |
|      17 | 10% Happier                                         | Dan          | Harris         |          2014 |             29 |   256 |
|      18 | fake_book                                           | Freida       | Harris         |          2001 |            287 |   428 |
|      19 | Lincoln In The Bardo                                | George       | Saunders       |          2017 |           1000 |   367 |
+---------+-----------------------------------------------------+--------------+----------------+---------------+----------------+-------+
19 rows in set (0.00 sec)

MariaDB [firsteg]> select upper(concat("my favourite author is"," ",author_fname," ",author_lname))from books;
+---------------------------------------------------------------------------+
| upper(concat("my favourite author is"," ",author_fname," ",author_lname)) |
+---------------------------------------------------------------------------+
| MY FAVOURITE AUTHOR IS JHUMPA LAHIRI                                      |
| MY FAVOURITE AUTHOR IS NEIL GAIMAN                                        |
| MY FAVOURITE AUTHOR IS NEIL GAIMAN                                        |
| MY FAVOURITE AUTHOR IS JHUMPA LAHIRI                                      |
| MY FAVOURITE AUTHOR IS DAVE EGGERS                                        |
| MY FAVOURITE AUTHOR IS DAVE EGGERS                                        |
| MY FAVOURITE AUTHOR IS MICHAEL CHABON                                     |
| MY FAVOURITE AUTHOR IS PATTI SMITH                                        |
| MY FAVOURITE AUTHOR IS DAVE EGGERS                                        |
| MY FAVOURITE AUTHOR IS NEIL GAIMAN                                        |
| MY FAVOURITE AUTHOR IS RAYMOND CARVER                                     |
| MY FAVOURITE AUTHOR IS RAYMOND CARVER                                     |
| MY FAVOURITE AUTHOR IS DON DELILLO                                        |
| MY FAVOURITE AUTHOR IS JOHN STEINBECK                                     |
| MY FAVOURITE AUTHOR IS DAVID FOSTER WALLACE                               |
| MY FAVOURITE AUTHOR IS DAVID FOSTER WALLACE                               |
| MY FAVOURITE AUTHOR IS DAN HARRIS                                         |
| MY FAVOURITE AUTHOR IS FREIDA HARRIS                                      |
| MY FAVOURITE AUTHOR IS GEORGE SAUNDERS                                    |
+---------------------------------------------------------------------------+
19 rows in set (0.00 sec)

MariaDB [firsteg]> select upper(concat("my favourite author is"," ",author_fname," ",author_lname))from books order by author_lname;
+---------------------------------------------------------------------------+
| upper(concat("my favourite author is"," ",author_fname," ",author_lname)) |
+---------------------------------------------------------------------------+
| MY FAVOURITE AUTHOR IS RAYMOND CARVER                                     |
| MY FAVOURITE AUTHOR IS RAYMOND CARVER                                     |
| MY FAVOURITE AUTHOR IS MICHAEL CHABON                                     |
| MY FAVOURITE AUTHOR IS DON DELILLO                                        |
| MY FAVOURITE AUTHOR IS DAVE EGGERS                                        |
| MY FAVOURITE AUTHOR IS DAVE EGGERS                                        |
| MY FAVOURITE AUTHOR IS DAVE EGGERS                                        |
| MY FAVOURITE AUTHOR IS DAVID FOSTER WALLACE                               |
| MY FAVOURITE AUTHOR IS DAVID FOSTER WALLACE                               |
| MY FAVOURITE AUTHOR IS NEIL GAIMAN                                        |
| MY FAVOURITE AUTHOR IS NEIL GAIMAN                                        |
| MY FAVOURITE AUTHOR IS NEIL GAIMAN                                        |
| MY FAVOURITE AUTHOR IS FREIDA HARRIS                                      |
| MY FAVOURITE AUTHOR IS DAN HARRIS                                         |
| MY FAVOURITE AUTHOR IS JHUMPA LAHIRI                                      |
| MY FAVOURITE AUTHOR IS JHUMPA LAHIRI                                      |
| MY FAVOURITE AUTHOR IS GEORGE SAUNDERS                                    |
| MY FAVOURITE AUTHOR IS PATTI SMITH                                        |
| MY FAVOURITE AUTHOR IS JOHN STEINBECK                                     |
+---------------------------------------------------------------------------+
19 rows in set (0.00 sec)

MariaDB [firsteg]> select * from books;
+---------+-----------------------------------------------------+--------------+----------------+---------------+----------------+-------+
| book_id | title                                               | author_fname | author_lname   | released_year | stock_quantity | pages |
+---------+-----------------------------------------------------+--------------+----------------+---------------+----------------+-------+
|       1 | The Namesake                                        | Jhumpa       | Lahiri         |          2003 |             32 |   291 |
|       2 | Norse Mythology                                     | Neil         | Gaiman         |          2016 |             43 |   304 |
|       3 | American Gods                                       | Neil         | Gaiman         |          2001 |             12 |   465 |
|       4 | Interpreter of Maladies                             | Jhumpa       | Lahiri         |          1996 |             97 |   198 |
|       5 | A Hologram for the King: A Novel                    | Dave         | Eggers         |          2012 |            154 |   352 |
|       6 | The Circle                                          | Dave         | Eggers         |          2013 |             26 |   504 |
|       7 | The Amazing Adventures of Kavalier & Clay           | Michael      | Chabon         |          2000 |             68 |   634 |
|       8 | Just Kids                                           | Patti        | Smith          |          2010 |             55 |   304 |
|       9 | A Heartbreaking Work of Staggering Genius           | Dave         | Eggers         |          2001 |            104 |   437 |
|      10 | Coraline                                            | Neil         | Gaiman         |          2003 |            100 |   208 |
|      11 | What We Talk About When We Talk About Love: Stories | Raymond      | Carver         |          1981 |             23 |   176 |
|      12 | Where I'm Calling From: Selected Stories            | Raymond      | Carver         |          1989 |             12 |   526 |
|      13 | White Noise                                         | Don          | DeLillo        |          1985 |             49 |   320 |
|      14 | Cannery Row                                         | John         | Steinbeck      |          1945 |             95 |   181 |
|      15 | Oblivion: Stories                                   | David        | Foster Wallace |          2004 |            172 |   329 |
|      16 | Consider the Lobster                                | David        | Foster Wallace |          2005 |             92 |   343 |
|      17 | 10% Happier                                         | Dan          | Harris         |          2014 |             29 |   256 |
|      18 | fake_book                                           | Freida       | Harris         |          2001 |            287 |   428 |
|      19 | Lincoln In The Bardo                                | George       | Saunders       |          2017 |           1000 |   367 |
+---------+-----------------------------------------------------+--------------+----------------+---------------+----------------+-------+
19 rows in set (0.00 sec)

MariaDB [firsteg]> select count(*) from books;
+----------+
| count(*) |
+----------+
|       19 |
+----------+
1 row in set (0.00 sec)

MariaDB [firsteg]> select count(distinct(author_fname)) from books;
+-------------------------------+
| count(distinct(author_fname)) |
+-------------------------------+
|                            12 |
+-------------------------------+
1 row in set (0.00 sec)

MariaDB [firsteg]> select count(distinct(author_lname)) from books;
+-------------------------------+
| count(distinct(author_lname)) |
+-------------------------------+
|                            11 |
+-------------------------------+
1 row in set (0.00 sec)

MariaDB [firsteg]> select count(title) from books where title like 'the%';
+--------------+
| count(title) |
+--------------+
|            3 |
+--------------+
1 row in set (0.00 sec)

MariaDB [firsteg]> SELECT COUNT(*) FROM books
    -> WHERE title LIKE '%the%';
+----------+
| COUNT(*) |
+----------+
|        6 |
+----------+
1 row in set (0.00 sec)

MariaDB [firsteg]> select title,author_lname from books;
+-----------------------------------------------------+----------------+
| title                                               | author_lname   |
+-----------------------------------------------------+----------------+
| The Namesake                                        | Lahiri         |
| Norse Mythology                                     | Gaiman         |
| American Gods                                       | Gaiman         |
| Interpreter of Maladies                             | Lahiri         |
| A Hologram for the King: A Novel                    | Eggers         |
| The Circle                                          | Eggers         |
| The Amazing Adventures of Kavalier & Clay           | Chabon         |
| Just Kids                                           | Smith          |
| A Heartbreaking Work of Staggering Genius           | Eggers         |
| Coraline                                            | Gaiman         |
| What We Talk About When We Talk About Love: Stories | Carver         |
| Where I'm Calling From: Selected Stories            | Carver         |
| White Noise                                         | DeLillo        |
| Cannery Row                                         | Steinbeck      |
| Oblivion: Stories                                   | Foster Wallace |
| Consider the Lobster                                | Foster Wallace |
| 10% Happier                                         | Harris         |
| fake_book                                           | Harris         |
| Lincoln In The Bardo                                | Saunders       |
+-----------------------------------------------------+----------------+
19 rows in set (0.00 sec)

MariaDB [firsteg]> select title,released_year from books order by stock_quantity limit 3;
+-----------------------------------------------------+---------------+
| title                                               | released_year |
+-----------------------------------------------------+---------------+
| Where I'm Calling From: Selected Stories            |          1989 |
| American Gods                                       |          2001 |
| What We Talk About When We Talk About Love: Stories |          1981 |
+-----------------------------------------------------+---------------+
3 rows in set (0.00 sec)

MariaDB [firsteg]> select title,released_year,stock_quantity from books order by stock_quantity,released_year desc  limit  3;
+-----------------------------------------------------+---------------+----------------+
| title                                               | released_year | stock_quantity |
+-----------------------------------------------------+---------------+----------------+
| American Gods                                       |          2001 |             12 |
| Where I'm Calling From: Selected Stories            |          1989 |             12 |
| What We Talk About When We Talk About Love: Stories |          1981 |             23 |
+-----------------------------------------------------+---------------+----------------+
3 rows in set (0.00 sec)

MariaDB [firsteg]> select count(*) from books;
+----------+
| count(*) |
+----------+
|       19 |
+----------+
1 row in set (0.00 sec)

MariaDB [firsteg]> select * from books;
+---------+-----------------------------------------------------+--------------+----------------+---------------+----------------+-------+
| book_id | title                                               | author_fname | author_lname   | released_year | stock_quantity | pages |
+---------+-----------------------------------------------------+--------------+----------------+---------------+----------------+-------+
|       1 | The Namesake                                        | Jhumpa       | Lahiri         |          2003 |             32 |   291 |
|       2 | Norse Mythology                                     | Neil         | Gaiman         |          2016 |             43 |   304 |
|       3 | American Gods                                       | Neil         | Gaiman         |          2001 |             12 |   465 |
|       4 | Interpreter of Maladies                             | Jhumpa       | Lahiri         |          1996 |             97 |   198 |
|       5 | A Hologram for the King: A Novel                    | Dave         | Eggers         |          2012 |            154 |   352 |
|       6 | The Circle                                          | Dave         | Eggers         |          2013 |             26 |   504 |
|       7 | The Amazing Adventures of Kavalier & Clay           | Michael      | Chabon         |          2000 |             68 |   634 |
|       8 | Just Kids                                           | Patti        | Smith          |          2010 |             55 |   304 |
|       9 | A Heartbreaking Work of Staggering Genius           | Dave         | Eggers         |          2001 |            104 |   437 |
|      10 | Coraline                                            | Neil         | Gaiman         |          2003 |            100 |   208 |
|      11 | What We Talk About When We Talk About Love: Stories | Raymond      | Carver         |          1981 |             23 |   176 |
|      12 | Where I'm Calling From: Selected Stories            | Raymond      | Carver         |          1989 |             12 |   526 |
|      13 | White Noise                                         | Don          | DeLillo        |          1985 |             49 |   320 |
|      14 | Cannery Row                                         | John         | Steinbeck      |          1945 |             95 |   181 |
|      15 | Oblivion: Stories                                   | David        | Foster Wallace |          2004 |            172 |   329 |
|      16 | Consider the Lobster                                | David        | Foster Wallace |          2005 |             92 |   343 |
|      17 | 10% Happier                                         | Dan          | Harris         |          2014 |             29 |   256 |
|      18 | fake_book                                           | Freida       | Harris         |          2001 |            287 |   428 |
|      19 | Lincoln In The Bardo                                | George       | Saunders       |          2017 |           1000 |   367 |
+---------+-----------------------------------------------------+--------------+----------------+---------------+----------------+-------+
19 rows in set (0.00 sec)

MariaDB [firsteg]> select author_lname,author_fname from books order by author_lname,author_fname;
+----------------+--------------+
| author_lname   | author_fname |
+----------------+--------------+
| Carver         | Raymond      |
| Carver         | Raymond      |
| Chabon         | Michael      |
| DeLillo        | Don          |
| Eggers         | Dave         |
| Eggers         | Dave         |
| Eggers         | Dave         |
| Foster Wallace | David        |
| Foster Wallace | David        |
| Gaiman         | Neil         |
| Gaiman         | Neil         |
| Gaiman         | Neil         |
| Harris         | Dan          |
| Harris         | Freida       |
| Lahiri         | Jhumpa       |
| Lahiri         | Jhumpa       |
| Saunders       | George       |
| Smith          | Patti        |
| Steinbeck      | John         |
+----------------+--------------+
19 rows in set (0.00 sec)

MariaDB [firsteg]> select author_lname,author_fname from books order by author_lname;
+----------------+--------------+
| author_lname   | author_fname |
+----------------+--------------+
| Carver         | Raymond      |
| Carver         | Raymond      |
| Chabon         | Michael      |
| DeLillo        | Don          |
| Eggers         | Dave         |
| Eggers         | Dave         |
| Eggers         | Dave         |
| Foster Wallace | David        |
| Foster Wallace | David        |
| Gaiman         | Neil         |
| Gaiman         | Neil         |
| Gaiman         | Neil         |
| Harris         | Freida       |
| Harris         | Dan          |
| Lahiri         | Jhumpa       |
| Lahiri         | Jhumpa       |
| Saunders       | George       |
| Smith          | Patti        |
| Steinbeck      | John         |
+----------------+--------------+
19 rows in set (0.00 sec)

MariaDB [firsteg]> select author_lname,author_fname from books order by author_lname,author_fname asc;
+----------------+--------------+
| author_lname   | author_fname |
+----------------+--------------+
| Carver         | Raymond      |
| Carver         | Raymond      |
| Chabon         | Michael      |
| DeLillo        | Don          |
| Eggers         | Dave         |
| Eggers         | Dave         |
| Eggers         | Dave         |
| Foster Wallace | David        |
| Foster Wallace | David        |
| Gaiman         | Neil         |
| Gaiman         | Neil         |
| Gaiman         | Neil         |
| Harris         | Dan          |
| Harris         | Freida       |
| Lahiri         | Jhumpa       |
| Lahiri         | Jhumpa       |
| Saunders       | George       |
| Smith          | Patti        |
| Steinbeck      | John         |
+----------------+--------------+
19 rows in set (0.00 sec)

MariaDB [firsteg]> select author_lname,author_fname from books order by author_lname,author_fname desc;
+----------------+--------------+
| author_lname   | author_fname |
+----------------+--------------+
| Carver         | Raymond      |
| Carver         | Raymond      |
| Chabon         | Michael      |
| DeLillo        | Don          |
| Eggers         | Dave         |
| Eggers         | Dave         |
| Eggers         | Dave         |
| Foster Wallace | David        |
| Foster Wallace | David        |
| Gaiman         | Neil         |
| Gaiman         | Neil         |
| Gaiman         | Neil         |
| Harris         | Freida       |
| Harris         | Dan          |
| Lahiri         | Jhumpa       |
| Lahiri         | Jhumpa       |
| Saunders       | George       |
| Smith          | Patti        |
| Steinbeck      | John         |
+----------------+--------------+
19 rows in set (0.00 sec)

MariaDB [firsteg]> SELECT author_fname, author_lname FROM books
    -> ORDER BY author_lname, author_fname;
+--------------+----------------+
| author_fname | author_lname   |
+--------------+----------------+
| Raymond      | Carver         |
| Raymond      | Carver         |
| Michael      | Chabon         |
| Don          | DeLillo        |
| Dave         | Eggers         |
| Dave         | Eggers         |
| Dave         | Eggers         |
| David        | Foster Wallace |
| David        | Foster Wallace |
| Neil         | Gaiman         |
| Neil         | Gaiman         |
| Neil         | Gaiman         |
| Dan          | Harris         |
| Freida       | Harris         |
| Jhumpa       | Lahiri         |
| Jhumpa       | Lahiri         |
| George       | Saunders       |
| Patti        | Smith          |
| John         | Steinbeck      |
+--------------+----------------+
19 rows in set (0.00 sec)

MariaDB [firsteg]> select title,released_year,stock_quantity from books order by stock_quantity,released_year desc  limit  3;
+-----------------------------------------------------+---------------+----------------+
| title                                               | released_year | stock_quantity |
+-----------------------------------------------------+---------------+----------------+
| American Gods                                       |          2001 |             12 |
| Where I'm Calling From: Selected Stories            |          1989 |             12 |
| What We Talk About When We Talk About Love: Stories |          1981 |             23 |
+-----------------------------------------------------+---------------+----------------+
3 rows in set (0.00 sec)

MariaDB [firsteg]> SELECT title, author_lname FROM books
    -> GROUP BY author_lname;
+-----------------------------------------------------+----------------+
| title                                               | author_lname   |
+-----------------------------------------------------+----------------+
| What We Talk About When We Talk About Love: Stories | Carver         |
| The Amazing Adventures of Kavalier & Clay           | Chabon         |
| White Noise                                         | DeLillo        |
| A Hologram for the King: A Novel                    | Eggers         |
| Oblivion: Stories                                   | Foster Wallace |
| Norse Mythology                                     | Gaiman         |
| 10% Happier                                         | Harris         |
| The Namesake                                        | Lahiri         |
| Lincoln In The Bardo                                | Saunders       |
| Just Kids                                           | Smith          |
| Cannery Row                                         | Steinbeck      |
+-----------------------------------------------------+----------------+
11 rows in set (0.00 sec)

MariaDB [firsteg]> SELECT title, author_lname FROM books
    -> ;
+-----------------------------------------------------+----------------+
| title                                               | author_lname   |
+-----------------------------------------------------+----------------+
| The Namesake                                        | Lahiri         |
| Norse Mythology                                     | Gaiman         |
| American Gods                                       | Gaiman         |
| Interpreter of Maladies                             | Lahiri         |
| A Hologram for the King: A Novel                    | Eggers         |
| The Circle                                          | Eggers         |
| The Amazing Adventures of Kavalier & Clay           | Chabon         |
| Just Kids                                           | Smith          |
| A Heartbreaking Work of Staggering Genius           | Eggers         |
| Coraline                                            | Gaiman         |
| What We Talk About When We Talk About Love: Stories | Carver         |
| Where I'm Calling From: Selected Stories            | Carver         |
| White Noise                                         | DeLillo        |
| Cannery Row                                         | Steinbeck      |
| Oblivion: Stories                                   | Foster Wallace |
| Consider the Lobster                                | Foster Wallace |
| 10% Happier                                         | Harris         |
| fake_book                                           | Harris         |
| Lincoln In The Bardo                                | Saunders       |
+-----------------------------------------------------+----------------+
19 rows in set (0.00 sec)

MariaDB [firsteg]> select count(*) from books ;
+----------+
| count(*) |
+----------+
|       19 |
+----------+
1 row in set (0.00 sec)

MariaDB [firsteg]> select * from books;
+---------+-----------------------------------------------------+--------------+----------------+---------------+----------------+-------+
| book_id | title                                               | author_fname | author_lname   | released_year | stock_quantity | pages |
+---------+-----------------------------------------------------+--------------+----------------+---------------+----------------+-------+
|       1 | The Namesake                                        | Jhumpa       | Lahiri         |          2003 |             32 |   291 |
|       2 | Norse Mythology                                     | Neil         | Gaiman         |          2016 |             43 |   304 |
|       3 | American Gods                                       | Neil         | Gaiman         |          2001 |             12 |   465 |
|       4 | Interpreter of Maladies                             | Jhumpa       | Lahiri         |          1996 |             97 |   198 |
|       5 | A Hologram for the King: A Novel                    | Dave         | Eggers         |          2012 |            154 |   352 |
|       6 | The Circle                                          | Dave         | Eggers         |          2013 |             26 |   504 |
|       7 | The Amazing Adventures of Kavalier & Clay           | Michael      | Chabon         |          2000 |             68 |   634 |
|       8 | Just Kids                                           | Patti        | Smith          |          2010 |             55 |   304 |
|       9 | A Heartbreaking Work of Staggering Genius           | Dave         | Eggers         |          2001 |            104 |   437 |
|      10 | Coraline                                            | Neil         | Gaiman         |          2003 |            100 |   208 |
|      11 | What We Talk About When We Talk About Love: Stories | Raymond      | Carver         |          1981 |             23 |   176 |
|      12 | Where I'm Calling From: Selected Stories            | Raymond      | Carver         |          1989 |             12 |   526 |
|      13 | White Noise                                         | Don          | DeLillo        |          1985 |             49 |   320 |
|      14 | Cannery Row                                         | John         | Steinbeck      |          1945 |             95 |   181 |
|      15 | Oblivion: Stories                                   | David        | Foster Wallace |          2004 |            172 |   329 |
|      16 | Consider the Lobster                                | David        | Foster Wallace |          2005 |             92 |   343 |
|      17 | 10% Happier                                         | Dan          | Harris         |          2014 |             29 |   256 |
|      18 | fake_book                                           | Freida       | Harris         |          2001 |            287 |   428 |
|      19 | Lincoln In The Bardo                                | George       | Saunders       |          2017 |           1000 |   367 |
+---------+-----------------------------------------------------+--------------+----------------+---------------+----------------+-------+
19 rows in set (0.00 sec)

MariaDB [firsteg]> select count(author_lname,title) from books;
ERROR 1064 (42000): You have an error in your SQL syntax; check the manual that corresponds to your MariaDB server version for the right syntax to use near 'title) from books' at line 1
MariaDB [firsteg]> select count(author_lname) from books;
+---------------------+
| count(author_lname) |
+---------------------+
|                  19 |
+---------------------+
1 row in set (0.00 sec)

MariaDB [firsteg]> select count(title) from books;
+--------------+
| count(title) |
+--------------+
|           19 |
+--------------+
1 row in set (0.00 sec)

MariaDB [firsteg]> select count(title) from books group by author_lname;
+--------------+
| count(title) |
+--------------+
|            2 |
|            1 |
|            1 |
|            3 |
|            2 |
|            3 |
|            2 |
|            2 |
|            1 |
|            1 |
|            1 |
+--------------+
11 rows in set (0.00 sec)

MariaDB [firsteg]> select count(title),author_lname from books group by author_lname;
+--------------+----------------+
| count(title) | author_lname   |
+--------------+----------------+
|            2 | Carver         |
|            1 | Chabon         |
|            1 | DeLillo        |
|            3 | Eggers         |
|            2 | Foster Wallace |
|            3 | Gaiman         |
|            2 | Harris         |
|            2 | Lahiri         |
|            1 | Saunders       |
|            1 | Smith          |
|            1 | Steinbeck      |
+--------------+----------------+
11 rows in set (0.00 sec)

MariaDB [firsteg]> SELECT author_lname, COUNT(*)
    -> FROM books GROUP BY author_lname;
+----------------+----------+
| author_lname   | COUNT(*) |
+----------------+----------+
| Carver         |        2 |
| Chabon         |        1 |
| DeLillo        |        1 |
| Eggers         |        3 |
| Foster Wallace |        2 |
| Gaiman         |        3 |
| Harris         |        2 |
| Lahiri         |        2 |
| Saunders       |        1 |
| Smith          |        1 |
| Steinbeck      |        1 |
+----------------+----------+
11 rows in set (0.00 sec)

MariaDB [firsteg]> select min(released_year)from books;
+--------------------+
| min(released_year) |
+--------------------+
|               1945 |
+--------------------+
1 row in set (0.00 sec)

MariaDB [firsteg]> select max(pages) from books;
+------------+
| max(pages) |
+------------+
|        634 |
+------------+
1 row in set (0.00 sec)

MariaDB [firsteg]> select title,pages from books where pages=(select max(pages) from books);
+-------------------------------------------+-------+
| title                                     | pages |
+-------------------------------------------+-------+
| The Amazing Adventures of Kavalier & Clay |   634 |
+-------------------------------------------+-------+
1 row in set (0.00 sec)

MariaDB [firsteg]> SELECT MAX(pages), title
    -> FROM books;
+------------+--------------+
| MAX(pages) | title        |
+------------+--------------+
|        634 | The Namesake |
+------------+--------------+
1 row in set (0.00 sec)

MariaDB [firsteg]> select * from books;
+---------+-----------------------------------------------------+--------------+----------------+---------------+----------------+-------+
| book_id | title                                               | author_fname | author_lname   | released_year | stock_quantity | pages |
+---------+-----------------------------------------------------+--------------+----------------+---------------+----------------+-------+
|       1 | The Namesake                                        | Jhumpa       | Lahiri         |          2003 |             32 |   291 |
|       2 | Norse Mythology                                     | Neil         | Gaiman         |          2016 |             43 |   304 |
|       3 | American Gods                                       | Neil         | Gaiman         |          2001 |             12 |   465 |
|       4 | Interpreter of Maladies                             | Jhumpa       | Lahiri         |          1996 |             97 |   198 |
|       5 | A Hologram for the King: A Novel                    | Dave         | Eggers         |          2012 |            154 |   352 |
|       6 | The Circle                                          | Dave         | Eggers         |          2013 |             26 |   504 |
|       7 | The Amazing Adventures of Kavalier & Clay           | Michael      | Chabon         |          2000 |             68 |   634 |
|       8 | Just Kids                                           | Patti        | Smith          |          2010 |             55 |   304 |
|       9 | A Heartbreaking Work of Staggering Genius           | Dave         | Eggers         |          2001 |            104 |   437 |
|      10 | Coraline                                            | Neil         | Gaiman         |          2003 |            100 |   208 |
|      11 | What We Talk About When We Talk About Love: Stories | Raymond      | Carver         |          1981 |             23 |   176 |
|      12 | Where I'm Calling From: Selected Stories            | Raymond      | Carver         |          1989 |             12 |   526 |
|      13 | White Noise                                         | Don          | DeLillo        |          1985 |             49 |   320 |
|      14 | Cannery Row                                         | John         | Steinbeck      |          1945 |             95 |   181 |
|      15 | Oblivion: Stories                                   | David        | Foster Wallace |          2004 |            172 |   329 |
|      16 | Consider the Lobster                                | David        | Foster Wallace |          2005 |             92 |   343 |
|      17 | 10% Happier                                         | Dan          | Harris         |          2014 |             29 |   256 |
|      18 | fake_book                                           | Freida       | Harris         |          2001 |            287 |   428 |
|      19 | Lincoln In The Bardo                                | George       | Saunders       |          2017 |           1000 |   367 |
+---------+-----------------------------------------------------+--------------+----------------+---------------+----------------+-------+
19 rows in set (0.00 sec)

MariaDB [firsteg]> SELECT * FROM books
    -> WHERE pages = (SELECT Min(pages)
    ->                 FROM books);
+---------+-----------------------------------------------------+--------------+--------------+---------------+----------------+-------+
| book_id | title                                               | author_fname | author_lname | released_year | stock_quantity | pages |
+---------+-----------------------------------------------------+--------------+--------------+---------------+----------------+-------+
|      11 | What We Talk About When We Talk About Love: Stories | Raymond      | Carver       |          1981 |             23 |   176 |
+---------+-----------------------------------------------------+--------------+--------------+---------------+----------------+-------+
1 row in set (0.00 sec)

MariaDB [firsteg]> SELECT * FROM books
    -> ORDER BY pages ASC LIMIT 1;
+---------+-----------------------------------------------------+--------------+--------------+---------------+----------------+-------+
| book_id | title                                               | author_fname | author_lname | released_year | stock_quantity | pages |
+---------+-----------------------------------------------------+--------------+--------------+---------------+----------------+-------+
|      11 | What We Talk About When We Talk About Love: Stories | Raymond      | Carver       |          1981 |             23 |   176 |
+---------+-----------------------------------------------------+--------------+--------------+---------------+----------------+-------+
1 row in set (0.00 sec)

MariaDB [firsteg]> select title,pages from books where pages=(select max(pages) from books);
+-------------------------------------------+-------+
| title                                     | pages |
+-------------------------------------------+-------+
| The Amazing Adventures of Kavalier & Clay |   634 |
+-------------------------------------------+-------+
1 row in set (0.00 sec)

MariaDB [firsteg]> select title,pages from books order by pages desc limit 1;
+-------------------------------------------+-------+
| title                                     | pages |
+-------------------------------------------+-------+
| The Amazing Adventures of Kavalier & Clay |   634 |
+-------------------------------------------+-------+
1 row in set (0.00 sec)

MariaDB [firsteg]> SELECT author_fname,
    ->        author_lname,
    ->        Min(released_year)
    -> FROM   books
    -> GROUP  BY author_lname,
    ->           author_fname;
+--------------+----------------+--------------------+
| author_fname | author_lname   | Min(released_year) |
+--------------+----------------+--------------------+
| Raymond      | Carver         |               1981 |
| Michael      | Chabon         |               2000 |
| Don          | DeLillo        |               1985 |
| Dave         | Eggers         |               2001 |
| David        | Foster Wallace |               2004 |
| Neil         | Gaiman         |               2001 |
| Dan          | Harris         |               2014 |
| Freida       | Harris         |               2001 |
| Jhumpa       | Lahiri         |               1996 |
| George       | Saunders       |               2017 |
| Patti        | Smith          |               2010 |
| John         | Steinbeck      |               1945 |
+--------------+----------------+--------------------+
12 rows in set (0.00 sec)

MariaDB [firsteg]> SELECT * FROM books
    -> ;
+---------+-----------------------------------------------------+--------------+----------------+---------------+----------------+-------+
| book_id | title                                               | author_fname | author_lname   | released_year | stock_quantity | pages |
+---------+-----------------------------------------------------+--------------+----------------+---------------+----------------+-------+
|       1 | The Namesake                                        | Jhumpa       | Lahiri         |          2003 |             32 |   291 |
|       2 | Norse Mythology                                     | Neil         | Gaiman         |          2016 |             43 |   304 |
|       3 | American Gods                                       | Neil         | Gaiman         |          2001 |             12 |   465 |
|       4 | Interpreter of Maladies                             | Jhumpa       | Lahiri         |          1996 |             97 |   198 |
|       5 | A Hologram for the King: A Novel                    | Dave         | Eggers         |          2012 |            154 |   352 |
|       6 | The Circle                                          | Dave         | Eggers         |          2013 |             26 |   504 |
|       7 | The Amazing Adventures of Kavalier & Clay           | Michael      | Chabon         |          2000 |             68 |   634 |
|       8 | Just Kids                                           | Patti        | Smith          |          2010 |             55 |   304 |
|       9 | A Heartbreaking Work of Staggering Genius           | Dave         | Eggers         |          2001 |            104 |   437 |
|      10 | Coraline                                            | Neil         | Gaiman         |          2003 |            100 |   208 |
|      11 | What We Talk About When We Talk About Love: Stories | Raymond      | Carver         |          1981 |             23 |   176 |
|      12 | Where I'm Calling From: Selected Stories            | Raymond      | Carver         |          1989 |             12 |   526 |
|      13 | White Noise                                         | Don          | DeLillo        |          1985 |             49 |   320 |
|      14 | Cannery Row                                         | John         | Steinbeck      |          1945 |             95 |   181 |
|      15 | Oblivion: Stories                                   | David        | Foster Wallace |          2004 |            172 |   329 |
|      16 | Consider the Lobster                                | David        | Foster Wallace |          2005 |             92 |   343 |
|      17 | 10% Happier                                         | Dan          | Harris         |          2014 |             29 |   256 |
|      18 | fake_book                                           | Freida       | Harris         |          2001 |            287 |   428 |
|      19 | Lincoln In The Bardo                                | George       | Saunders       |          2017 |           1000 |   367 |
+---------+-----------------------------------------------------+--------------+----------------+---------------+----------------+-------+
19 rows in set (0.00 sec)

MariaDB [firsteg]> SELECT author_fname,min(released_year) from books group by author_fname;
+--------------+--------------------+
| author_fname | min(released_year) |
+--------------+--------------------+
| Dan          |               2014 |
| Dave         |               2001 |
| David        |               2004 |
| Don          |               1985 |
| Freida       |               2001 |
| George       |               2017 |
| Jhumpa       |               1996 |
| John         |               1945 |
| Michael      |               2000 |
| Neil         |               2001 |
| Patti        |               2010 |
| Raymond      |               1981 |
+--------------+--------------------+
12 rows in set (0.00 sec)

MariaDB [firsteg]> SELECT * FROM books ;
+---------+-----------------------------------------------------+--------------+----------------+---------------+----------------+-------+
| book_id | title                                               | author_fname | author_lname   | released_year | stock_quantity | pages |
+---------+-----------------------------------------------------+--------------+----------------+---------------+----------------+-------+
|       1 | The Namesake                                        | Jhumpa       | Lahiri         |          2003 |             32 |   291 |
|       2 | Norse Mythology                                     | Neil         | Gaiman         |          2016 |             43 |   304 |
|       3 | American Gods                                       | Neil         | Gaiman         |          2001 |             12 |   465 |
|       4 | Interpreter of Maladies                             | Jhumpa       | Lahiri         |          1996 |             97 |   198 |
|       5 | A Hologram for the King: A Novel                    | Dave         | Eggers         |          2012 |            154 |   352 |
|       6 | The Circle                                          | Dave         | Eggers         |          2013 |             26 |   504 |
|       7 | The Amazing Adventures of Kavalier & Clay           | Michael      | Chabon         |          2000 |             68 |   634 |
|       8 | Just Kids                                           | Patti        | Smith          |          2010 |             55 |   304 |
|       9 | A Heartbreaking Work of Staggering Genius           | Dave         | Eggers         |          2001 |            104 |   437 |
|      10 | Coraline                                            | Neil         | Gaiman         |          2003 |            100 |   208 |
|      11 | What We Talk About When We Talk About Love: Stories | Raymond      | Carver         |          1981 |             23 |   176 |
|      12 | Where I'm Calling From: Selected Stories            | Raymond      | Carver         |          1989 |             12 |   526 |
|      13 | White Noise                                         | Don          | DeLillo        |          1985 |             49 |   320 |
|      14 | Cannery Row                                         | John         | Steinbeck      |          1945 |             95 |   181 |
|      15 | Oblivion: Stories                                   | David        | Foster Wallace |          2004 |            172 |   329 |
|      16 | Consider the Lobster                                | David        | Foster Wallace |          2005 |             92 |   343 |
|      17 | 10% Happier                                         | Dan          | Harris         |          2014 |             29 |   256 |
|      18 | fake_book                                           | Freida       | Harris         |          2001 |            287 |   428 |
|      19 | Lincoln In The Bardo                                | George       | Saunders       |          2017 |           1000 |   367 |
+---------+-----------------------------------------------------+--------------+----------------+---------------+----------------+-------+
19 rows in set (0.00 sec)

MariaDB [firsteg]> select max(pages) from books;
+------------+
| max(pages) |
+------------+
|        634 |
+------------+
1 row in set (0.00 sec)

MariaDB [firsteg]> select sum(pages) from books;
+------------+
| sum(pages) |
+------------+
|       6623 |
+------------+
1 row in set (0.00 sec)

MariaDB [firsteg]> select sum(pages),concat(author_lname,author_fname) from books order by concat(author_lname,author_fname);
+------------+-----------------------------------+
| sum(pages) | concat(author_lname,author_fname) |
+------------+-----------------------------------+
|       6623 | LahiriJhumpa                      |
+------------+-----------------------------------+
1 row in set (0.00 sec)

MariaDB [firsteg]> select avg(stock_quantity) from books where released_year=released_year;
+---------------------+
| avg(stock_quantity) |
+---------------------+
|            128.9474 |
+---------------------+
1 row in set (0.00 sec)

MariaDB [firsteg]> SELECT AVG(stock_quantity)
    -> FROM books
    -> GROUP BY released_year;
+---------------------+
| AVG(stock_quantity) |
+---------------------+
|             95.0000 |
|             23.0000 |
|             49.0000 |
|             12.0000 |
|             97.0000 |
|             68.0000 |
|            134.3333 |
|             66.0000 |
|            172.0000 |
|             92.0000 |
|             55.0000 |
|            154.0000 |
|             26.0000 |
|             29.0000 |
|             43.0000 |
|           1000.0000 |
+---------------------+
16 rows in set (0.00 sec)

MariaDB [firsteg]> select released_year,author_lname,title from books group by author_lname;
+---------------+----------------+-----------------------------------------------------+
| released_year | author_lname   | title                                               |
+---------------+----------------+-----------------------------------------------------+
|          1981 | Carver         | What We Talk About When We Talk About Love: Stories |
|          2000 | Chabon         | The Amazing Adventures of Kavalier & Clay           |
|          1985 | DeLillo        | White Noise                                         |
|          2012 | Eggers         | A Hologram for the King: A Novel                    |
|          2004 | Foster Wallace | Oblivion: Stories                                   |
|          2016 | Gaiman         | Norse Mythology                                     |
|          2014 | Harris         | 10% Happier                                         |
|          2003 | Lahiri         | The Namesake                                        |
|          2017 | Saunders       | Lincoln In The Bardo                                |
|          2010 | Smith          | Just Kids                                           |
|          1945 | Steinbeck      | Cannery Row                                         |
+---------------+----------------+-----------------------------------------------------+
11 rows in set (0.00 sec)

MariaDB [firsteg]> SELECT author_fname,
    ->        author_lname,
    ->        Min(released_year)
    -> FROM   books
    -> GROUP  BY author_lname,
    ->           author_fname;
+--------------+----------------+--------------------+
| author_fname | author_lname   | Min(released_year) |
+--------------+----------------+--------------------+
| Raymond      | Carver         |               1981 |
| Michael      | Chabon         |               2000 |
| Don          | DeLillo        |               1985 |
| Dave         | Eggers         |               2001 |
| David        | Foster Wallace |               2004 |
| Neil         | Gaiman         |               2001 |
| Dan          | Harris         |               2014 |
| Freida       | Harris         |               2001 |
| Jhumpa       | Lahiri         |               1996 |
| George       | Saunders       |               2017 |
| Patti        | Smith          |               2010 |
| John         | Steinbeck      |               1945 |
+--------------+----------------+--------------------+
12 rows in set (0.00 sec)

MariaDB [firsteg]> select min(released_year),author_lname,title from books group by author_lname;
+--------------------+----------------+-----------------------------------------------------+
| min(released_year) | author_lname   | title                                               |
+--------------------+----------------+-----------------------------------------------------+
|               1981 | Carver         | What We Talk About When We Talk About Love: Stories |
|               2000 | Chabon         | The Amazing Adventures of Kavalier & Clay           |
|               1985 | DeLillo        | White Noise                                         |
|               2001 | Eggers         | A Hologram for the King: A Novel                    |
|               2004 | Foster Wallace | Oblivion: Stories                                   |
|               2001 | Gaiman         | Norse Mythology                                     |
|               2001 | Harris         | 10% Happier                                         |
|               1996 | Lahiri         | The Namesake                                        |
|               2017 | Saunders       | Lincoln In The Bardo                                |
|               2010 | Smith          | Just Kids                                           |
|               1945 | Steinbeck      | Cannery Row                                         |
+--------------------+----------------+-----------------------------------------------------+
11 rows in set (0.00 sec)

MariaDB [firsteg]> select min(released_year),author_lname,title from books group by author_lname,author_fname;
+--------------------+----------------+-----------------------------------------------------+
| min(released_year) | author_lname   | title                                               |
+--------------------+----------------+-----------------------------------------------------+
|               1981 | Carver         | What We Talk About When We Talk About Love: Stories |
|               2000 | Chabon         | The Amazing Adventures of Kavalier & Clay           |
|               1985 | DeLillo        | White Noise                                         |
|               2001 | Eggers         | A Hologram for the King: A Novel                    |
|               2004 | Foster Wallace | Oblivion: Stories                                   |
|               2001 | Gaiman         | Norse Mythology                                     |
|               2014 | Harris         | 10% Happier                                         |
|               2001 | Harris         | fake_book                                           |
|               1996 | Lahiri         | The Namesake                                        |
|               2017 | Saunders       | Lincoln In The Bardo                                |
|               2010 | Smith          | Just Kids                                           |
|               1945 | Steinbeck      | Cannery Row                                         |
+--------------------+----------------+-----------------------------------------------------+
12 rows in set (0.00 sec)

MariaDB [firsteg]> select min(released_year),author_lname,title from books group by author_fname,author_lname;
+--------------------+----------------+-----------------------------------------------------+
| min(released_year) | author_lname   | title                                               |
+--------------------+----------------+-----------------------------------------------------+
|               2014 | Harris         | 10% Happier                                         |
|               2001 | Eggers         | A Hologram for the King: A Novel                    |
|               2004 | Foster Wallace | Oblivion: Stories                                   |
|               1985 | DeLillo        | White Noise                                         |
|               2001 | Harris         | fake_book                                           |
|               2017 | Saunders       | Lincoln In The Bardo                                |
|               1996 | Lahiri         | The Namesake                                        |
|               1945 | Steinbeck      | Cannery Row                                         |
|               2000 | Chabon         | The Amazing Adventures of Kavalier & Clay           |
|               2001 | Gaiman         | Norse Mythology                                     |
|               2010 | Smith          | Just Kids                                           |
|               1981 | Carver         | What We Talk About When We Talk About Love: Stories |
+--------------------+----------------+-----------------------------------------------------+
12 rows in set (0.00 sec)

MariaDB [firsteg]> select author_lname,author_fname,min(released_year) from books group by author_lname;
+----------------+--------------+--------------------+
| author_lname   | author_fname | min(released_year) |
+----------------+--------------+--------------------+
| Carver         | Raymond      |               1981 |
| Chabon         | Michael      |               2000 |
| DeLillo        | Don          |               1985 |
| Eggers         | Dave         |               2001 |
| Foster Wallace | David        |               2004 |
| Gaiman         | Neil         |               2001 |
| Harris         | Dan          |               2001 |
| Lahiri         | Jhumpa       |               1996 |
| Saunders       | George       |               2017 |
| Smith          | Patti        |               2010 |
| Steinbeck      | John         |               1945 |
+----------------+--------------+--------------------+
11 rows in set (0.00 sec)

MariaDB [firsteg]> SELECT author_fname,
    ->        author_lname,
    ->        Min(released_year)
    -> FROM   books
    -> GROUP  BY author_lname,
    ->           author_fname;
+--------------+----------------+--------------------+
| author_fname | author_lname   | Min(released_year) |
+--------------+----------------+--------------------+
| Raymond      | Carver         |               1981 |
| Michael      | Chabon         |               2000 |
| Don          | DeLillo        |               1985 |
| Dave         | Eggers         |               2001 |
| David        | Foster Wallace |               2004 |
| Neil         | Gaiman         |               2001 |
| Dan          | Harris         |               2014 |
| Freida       | Harris         |               2001 |
| Jhumpa       | Lahiri         |               1996 |
| George       | Saunders       |               2017 |
| Patti        | Smith          |               2010 |
| John         | Steinbeck      |               1945 |
+--------------+----------------+--------------------+
12 rows in set (0.00 sec)

MariaDB [firsteg]> select author_lname,author_fname,min(released_year) from books group by author_lname,author_fname;
+----------------+--------------+--------------------+
| author_lname   | author_fname | min(released_year) |
+----------------+--------------+--------------------+
| Carver         | Raymond      |               1981 |
| Chabon         | Michael      |               2000 |
| DeLillo        | Don          |               1985 |
| Eggers         | Dave         |               2001 |
| Foster Wallace | David        |               2004 |
| Gaiman         | Neil         |               2001 |
| Harris         | Dan          |               2014 |
| Harris         | Freida       |               2001 |
| Lahiri         | Jhumpa       |               1996 |
| Saunders       | George       |               2017 |
| Smith          | Patti        |               2010 |
| Steinbeck      | John         |               1945 |
+----------------+--------------+--------------------+
12 rows in set (0.00 sec)

MariaDB [firsteg]> select max(pages),author_lname,author_fname from books group by author_lname,author_fname;
+------------+----------------+--------------+
| max(pages) | author_lname   | author_fname |
+------------+----------------+--------------+
|        526 | Carver         | Raymond      |
|        634 | Chabon         | Michael      |
|        320 | DeLillo        | Don          |
|        504 | Eggers         | Dave         |
|        343 | Foster Wallace | David        |
|        465 | Gaiman         | Neil         |
|        256 | Harris         | Dan          |
|        428 | Harris         | Freida       |
|        291 | Lahiri         | Jhumpa       |
|        367 | Saunders       | George       |
|        304 | Smith          | Patti        |
|        181 | Steinbeck      | John         |
+------------+----------------+--------------+
12 rows in set (0.00 sec)

MariaDB [firsteg]> SELECT * FROM books ;
+---------+-----------------------------------------------------+--------------+----------------+---------------+----------------+-------+
| book_id | title                                               | author_fname | author_lname   | released_year | stock_quantity | pages |
+---------+-----------------------------------------------------+--------------+----------------+---------------+----------------+-------+
|       1 | The Namesake                                        | Jhumpa       | Lahiri         |          2003 |             32 |   291 |
|       2 | Norse Mythology                                     | Neil         | Gaiman         |          2016 |             43 |   304 |
|       3 | American Gods                                       | Neil         | Gaiman         |          2001 |             12 |   465 |
|       4 | Interpreter of Maladies                             | Jhumpa       | Lahiri         |          1996 |             97 |   198 |
|       5 | A Hologram for the King: A Novel                    | Dave         | Eggers         |          2012 |            154 |   352 |
|       6 | The Circle                                          | Dave         | Eggers         |          2013 |             26 |   504 |
|       7 | The Amazing Adventures of Kavalier & Clay           | Michael      | Chabon         |          2000 |             68 |   634 |
|       8 | Just Kids                                           | Patti        | Smith          |          2010 |             55 |   304 |
|       9 | A Heartbreaking Work of Staggering Genius           | Dave         | Eggers         |          2001 |            104 |   437 |
|      10 | Coraline                                            | Neil         | Gaiman         |          2003 |            100 |   208 |
|      11 | What We Talk About When We Talk About Love: Stories | Raymond      | Carver         |          1981 |             23 |   176 |
|      12 | Where I'm Calling From: Selected Stories            | Raymond      | Carver         |          1989 |             12 |   526 |
|      13 | White Noise                                         | Don          | DeLillo        |          1985 |             49 |   320 |
|      14 | Cannery Row                                         | John         | Steinbeck      |          1945 |             95 |   181 |
|      15 | Oblivion: Stories                                   | David        | Foster Wallace |          2004 |            172 |   329 |
|      16 | Consider the Lobster                                | David        | Foster Wallace |          2005 |             92 |   343 |
|      17 | 10% Happier                                         | Dan          | Harris         |          2014 |             29 |   256 |
|      18 | fake_book                                           | Freida       | Harris         |          2001 |            287 |   428 |
|      19 | Lincoln In The Bardo                                | George       | Saunders       |          2017 |           1000 |   367 |
+---------+-----------------------------------------------------+--------------+----------------+---------------+----------------+-------+
19 rows in set (0.00 sec)

MariaDB [firsteg]> SELECT
    ->   author_fname,
    ->   author_lname,
    ->   Max(pages)
    -> FROM books
    -> GROUP BY author_lname,
    ->          author_fname;
+--------------+----------------+------------+
| author_fname | author_lname   | Max(pages) |
+--------------+----------------+------------+
| Raymond      | Carver         |        526 |
| Michael      | Chabon         |        634 |
| Don          | DeLillo        |        320 |
| Dave         | Eggers         |        504 |
| David        | Foster Wallace |        343 |
| Neil         | Gaiman         |        465 |
| Dan          | Harris         |        256 |
| Freida       | Harris         |        428 |
| Jhumpa       | Lahiri         |        291 |
| George       | Saunders       |        367 |
| Patti        | Smith          |        304 |
| John         | Steinbeck      |        181 |
+--------------+----------------+------------+
12 rows in set (0.00 sec)

MariaDB [firsteg]> SELECT
    ->   CONCAT(author_fname, ' ', author_lname) AS author,
    ->   MAX(pages) AS 'longest book'
    -> FROM books
    -> GROUP BY author_lname,
    ->          author_fname;
+----------------------+--------------+
| author               | longest book |
+----------------------+--------------+
| Raymond Carver       |          526 |
| Michael Chabon       |          634 |
| Don DeLillo          |          320 |
| Dave Eggers          |          504 |
| David Foster Wallace |          343 |
| Neil Gaiman          |          465 |
| Dan Harris           |          256 |
| Freida Harris        |          428 |
| Jhumpa Lahiri        |          291 |
| George Saunders      |          367 |
| Patti Smith          |          304 |
| John Steinbeck       |          181 |
+----------------------+--------------+
12 rows in set (0.00 sec)

MariaDB [firsteg]> select sum(pages),author_lname,author_fname from books group by author_lname,author_fname;
+------------+----------------+--------------+
| sum(pages) | author_lname   | author_fname |
+------------+----------------+--------------+
|        702 | Carver         | Raymond      |
|        634 | Chabon         | Michael      |
|        320 | DeLillo        | Don          |
|       1293 | Eggers         | Dave         |
|        672 | Foster Wallace | David        |
|        977 | Gaiman         | Neil         |
|        256 | Harris         | Dan          |
|        428 | Harris         | Freida       |
|        489 | Lahiri         | Jhumpa       |
|        367 | Saunders       | George       |
|        304 | Smith          | Patti        |
|        181 | Steinbeck      | John         |
+------------+----------------+--------------+
12 rows in set (0.00 sec)

MariaDB [firsteg]> SELECT author_fname,
    ->        author_lname,
    ->        Sum(pages)
    -> FROM books
    -> GROUP BY
    ->     author_lname,
    ->     author_fname;
+--------------+----------------+------------+
| author_fname | author_lname   | Sum(pages) |
+--------------+----------------+------------+
| Raymond      | Carver         |        702 |
| Michael      | Chabon         |        634 |
| Don          | DeLillo        |        320 |
| Dave         | Eggers         |       1293 |
| David        | Foster Wallace |        672 |
| Neil         | Gaiman         |        977 |
| Dan          | Harris         |        256 |
| Freida       | Harris         |        428 |
| Jhumpa       | Lahiri         |        489 |
| George       | Saunders       |        367 |
| Patti        | Smith          |        304 |
| John         | Steinbeck      |        181 |
+--------------+----------------+------------+
12 rows in set (0.00 sec)

MariaDB [firsteg]> select avg(released_year) from books;
+--------------------+
| avg(released_year) |
+--------------------+
|          1999.7895 |
+--------------------+
1 row in set (0.00 sec)

MariaDB [firsteg]> select avg(stock_quantity) from books group by released_year;
+---------------------+
| avg(stock_quantity) |
+---------------------+
|             95.0000 |
|             23.0000 |
|             49.0000 |
|             12.0000 |
|             97.0000 |
|             68.0000 |
|            134.3333 |
|             66.0000 |
|            172.0000 |
|             92.0000 |
|             55.0000 |
|            154.0000 |
|             26.0000 |
|             29.0000 |
|             43.0000 |
|           1000.0000 |
+---------------------+
16 rows in set (0.00 sec)

MariaDB [firsteg]> SELECT * FROM books ;
+---------+-----------------------------------------------------+--------------+----------------+---------------+----------------+-------+
| book_id | title                                               | author_fname | author_lname   | released_year | stock_quantity | pages |
+---------+-----------------------------------------------------+--------------+----------------+---------------+----------------+-------+
|       1 | The Namesake                                        | Jhumpa       | Lahiri         |          2003 |             32 |   291 |
|       2 | Norse Mythology                                     | Neil         | Gaiman         |          2016 |             43 |   304 |
|       3 | American Gods                                       | Neil         | Gaiman         |          2001 |             12 |   465 |
|       4 | Interpreter of Maladies                             | Jhumpa       | Lahiri         |          1996 |             97 |   198 |
|       5 | A Hologram for the King: A Novel                    | Dave         | Eggers         |          2012 |            154 |   352 |
|       6 | The Circle                                          | Dave         | Eggers         |          2013 |             26 |   504 |
|       7 | The Amazing Adventures of Kavalier & Clay           | Michael      | Chabon         |          2000 |             68 |   634 |
|       8 | Just Kids                                           | Patti        | Smith          |          2010 |             55 |   304 |
|       9 | A Heartbreaking Work of Staggering Genius           | Dave         | Eggers         |          2001 |            104 |   437 |
|      10 | Coraline                                            | Neil         | Gaiman         |          2003 |            100 |   208 |
|      11 | What We Talk About When We Talk About Love: Stories | Raymond      | Carver         |          1981 |             23 |   176 |
|      12 | Where I'm Calling From: Selected Stories            | Raymond      | Carver         |          1989 |             12 |   526 |
|      13 | White Noise                                         | Don          | DeLillo        |          1985 |             49 |   320 |
|      14 | Cannery Row                                         | John         | Steinbeck      |          1945 |             95 |   181 |
|      15 | Oblivion: Stories                                   | David        | Foster Wallace |          2004 |            172 |   329 |
|      16 | Consider the Lobster                                | David        | Foster Wallace |          2005 |             92 |   343 |
|      17 | 10% Happier                                         | Dan          | Harris         |          2014 |             29 |   256 |
|      18 | fake_book                                           | Freida       | Harris         |          2001 |            287 |   428 |
|      19 | Lincoln In The Bardo                                | George       | Saunders       |          2017 |           1000 |   367 |
+---------+-----------------------------------------------------+--------------+----------------+---------------+----------------+-------+
19 rows in set (0.00 sec)

MariaDB [firsteg]> select count(title) from books;
+--------------+
| count(title) |
+--------------+
|           19 |
+--------------+
1 row in set (0.00 sec)

MariaDB [firsteg]> select count(title),released_year from books group by released_year;
+--------------+---------------+
| count(title) | released_year |
+--------------+---------------+
|            1 |          1945 |
|            1 |          1981 |
|            1 |          1985 |
|            1 |          1989 |
|            1 |          1996 |
|            1 |          2000 |
|            3 |          2001 |
|            2 |          2003 |
|            1 |          2004 |
|            1 |          2005 |
|            1 |          2010 |
|            1 |          2012 |
|            1 |          2013 |
|            1 |          2014 |
|            1 |          2016 |
|            1 |          2017 |
+--------------+---------------+
16 rows in set (0.00 sec)

MariaDB [firsteg]> select avg(released_year),author_lname,author_fname from books group by author_lname,author_fname;
+--------------------+----------------+--------------+
| avg(released_year) | author_lname   | author_fname |
+--------------------+----------------+--------------+
|          1985.0000 | Carver         | Raymond      |
|          2000.0000 | Chabon         | Michael      |
|          1985.0000 | DeLillo        | Don          |
|          2008.6667 | Eggers         | Dave         |
|          2004.5000 | Foster Wallace | David        |
|          2006.6667 | Gaiman         | Neil         |
|          2014.0000 | Harris         | Dan          |
|          2001.0000 | Harris         | Freida       |
|          1999.5000 | Lahiri         | Jhumpa       |
|          2017.0000 | Saunders       | George       |
|          2010.0000 | Smith          | Patti        |
|          1945.0000 | Steinbeck      | John         |
+--------------------+----------------+--------------+
12 rows in set (0.00 sec)

MariaDB [firsteg]> select max(pages),concat(author_lname,author_fname),title from books ;
+------------+-----------------------------------+--------------+
| max(pages) | concat(author_lname,author_fname) | title        |
+------------+-----------------------------------+--------------+
|        634 | LahiriJhumpa                      | The Namesake |
+------------+-----------------------------------+--------------+
1 row in set (0.00 sec)

MariaDB [firsteg]> SELECT * FROM books ;
+---------+-----------------------------------------------------+--------------+----------------+---------------+----------------+-------+
| book_id | title                                               | author_fname | author_lname   | released_year | stock_quantity | pages |
+---------+-----------------------------------------------------+--------------+----------------+---------------+----------------+-------+
|       1 | The Namesake                                        | Jhumpa       | Lahiri         |          2003 |             32 |   291 |
|       2 | Norse Mythology                                     | Neil         | Gaiman         |          2016 |             43 |   304 |
|       3 | American Gods                                       | Neil         | Gaiman         |          2001 |             12 |   465 |
|       4 | Interpreter of Maladies                             | Jhumpa       | Lahiri         |          1996 |             97 |   198 |
|       5 | A Hologram for the King: A Novel                    | Dave         | Eggers         |          2012 |            154 |   352 |
|       6 | The Circle                                          | Dave         | Eggers         |          2013 |             26 |   504 |
|       7 | The Amazing Adventures of Kavalier & Clay           | Michael      | Chabon         |          2000 |             68 |   634 |
|       8 | Just Kids                                           | Patti        | Smith          |          2010 |             55 |   304 |
|       9 | A Heartbreaking Work of Staggering Genius           | Dave         | Eggers         |          2001 |            104 |   437 |
|      10 | Coraline                                            | Neil         | Gaiman         |          2003 |            100 |   208 |
|      11 | What We Talk About When We Talk About Love: Stories | Raymond      | Carver         |          1981 |             23 |   176 |
|      12 | Where I'm Calling From: Selected Stories            | Raymond      | Carver         |          1989 |             12 |   526 |
|      13 | White Noise                                         | Don          | DeLillo        |          1985 |             49 |   320 |
|      14 | Cannery Row                                         | John         | Steinbeck      |          1945 |             95 |   181 |
|      15 | Oblivion: Stories                                   | David        | Foster Wallace |          2004 |            172 |   329 |
|      16 | Consider the Lobster                                | David        | Foster Wallace |          2005 |             92 |   343 |
|      17 | 10% Happier                                         | Dan          | Harris         |          2014 |             29 |   256 |
|      18 | fake_book                                           | Freida       | Harris         |          2001 |            287 |   428 |
|      19 | Lincoln In The Bardo                                | George       | Saunders       |          2017 |           1000 |   367 |
+---------+-----------------------------------------------------+--------------+----------------+---------------+----------------+-------+
19 rows in set (0.00 sec)

MariaDB [firsteg]> select max(pages),concat(author_lname,author_fname),title from books where pages=(select max(pages) from books);
+------------+-----------------------------------+-------------------------------------------+
| max(pages) | concat(author_lname,author_fname) | title                                     |
+------------+-----------------------------------+-------------------------------------------+
|        634 | ChabonMichael                     | The Amazing Adventures of Kavalier & Clay |
+------------+-----------------------------------+-------------------------------------------+
1 row in set (0.00 sec)

MariaDB [firsteg]> select sum(stock_quantity) from books;
+---------------------+
| sum(stock_quantity) |
+---------------------+
|                2450 |
+---------------------+
1 row in set (0.00 sec)

MariaDB [firsteg]> select avg(pages),count(title),released_year from books;
+------------+--------------+---------------+
| avg(pages) | count(title) | released_year |
+------------+--------------+---------------+
|   348.5789 |           19 |          2003 |
+------------+--------------+---------------+
1 row in set (0.00 sec)

MariaDB [firsteg]> select avg(pages),count(title),released_year from books group by released_year;
+------------+--------------+---------------+
| avg(pages) | count(title) | released_year |
+------------+--------------+---------------+
|   181.0000 |            1 |          1945 |
|   176.0000 |            1 |          1981 |
|   320.0000 |            1 |          1985 |
|   526.0000 |            1 |          1989 |
|   198.0000 |            1 |          1996 |
|   634.0000 |            1 |          2000 |
|   443.3333 |            3 |          2001 |
|   249.5000 |            2 |          2003 |
|   329.0000 |            1 |          2004 |
|   343.0000 |            1 |          2005 |
|   304.0000 |            1 |          2010 |
|   352.0000 |            1 |          2012 |
|   504.0000 |            1 |          2013 |
|   256.0000 |            1 |          2014 |
|   304.0000 |            1 |          2016 |
|   367.0000 |            1 |          2017 |
+------------+--------------+---------------+
16 rows in set (0.00 sec)

MariaDB [firsteg]> select now;
ERROR 1054 (42S22): Unknown column 'now' in 'field list'
MariaDB [firsteg]> date now;
ERROR 1064 (42000): You have an error in your SQL syntax; check the manual that corresponds to your MariaDB server version for the right syntax to use near 'date now' at line 1
MariaDB [firsteg]> select
    -> now();
+---------------------+
| now()               |
+---------------------+
| 2019-05-30 16:13:06 |
+---------------------+
1 row in set (0.00 sec)

MariaDB [firsteg]>